Archive member included to satisfy reference by file (symbol)

/opt/devkitpro/libogc/lib/wii/libwiiuse.a(wpad.o)
                              main.o (WPAD_Init)
/opt/devkitpro/libogc/lib/wii/libwiiuse.a(motion_plus.o)
                              /opt/devkitpro/libogc/lib/wii/libwiiuse.a(wpad.o) (wiiuse_set_motion_plus)
/opt/devkitpro/libogc/lib/wii/libwiiuse.a(dynamics.o)
                              /opt/devkitpro/libogc/lib/wii/libwiiuse.a(wpad.o) (calculate_gforce)
/opt/devkitpro/libogc/lib/wii/libwiiuse.a(io.o)
                              /opt/devkitpro/libogc/lib/wii/libwiiuse.a(motion_plus.o) (wiiuse_disable_expansion)
/opt/devkitpro/libogc/lib/wii/libwiiuse.a(io_wii.o)
                              /opt/devkitpro/libogc/lib/wii/libwiiuse.a(wpad.o) (__wiiuse_sensorbar_enable)
/opt/devkitpro/libogc/lib/wii/libwiiuse.a(ir.o)
                              /opt/devkitpro/libogc/lib/wii/libwiiuse.a(motion_plus.o) (wiiuse_set_ir_mode)
/opt/devkitpro/libogc/lib/wii/libwiiuse.a(nunchuk.o)
                              /opt/devkitpro/libogc/lib/wii/libwiiuse.a(io.o) (nunchuk_handshake)
/opt/devkitpro/libogc/lib/wii/libwiiuse.a(wiiboard.o)
                              /opt/devkitpro/libogc/lib/wii/libwiiuse.a(io.o) (wii_board_handshake)
/opt/devkitpro/libogc/lib/wii/libwiiuse.a(wiiuse.o)
                              /opt/devkitpro/libogc/lib/wii/libwiiuse.a(wpad.o) (wiiuse_init)
/opt/devkitpro/libogc/lib/wii/libwiiuse.a(speaker.o)
                              /opt/devkitpro/libogc/lib/wii/libwiiuse.a(wpad.o) (wencdata)
/opt/devkitpro/libogc/lib/wii/libwiiuse.a(classic.o)
                              /opt/devkitpro/libogc/lib/wii/libwiiuse.a(io.o) (classic_ctrl_handshake)
/opt/devkitpro/libogc/lib/wii/libwiiuse.a(events.o)
                              /opt/devkitpro/libogc/lib/wii/libwiiuse.a(io_wii.o) (parse_event)
/opt/devkitpro/libogc/lib/wii/libwiiuse.a(guitar_hero_3.o)
                              /opt/devkitpro/libogc/lib/wii/libwiiuse.a(io.o) (guitar_hero_3_handshake)
/opt/devkitpro/libogc/lib/wii/libbte.a(bte.o)
                              /opt/devkitpro/libogc/lib/wii/libwiiuse.a(wpad.o) (BTE_Init)
/opt/devkitpro/libogc/lib/wii/libbte.a(hci.o)
                              /opt/devkitpro/libogc/lib/wii/libbte.a(bte.o) (hci_init)
/opt/devkitpro/libogc/lib/wii/libbte.a(l2cap.o)
                              /opt/devkitpro/libogc/lib/wii/libbte.a(bte.o) (l2cap_init)
/opt/devkitpro/libogc/lib/wii/libbte.a(btmemb.o)
                              /opt/devkitpro/libogc/lib/wii/libbte.a(bte.o) (btmemb_init)
/opt/devkitpro/libogc/lib/wii/libbte.a(btmemr.o)
                              /opt/devkitpro/libogc/lib/wii/libbte.a(hci.o) (btmemr_init)
/opt/devkitpro/libogc/lib/wii/libbte.a(btpbuf.o)
                              /opt/devkitpro/libogc/lib/wii/libbte.a(hci.o) (btpbuf_init)
/opt/devkitpro/libogc/lib/wii/libbte.a(physbusif.o)
                              /opt/devkitpro/libogc/lib/wii/libbte.a(bte.o) (physbusif_init)
/opt/devkitpro/libogc/lib/wii/libogc.a(console.o)
                              main.o (CON_Init)
/opt/devkitpro/libogc/lib/wii/libogc.a(lwp_queue.o)
                              /opt/devkitpro/libogc/lib/wii/libwiiuse.a(io_wii.o) (__lwp_queue_initialize)
/opt/devkitpro/libogc/lib/wii/libogc.a(lwp_threads.o)
                              /opt/devkitpro/libogc/lib/wii/libwiiuse.a(wpad.o) (_thread_dispatch_disable_level)
/opt/devkitpro/libogc/lib/wii/libogc.a(lwp.o)
                              /opt/devkitpro/libogc/lib/wii/libbte.a(bte.o) (LWP_InitQueue)
/opt/devkitpro/libogc/lib/wii/libogc.a(lwp_handler.o)
                              /opt/devkitpro/libogc/lib/wii/libogc.a(lwp_threads.o) (_cpu_context_save_fp)
/opt/devkitpro/libogc/lib/wii/libogc.a(lwp_stack.o)
                              /opt/devkitpro/libogc/lib/wii/libogc.a(lwp_threads.o) (__lwp_stack_allocate)
/opt/devkitpro/libogc/lib/wii/libogc.a(lwp_watchdog.o)
                              /opt/devkitpro/libogc/lib/wii/libogc.a(lwp_threads.o) (_wd_ticks_queue)
/opt/devkitpro/libogc/lib/wii/libogc.a(lwp_wkspace.o)
                              /opt/devkitpro/libogc/lib/wii/libwiiuse.a(motion_plus.o) (__wkspace_heap)
/opt/devkitpro/libogc/lib/wii/libogc.a(lwp_objmgr.o)
                              /opt/devkitpro/libogc/lib/wii/libogc.a(lwp.o) (__lwp_objmgr_initinfo)
/opt/devkitpro/libogc/lib/wii/libogc.a(lwp_heap.o)
                              /opt/devkitpro/libogc/lib/wii/libogc.a(lwp_wkspace.o) (__lwp_heap_init)
/opt/devkitpro/libogc/lib/wii/libogc.a(sys_state.o)
                              /opt/devkitpro/libogc/lib/wii/libogc.a(lwp_threads.o) (_sys_state_curr)
/opt/devkitpro/libogc/lib/wii/libogc.a(irq.o)
                              /opt/devkitpro/libogc/lib/wii/libwiiuse.a(io_wii.o) (IRQ_Disable)
/opt/devkitpro/libogc/lib/wii/libogc.a(video.o)
                              /opt/devkitpro/libogc/lib/wii/libogc.a(console.o) (VIDEO_GetCurrentFramebuffer)
/opt/devkitpro/libogc/lib/wii/libogc.a(system.o)
[...]
Memory Configuration

Name             Origin             Length             Attributes
*default*        0x00000000         0xffffffff

Linker script and memory map

                0x00003400                        . = 0x3400

.stub
 *(.stub)
                0x80004000                        . = 0x80004000

.init           0x80004000      0x194
 *crt0.o(*.init)
 .init          0x80004000      0x170 /opt/devkitpro/libogc/lib/wii/libogc.a(ogc_crt0.o)
                0x80004000                _start
                0x80004140                _memset
 *(.init)
 .init          0x80004170        0xc /opt/devkitpro/devkitPPC/bin/../lib/gcc/powerpc-eabi/13.2.0/ecrti.o
                0x80004170                __init
 .init          0x8000417c        0x4 /opt/devkitpro/devkitPPC/bin/../lib/gcc/powerpc-eabi/13.2.0/crtbegin.o
 .init          0x80004180        0x4 /opt/devkitpro/devkitPPC/bin/../lib/gcc/powerpc-eabi/13.2.0/crtend.o
 .init          0x80004184       0x10 /opt/devkitpro/devkitPPC/bin/../lib/gcc/powerpc-eabi/13.2.0/ecrtn.o

.rela.dyn       0x80004194        0x0
 .rela.iplt     0x80004194        0x0 /opt/devkitpro/devkitPPC/bin/../lib/gcc/powerpc-eabi/13.2.0/crtbegin.o

.plt
 *(.plt)

.interp
 *(.interp)

.hash
 *(.hash)

.dynsym
 *(.dynsym)

.dynstr
 *(.dynstr)

.gnu.version
 *(.gnu.version)

.gnu.version_d
 *(.gnu.version_d)

.gnu.version_r
 *(.gnu.version_r)

.rel.init
 *(.rel.init)

.rela.init
 *(.rela.init)

.rel.text
 *(.rel.text .rel.text.* .rel.gnu.linkonce.t.*)

.rela.text      0x80004194        0x0
 *(.rela.text .rela.text.* .rela.gnu.linkonce.t.*)
 .rela.text.__do_global_dtors_aux
                0x80004194        0x0 /opt/devkitpro/devkitPPC/bin/../lib/gcc/powerpc-eabi/13.2.0/crtbegin.o
 .rela.text.frame_dummy
                0x80004194        0x0 /opt/devkitpro/devkitPPC/bin/../lib/gcc/powerpc-eabi/13.2.0/crtbegin.o

.rel.fini
 *(.rel.fini)

.rela.fini
 *(.rela.fini)

.rel.rodata
 *(.rel.rodata .rel.rodata.* .rel.gnu.linkonce.r.*)

.rela.rodata
 *(.rela.rodata .rela.rodata.* .rela.gnu.linkonce.r.*)

.rel.data
 *(.rel.data .rel.data.* .rel.gnu.linkonce.d.*)

.rela.data
 *(.rela.data .rela.data.* .rela.gnu.linkonce.d.*)

.rel.tdata
 *(.rel.tdata .rel.tdata.* .rel.gnu.linkonce.td.*)

.rela.tdata
 *(.rela.tdata .rela.tdata.* .rela.gnu.linkonce.td.*)

.rel.tbss
 *(.rel.tbss .rel.tbss.* .rel.gnu.linkonce.tb.*)

.rela.tbss
 *(.rela.tbss .rela.tbss.* .rela.gnu.linkonce.tb.*)

.rel.ctors
 *(.rel.ctors)

.rela.ctors
 *(.rela.ctors)

.rel.dtors
 *(.rel.dtors)

.rela.dtors
 *(.rela.dtors)

.rel.got
 *(.rel.got)

.rela.got
 *(.rela.got)

.rela.got1
 *(.rela.got1)

.rela.got2
 *(.rela.got2)

.rel.sdata
 *(.rel.sdata .rel.sdata.* .rel.gnu.linkonce.s.*)

.rela.sdata
 *(.rela.sdata .rela.sdata.* .rela.gnu.linkonce.s.*)

.rel.sbss
 *(.rel.sbss .rel.sbss.* .rel.gnu.linkonce.sb.*)

.rela.sbss
 *(.rela.sbss .rela.sbss.* .rel.gnu.linkonce.sb.*)

.rel.sdata2
 *(.rel.sdata2 .rel.sdata2.* .rel.gnu.linkonce.s2.*)

.rela.sdata2
 *(.rela.sdata2 .rela.sdata2.* .rela.gnu.linkonce.s2.*)

.rel.sbss2
 *(.rel.sbss2 .rel.sbss2.* .rel.gnu.linkonce.sb2.*)

.rela.sbss2
 *(.rela.sbss2 .rela.sbss2.* .rela.gnu.linkonce.sb2.*)

.rel.bss
 *(.rel.bss .rel.bss.* .rel.gnu.linkonce.b.*)

.rela.bss
 *(.rela.bss .rela.bss.* .rela.gnu.linkonce.b.*)

.rel.plt
 *(.rel.plt)

.rela.plt
 *(.rela.plt)

.text           0x800041a0    0x39520
 *(.text)
 .text          0x800041a0      0x44c /opt/devkitpro/libogc/lib/wii/libogc.a(lwp_handler.o)
                0x800041a0                _cpu_context_save_fp
                0x800042e0                _cpu_context_restore_fp
                0x80004420                _cpu_context_switch
                0x80004500                _cpu_context_save
                0x80004580                _cpu_context_restore
 .text          0x800045ec      0x4a0 /opt/devkitpro/libogc/lib/wii/libogc.a(system_asm.o)
                0x800045ec                __realmode
                0x80004604                __configBATS
                0x80004734                __InitFPRS
                0x80004860                __InitPS
                0x800048bc                __InitCache
                0x80004914                __InitSystem
                0x8000499c                __flush_cache
                0x800049d0                __reset
                0x80004a40                __InitBATS
                0x80004a5c                SYS_SwitchFiber
 .text          0x80004a8c      0x1ac /opt/devkitpro/libogc/lib/wii/libogc.a(irq_handler.o)
                0x80004a8c                irq_exceptionhandler
 .text          0x80004c38      0x4f4 /opt/devkitpro/libogc/lib/wii/libogc.a(cache_asm.o)
                0x80004c38                DCFlashInvalidate
                0x80004c4c                DCEnable
                0x80004c60                DCDisable
                0x80004c74                DCFreeze
                0x80004c88                DCUnfreeze
                0x80004c9c                DCTouchLoad
                0x80004ca4                DCBlockZero
                0x80004cac                DCBlockStore
                0x80004cb4                DCBlockFlush
                0x80004cbc                DCBlockInvalidate
                0x80004cc4                DCInvalidateRange
                0x80004cf4                DCFlushRange
                0x80004d28                DCStoreRange
                0x80004d5c                DCFlushRangeNoSync
                0x80004d8c                DCStoreRangeNoSync
                0x80004dbc                DCZeroRange
                0x80004dec                DCTouchRange
                0x80004e1c                ICInvalidateRange
                0x80004e54                ICFlashInvalidate
                0x80004e68                ICEnable
                0x80004e7c                ICDisable
                0x80004e90                ICFreeze
                0x80004ea4                ICUnfreeze
                0x80004eb8                ICBlockInvalidate
                0x80004ec0                ICSync
                0x80004ec8                L2Init
                0x80004f10                L2Enable
                0x80004f2c                L2Disable
                0x80004f44                L2GlobalInvalidate
                0x80004f9c                __LCEnable
                0x80005068                LCDisable
                0x80005090                LCAllocOneTag
                0x800050a4                LCAllocTags
                0x800050e4                LCLoadBlocks
                0x80005108                LCStoreBlocks
 .text          0x8000512c      0x1ac /opt/devkitpro/libogc/lib/wii/libogc.a(decrementer_handler.o)
                0x8000512c                dec_exceptionhandler
 .text          0x800052d8      0x35c /opt/devkitpro/libogc/lib/wii/libogc.a(exception_handler.o)
                0x800052d8                exceptionhandler_start
                0x80005354                exceptionhandler_patch
                0x80005388                exceptionhandler_end
                0x8000538c                default_exceptionhandler
                0x800054bc                fpu_exceptionhandler
                0x80005604                systemcallhandler_start
                0x80005630                systemcallhandler_end
 .text          0x80005634       0x48 /opt/devkitpro/devkitPPC/bin/../lib/gcc/powerpc-eabi/13.2.0/libgcc.a(eabi.o)
                0x80005634                __eabi
 .text          0x8000567c       0x58 /opt/devkitpro/devkitPPC/bin/../lib/gcc/powerpc-eabi/13.2.0/libgcc.a(crtresxfpr.o)
                0x8000567c                _restfpr_14_x
                0x80005680                _restfpr_15_x
                0x80005684                _restfpr_16_x
                0x80005688                _restfpr_17_x
                0x8000568c                _restfpr_18_x
                0x80005690                _restfpr_19_x
                0x80005694                _restfpr_20_x
                0x80005698                _restfpr_21_x
                0x8000569c                _restfpr_22_x
                0x800056a0                _restfpr_23_x
                0x800056a4                _restfpr_24_x
                0x800056a8                _restfpr_25_x
                0x800056ac                _restfpr_26_x
                0x800056b0                _restfpr_27_x
                0x800056b4                _restfpr_28_x
                0x800056b8                _restfpr_29_x
                0x800056bc                _restfpr_30_x
                0x800056c0                _restfpr_31_x
 .text          0x800056d4       0x58 /opt/devkitpro/devkitPPC/bin/../lib/gcc/powerpc-eabi/13.2.0/libgcc.a(crtresxgpr.o)
                0x800056d4                _restgpr_14_x
                0x800056d8                _restgpr_15_x
                0x800056dc                _restgpr_16_x
                0x800056e0                _restgpr_17_x
                0x800056e4                _restgpr_18_x
                0x800056e8                _restgpr_19_x
                0x800056ec                _restgpr_20_x
                0x800056f0                _restgpr_21_x
                0x800056f4                _restgpr_22_x
                0x800056f8                _restgpr_23_x
                0x800056fc                _restgpr_24_x
                0x80005700                _restgpr_25_x
                0x80005704                _restgpr_26_x
                0x80005708                _restgpr_27_x
                0x8000570c                _restgpr_28_x
                0x80005710                _restgpr_29_x
                0x80005714                _restgpr_30_x
                0x80005718                _restgpr_31_x
 *(.text.*)
 .text.__do_global_dtors_aux
                0x8000572c       0xcc /opt/devkitpro/devkitPPC/bin/../lib/gcc/powerpc-eabi/13.2.0/crtbegin.o
 .text.frame_dummy
                0x800057f8       0x24 /opt/devkitpro/devkitPPC/bin/../lib/gcc/powerpc-eabi/13.2.0/crtbegin.o
 .text.__crtmain
                0x8000581c       0x44 /opt/devkitpro/devkitPPC/bin/../lib/gcc/powerpc-eabi/13.2.0/../../../../powerpc-eabi/lib/crtmain.o
                0x80005820                __crtmain
 .text.startup.main
                0x80005860      0x118 main.o
                0x80005860                main
 .text.__wpad_assign_slot
                0x80005978      0x254 /opt/devkitpro/libogc/lib/wii/libwiiuse.a(wpad.o)
                0x80005978                __wpad_assign_slot
 .text.__wpad_def_powcb
                0x80005bcc        0x4 /opt/devkitpro/libogc/lib/wii/libwiiuse.a(wpad.o)
 .text.__readlinkkey_finished
                0x80005bd0       0x34 /opt/devkitpro/libogc/lib/wii/libwiiuse.a(wpad.o)
 .text.__wpad_patch_finished
                0x80005c04       0x2c /opt/devkitpro/libogc/lib/wii/libwiiuse.a(wpad.o)
 .text.__wpad_setfmt
                0x80005c30      0x14c /opt/devkitpro/libogc/lib/wii/libwiiuse.a(wpad.o)
 .text.__wpad_eventCB
                0x80005d7c      0xad4 /opt/devkitpro/libogc/lib/wii/libwiiuse.a(wpad.o)
 .text.__wpad_disconnectCB
                0x80006850       0xd4 /opt/devkitpro/libogc/lib/wii/libwiiuse.a(wpad.o)
                0x80006850                __wpad_disconnectCB
 .text.__wpad_timeouthandler
                0x80006924       0xa8 /opt/devkitpro/libogc/lib/wii/libwiiuse.a(wpad.o)
 .text.__initcore_finished
                0x800069cc       0x48 /opt/devkitpro/libogc/lib/wii/libwiiuse.a(wpad.o)
 .text.__wpad_init_finished
                0x80006a14      0x194 /opt/devkitpro/libogc/lib/wii/libwiiuse.a(wpad.o)
 .text.WPAD_ReadEvent
                0x80006ba8      0x68c /opt/devkitpro/libogc/lib/wii/libwiiuse.a(wpad.o)
                0x80006ba8                WPAD_ReadEvent
 .text.WPAD_ReadPending
                0x80007234      0x1a0 /opt/devkitpro/libogc/lib/wii/libwiiuse.a(wpad.o)
                0x80007234                WPAD_ReadPending
 .text.WPAD_Shutdown
                0x800073d4      0x114 /opt/devkitpro/libogc/lib/wii/libwiiuse.a(wpad.o)
                0x800073d4                WPAD_Shutdown
 .text.WPAD_Init
                0x800074e8      0x2c4 /opt/devkitpro/libogc/lib/wii/libwiiuse.a(wpad.o)
                0x800074e8                WPAD_Init
 .text.__wpad_onreset
                0x800077ac       0x34 /opt/devkitpro/libogc/lib/wii/libwiiuse.a(wpad.o)
 .text.WPAD_ScanPads
                0x800077e0       0x90 /opt/devkitpro/libogc/lib/wii/libwiiuse.a(wpad.o)
                0x800077e0                WPAD_ScanPads
 .text.WPAD_ButtonsDown
                0x80007870       0x28 /opt/devkitpro/libogc/lib/wii/libwiiuse.a(wpad.o)
                0x80007870                WPAD_ButtonsDown
 .text.motion_plus_disconnected
                0x80007898       0x10 /opt/devkitpro/libogc/lib/wii/libwiiuse.a(motion_plus.o)
                0x80007898                motion_plus_disconnected
 .text.motion_plus_event
                0x800078a8       0x64 /opt/devkitpro/libogc/lib/wii/libwiiuse.a(motion_plus.o)
                0x800078a8                motion_plus_event
 .text.calculate_gforce
                0x8000790c      0x114 /opt/devkitpro/libogc/lib/wii/libwiiuse.a(dynamics.o)
                0x8000790c                calculate_gforce
 .text.calc_joystick_state
                0x80007a20      0x210 /opt/devkitpro/libogc/lib/wii/libwiiuse.a(dynamics.o)
                0x80007a20                calc_joystick_state
 .text.apply_smoothing
                0x80007c30      0x140 /opt/devkitpro/libogc/lib/wii/libwiiuse.a(dynamics.o)
                0x80007c30                apply_smoothing
 .text.calculate_orientation
                0x80007d70      0x340 /opt/devkitpro/libogc/lib/wii/libwiiuse.a(dynamics.o)
                0x80007d70                calculate_orientation
 .text.calc_balanceboard_state
                0x800080b0      0x3a4 /opt/devkitpro/libogc/lib/wii/libwiiuse.a(dynamics.o)
                0x800080b0                calc_balanceboard_state
 .text.wiiuse_handshake
                0x80008454      0x27c /opt/devkitpro/libogc/lib/wii/libwiiuse.a(io.o)
                0x80008454                wiiuse_handshake
 .text.wiiuse_handshake_expansion
                0x800086d0      0x1f0 /opt/devkitpro/libogc/lib/wii/libwiiuse.a(io.o)
                0x800086d0                wiiuse_handshake_expansion
 .text.wiiuse_handshake_expansion_start
                0x800088c0       0x5c /opt/devkitpro/libogc/lib/wii/libwiiuse.a(io.o)
                0x800088c0                wiiuse_handshake_expansion_start
 .text.wiiuse_disable_expansion
                0x8000891c      0x1b0 /opt/devkitpro/libogc/lib/wii/libwiiuse.a(io.o)
                0x8000891c                wiiuse_disable_expansion
 .text.__wiiuse_connected
                0x80008acc       0x9c /opt/devkitpro/libogc/lib/wii/libwiiuse.a(io_wii.o)
 .text.__wiiuse_disconnected
                0x80008b68       0xb4 /opt/devkitpro/libogc/lib/wii/libwiiuse.a(io_wii.o)
 .text.__wiiuse_receive
                0x80008c1c       0xd0 /opt/devkitpro/libogc/lib/wii/libwiiuse.a(io_wii.o)
 .text.__wiiuse_sensorbar_enable
                0x80008cec       0x54 /opt/devkitpro/libogc/lib/wii/libwiiuse.a(io_wii.o)
                0x80008cec                __wiiuse_sensorbar_enable
 .text.wiiuse_register
                0x80008d40       0xf0 /opt/devkitpro/libogc/lib/wii/libwiiuse.a(io_wii.o)
                0x80008d40                wiiuse_register
 .text.wiiuse_disconnect
                0x80008e30       0x24 /opt/devkitpro/libogc/lib/wii/libwiiuse.a(io_wii.o)
                0x80008e30                wiiuse_disconnect
 .text.wiiuse_init_cmd_queue
                0x80008e54       0x9c /opt/devkitpro/libogc/lib/wii/libwiiuse.a(io_wii.o)
                0x80008e54                wiiuse_init_cmd_queue
 .text.wiiuse_io_write
                0x80008ef0       0x1c /opt/devkitpro/libogc/lib/wii/libwiiuse.a(io_wii.o)
                0x80008ef0                wiiuse_io_write
 .text.rotate_dots
                0x80008f0c      0x13c /opt/devkitpro/libogc/lib/wii/libwiiuse.a(ir.o)
 .text.get_ir_sens.constprop.0.isra.0
                0x80009048       0xdc /opt/devkitpro/libogc/lib/wii/libwiiuse.a(ir.o)
 .text.wiiuse_set_ir_mode
                0x80009124       0x5c /opt/devkitpro/libogc/lib/wii/libwiiuse.a(ir.o)
                0x80009124                wiiuse_set_ir_mode
 .text.wiiuse_set_ir
                0x80009180      0x204 /opt/devkitpro/libogc/lib/wii/libwiiuse.a(ir.o)
                0x80009180                wiiuse_set_ir
 .text.wiiuse_set_ir_position
                0x80009384       0x80 /opt/devkitpro/libogc/lib/wii/libwiiuse.a(ir.o)
                0x80009384                wiiuse_set_ir_position
 .text.wiiuse_set_aspect_ratio
                0x80009404       0xac /opt/devkitpro/libogc/lib/wii/libwiiuse.a(ir.o)
                0x80009404                wiiuse_set_aspect_ratio
 .text.wiiuse_set_ir_sensitivity
                0x800094b0       0xe4 /opt/devkitpro/libogc/lib/wii/libwiiuse.a(ir.o)
                0x800094b0                wiiuse_set_ir_sensitivity
 .text.calculate_basic_ir
                0x80009594       0xe8 /opt/devkitpro/libogc/lib/wii/libwiiuse.a(ir.o)
                0x80009594                calculate_basic_ir
 .text.calculate_extended_ir
                0x8000967c       0x64 /opt/devkitpro/libogc/lib/wii/libwiiuse.a(ir.o)
                0x8000967c                calculate_extended_ir
 .text.find_sensorbar
                0x800096e0      0xa00 /opt/devkitpro/libogc/lib/wii/libwiiuse.a(ir.o)
                0x800096e0                find_sensorbar
 .text.apply_ir_smoothing
                0x8000a0e0      0x124 /opt/devkitpro/libogc/lib/wii/libwiiuse.a(ir.o)
                0x8000a0e0                apply_ir_smoothing
 .text.interpret_ir_data
                0x8000a204      0x3c8 /opt/devkitpro/libogc/lib/wii/libwiiuse.a(ir.o)
                0x8000a204                interpret_ir_data
 .text.nunchuk_handshake
                0x8000a5cc      0x31c /opt/devkitpro/libogc/lib/wii/libwiiuse.a(nunchuk.o)
                0x8000a5cc                nunchuk_handshake
 .text.nunchuk_disconnected
                0x8000a8e8        0xc /opt/devkitpro/libogc/lib/wii/libwiiuse.a(nunchuk.o)
                0x8000a8e8                nunchuk_disconnected
 .text.nunchuk_event
                0x8000a8f4       0xe8 /opt/devkitpro/libogc/lib/wii/libwiiuse.a(nunchuk.o)
                0x8000a8f4                nunchuk_event
 .text.wii_board_handshake
                0x8000a9dc      0x284 /opt/devkitpro/libogc/lib/wii/libwiiuse.a(wiiboard.o)
                0x8000a9dc                wii_board_handshake
 .text.wii_board_disconnected
                0x8000ac60        0xc /opt/devkitpro/libogc/lib/wii/libwiiuse.a(wiiboard.o)
                0x8000ac60                wii_board_disconnected
 .text.wii_board_event
                0x8000ac6c       0x24 /opt/devkitpro/libogc/lib/wii/libwiiuse.a(wiiboard.o)
                0x8000ac6c                wii_board_event
 .text.wiiuse_send_next_command
                0x8000ac90       0x58 /opt/devkitpro/libogc/lib/wii/libwiiuse.a(wiiuse.o)
                0x8000ac90                wiiuse_send_next_command
 .text.wiiuse_init
                0x8000ace8      0x208 /opt/devkitpro/libogc/lib/wii/libwiiuse.a(wiiuse.o)
                0x8000ace8                wiiuse_init
 .text.wiiuse_set_flags
                0x8000aef0       0x28 /opt/devkitpro/libogc/lib/wii/libwiiuse.a(wiiuse.o)
                0x8000aef0                wiiuse_set_flags
 .text.wiiuse_read_data
                0x8000af18      0x154 /opt/devkitpro/libogc/lib/wii/libwiiuse.a(wiiuse.o)
                0x8000af18                wiiuse_read_data
 .text.wiiuse_write_data
                0x8000b06c      0x18c /opt/devkitpro/libogc/lib/wii/libwiiuse.a(wiiuse.o)
                0x8000b06c                wiiuse_write_data
 .text.wiiuse_sendcmd
                0x8000b1f8      0x144 /opt/devkitpro/libogc/lib/wii/libwiiuse.a(wiiuse.o)
                0x8000b1f8                wiiuse_sendcmd
 .text.wiiuse_set_leds
                0x8000b33c       0x50 /opt/devkitpro/libogc/lib/wii/libwiiuse.a(wiiuse.o)
                0x8000b33c                wiiuse_set_leds
 .text.wiiuse_set_report_type
                0x8000b38c       0xb0 /opt/devkitpro/libogc/lib/wii/libwiiuse.a(wiiuse.o)
                0x8000b38c                wiiuse_set_report_type
 .text.wiiuse_status
                0x8000b43c       0x4c /opt/devkitpro/libogc/lib/wii/libwiiuse.a(wiiuse.o)
                0x8000b43c                wiiuse_status
 .text.wiiuse_motion_sensing
                0x8000b488       0x84 /opt/devkitpro/libogc/lib/wii/libwiiuse.a(wiiuse.o)
                0x8000b488                wiiuse_motion_sensing
 .text.wiiuse_set_speaker
                0x8000b50c      0x24c /opt/devkitpro/libogc/lib/wii/libwiiuse.a(speaker.o)
                0x8000b50c                wiiuse_set_speaker
 .text.classic_ctrl_handshake
                0x8000b758      0x410 /opt/devkitpro/libogc/lib/wii/libwiiuse.a(classic.o)
                0x8000b758                classic_ctrl_handshake
 .text.classic_ctrl_disconnected
                0x8000bb68        0xc /opt/devkitpro/libogc/lib/wii/libwiiuse.a(classic.o)
                0x8000bb68                classic_ctrl_disconnected
 .text.classic_ctrl_event
                0x8000bb74      0x15c /opt/devkitpro/libogc/lib/wii/libwiiuse.a(classic.o)
                0x8000bb74                classic_ctrl_event
 .text.handle_expansion
                0x8000bcd0       0x54 /opt/devkitpro/libogc/lib/wii/libwiiuse.a(events.o)
 .text.parse_event
                0x8000bd24      0x730 /opt/devkitpro/libogc/lib/wii/libwiiuse.a(events.o)
                0x8000bd24                parse_event
 .text.guitar_hero_3_handshake
                0x8000c454       0x5c /opt/devkitpro/libogc/lib/wii/libwiiuse.a(guitar_hero_3.o)
                0x8000c454                guitar_hero_3_handshake
 .text.guitar_hero_3_disconnected
                0x8000c4b0        0xc /opt/devkitpro/libogc/lib/wii/libwiiuse.a(guitar_hero_3.o)
                0x8000c4b0                guitar_hero_3_disconnected
 .text.guitar_hero_3_event
                0x8000c4bc       0x60 /opt/devkitpro/libogc/lib/wii/libwiiuse.a(guitar_hero_3.o)
                0x8000c4bc                guitar_hero_3_event
 .text.acl_wlp_completed
                0x8000c51c        0x8 /opt/devkitpro/libogc/lib/wii/libbte.a(bte.o)
                0x8000c51c                acl_wlp_completed
 .text.bt_alarmhandler
                0x8000c524       0x58 /opt/devkitpro/libogc/lib/wii/libbte.a(bte.o)
 .text.__bte_send_pending_request
                0x8000c57c      0x108 /opt/devkitpro/libogc/lib/wii/libbte.a(bte.o)
 .text.acl_conn_complete
                0x8000c684       0x2c /opt/devkitpro/libogc/lib/wii/libbte.a(bte.o)
                0x8000c684                acl_conn_complete
 .text.l2cap_accepted
                0x8000c6b0      0x134 /opt/devkitpro/libogc/lib/wii/libbte.a(bte.o)
                0x8000c6b0                l2cap_accepted
 .text.l2cap_disconnect_cfm
                0x8000c7e4      0x19c /opt/devkitpro/libogc/lib/wii/libbte.a(bte.o)
                0x8000c7e4                l2cap_disconnect_cfm
 .text.bte_process_input
                0x8000c980      0x128 /opt/devkitpro/libogc/lib/wii/libbte.a(bte.o)
 .text.l2cap_disconnected_ind
                0x8000caa8      0x1a4 /opt/devkitpro/libogc/lib/wii/libbte.a(bte.o)
                0x8000caa8                l2cap_disconnected_ind
 .text.__bte_shutdown_finished
                0x8000cc4c       0xe0 /opt/devkitpro/libogc/lib/wii/libbte.a(bte.o)
 .text.bte_hci_apply_patch_complete
                0x8000cd2c      0x164 /opt/devkitpro/libogc/lib/wii/libbte.a(bte.o)
                0x8000cd2c                bte_hci_apply_patch_complete
 .text.bte_hci_patch_complete
                0x8000ce90      0x380 /opt/devkitpro/libogc/lib/wii/libbte.a(bte.o)
                0x8000ce90                bte_hci_patch_complete
 .text.bte_hci_initcore_complete
                0x8000d210      0x280 /opt/devkitpro/libogc/lib/wii/libbte.a(bte.o)
                0x8000d210                bte_hci_initcore_complete
 .text.bte_read_stored_link_key_complete
                0x8000d490      0x27c /opt/devkitpro/libogc/lib/wii/libbte.a(bte.o)
                0x8000d490                bte_read_stored_link_key_complete
 .text.bte_hci_initcore_complete2
                0x8000d70c      0x22c /opt/devkitpro/libogc/lib/wii/libbte.a(bte.o)
 .text.bte_hci_initsub_complete
                0x8000d938      0x280 /opt/devkitpro/libogc/lib/wii/libbte.a(bte.o)
                0x8000d938                bte_hci_initsub_complete
 .text.BTE_Init
                0x8000dbb8      0x138 /opt/devkitpro/libogc/lib/wii/libbte.a(bte.o)
                0x8000dbb8                BTE_Init
 .text.BTE_Shutdown
                0x8000dcf0      0x100 /opt/devkitpro/libogc/lib/wii/libbte.a(bte.o)
                0x8000dcf0                BTE_Shutdown
 .text.BTE_InitCore
                0x8000ddf0       0x8c /opt/devkitpro/libogc/lib/wii/libbte.a(bte.o)
                0x8000ddf0                BTE_InitCore
 .text.BTE_ApplyPatch
                0x8000de7c       0xa4 /opt/devkitpro/libogc/lib/wii/libbte.a(bte.o)
                0x8000de7c                BTE_ApplyPatch
 .text.BTE_InitSub
                0x8000df20       0x90 /opt/devkitpro/libogc/lib/wii/libbte.a(bte.o)
                0x8000df20                BTE_InitSub
 .text.BTE_ReadStoredLinkKey
                0x8000dfb0       0x90 /opt/devkitpro/libogc/lib/wii/libbte.a(bte.o)
                0x8000dfb0                BTE_ReadStoredLinkKey
 .text.BTE_SetDisconnectCallback
                0x8000e040        0x4 /opt/devkitpro/libogc/lib/wii/libbte.a(bte.o)
                0x8000e040                BTE_SetDisconnectCallback
 .text.bte_new  0x8000e044       0x54 /opt/devkitpro/libogc/lib/wii/libbte.a(bte.o)
                0x8000e044                bte_new
 .text.bte_registerdeviceasync
                0x8000e098      0x158 /opt/devkitpro/libogc/lib/wii/libbte.a(bte.o)
                0x8000e098                bte_registerdeviceasync
 .text.bte_disconnect
                0x8000e1f0       0xd8 /opt/devkitpro/libogc/lib/wii/libbte.a(bte.o)
                0x8000e1f0                bte_disconnect
 .text.bte_senddata
                0x8000e2c8      0x104 /opt/devkitpro/libogc/lib/wii/libbte.a(bte.o)
                0x8000e2c8                bte_senddata
 .text.bte_arg  0x8000e3cc       0x38 /opt/devkitpro/libogc/lib/wii/libbte.a(bte.o)
                0x8000e3cc                bte_arg
 .text.bte_received
                0x8000e404       0x38 /opt/devkitpro/libogc/lib/wii/libbte.a(bte.o)
                0x8000e404                bte_received
 .text.bte_disconnected
                0x8000e43c       0x38 /opt/devkitpro/libogc/lib/wii/libbte.a(bte.o)
                0x8000e43c                bte_disconnected
 .text.hci_get_link
                0x8000e474       0x84 /opt/devkitpro/libogc/lib/wii/libbte.a(hci.o)
 .text.hci_init
                0x8000e4f8       0x80 /opt/devkitpro/libogc/lib/wii/libbte.a(hci.o)
                0x8000e4f8                hci_init
 .text.hci_close
                0x8000e578       0xd0 /opt/devkitpro/libogc/lib/wii/libbte.a(hci.o)
                0x8000e578                hci_close
 .text.hci_reset_all
                0x8000e648       0xb8 /opt/devkitpro/libogc/lib/wii/libbte.a(hci.o)
                0x8000e648                hci_reset_all
 .text.hci_arg  0x8000e700        0xc /opt/devkitpro/libogc/lib/wii/libbte.a(hci.o)
                0x8000e700                hci_arg
 .text.hci_cmd_complete
                0x8000e70c        0xc /opt/devkitpro/libogc/lib/wii/libbte.a(hci.o)
                0x8000e70c                hci_cmd_complete
 .text.hci_connection_complete
                0x8000e718        0xc /opt/devkitpro/libogc/lib/wii/libbte.a(hci.o)
                0x8000e718                hci_connection_complete
 .text.hci_wlp_complete
                0x8000e724        0xc /opt/devkitpro/libogc/lib/wii/libbte.a(hci.o)
                0x8000e724                hci_wlp_complete
 .text.hci_reset
                0x8000e730       0xac /opt/devkitpro/libogc/lib/wii/libbte.a(hci.o)
                0x8000e730                hci_reset
 .text.hci_read_buffer_size
                0x8000e7dc       0xac /opt/devkitpro/libogc/lib/wii/libbte.a(hci.o)
                0x8000e7dc                hci_read_buffer_size
 .text.hci_read_bd_addr
                0x8000e888       0xac /opt/devkitpro/libogc/lib/wii/libbte.a(hci.o)
                0x8000e888                hci_read_bd_addr
 .text.hci_read_local_version
                0x8000e934       0xa8 /opt/devkitpro/libogc/lib/wii/libbte.a(hci.o)
                0x8000e934                hci_read_local_version
 .text.hci_read_local_features
                0x8000e9dc       0xac /opt/devkitpro/libogc/lib/wii/libbte.a(hci.o)
                0x8000e9dc                hci_read_local_features
 .text.hci_read_stored_link_key
                0x8000ea88      0x100 /opt/devkitpro/libogc/lib/wii/libbte.a(hci.o)
                0x8000ea88                hci_read_stored_link_key
 .text.hci_write_page_timeout
                0x8000eb88       0xd0 /opt/devkitpro/libogc/lib/wii/libbte.a(hci.o)
                0x8000eb88                hci_write_page_timeout
 .text.hci_write_scan_enable
                0x8000ec58       0xbc /opt/devkitpro/libogc/lib/wii/libbte.a(hci.o)
                0x8000ec58                hci_write_scan_enable
 .text.hci_accecpt_conn_request
                0x8000ed14       0xe0 /opt/devkitpro/libogc/lib/wii/libbte.a(hci.o)
                0x8000ed14                hci_accecpt_conn_request
 .text.hci_write_local_name
                0x8000edf4       0xd8 /opt/devkitpro/libogc/lib/wii/libbte.a(hci.o)
                0x8000edf4                hci_write_local_name
 .text.hci_write_pin_type
                0x8000eecc       0xbc /opt/devkitpro/libogc/lib/wii/libbte.a(hci.o)
                0x8000eecc                hci_write_pin_type
 .text.hci_write_inquiry_mode
                0x8000ef88       0xbc /opt/devkitpro/libogc/lib/wii/libbte.a(hci.o)
                0x8000ef88                hci_write_inquiry_mode
 .text.hci_write_page_scan_type
                0x8000f044       0xbc /opt/devkitpro/libogc/lib/wii/libbte.a(hci.o)
                0x8000f044                hci_write_page_scan_type
 .text.hci_write_inquiry_scan_type
                0x8000f100       0xbc /opt/devkitpro/libogc/lib/wii/libbte.a(hci.o)
                0x8000f100                hci_write_inquiry_scan_type
 .text.hci_vendor_specific_command
                0x8000f1bc       0xe8 /opt/devkitpro/libogc/lib/wii/libbte.a(hci.o)
                0x8000f1bc                hci_vendor_specific_command
 .text.hci_write_link_policy_settings
                0x8000f2a4      0x104 /opt/devkitpro/libogc/lib/wii/libbte.a(hci.o)
                0x8000f2a4                hci_write_link_policy_settings
 .text.hci_pin_code_request_neg_reply
                0x8000f3a8       0xcc /opt/devkitpro/libogc/lib/wii/libbte.a(hci.o)
                0x8000f3a8                hci_pin_code_request_neg_reply
 .text.hci_link_key_req_neg_reply
                0x8000f474       0xcc /opt/devkitpro/libogc/lib/wii/libbte.a(hci.o)
                0x8000f474                hci_link_key_req_neg_reply
 .text.hci_disconnect
                0x8000f540       0xfc /opt/devkitpro/libogc/lib/wii/libbte.a(hci.o)
                0x8000f540                hci_disconnect
 .text.hci_write_cod
                0x8000f63c       0xcc /opt/devkitpro/libogc/lib/wii/libbte.a(hci.o)
                0x8000f63c                hci_write_cod
 .text.hci_host_buffer_size
                0x8000f708      0x10c /opt/devkitpro/libogc/lib/wii/libbte.a(hci.o)
                0x8000f708                hci_host_buffer_size
 .text.hci_host_num_comp_packets
                0x8000f814      0x108 /opt/devkitpro/libogc/lib/wii/libbte.a(hci.o)
                0x8000f814                hci_host_num_comp_packets
 .text.lp_pdu_maxsize
                0x8000f91c        0xc /opt/devkitpro/libogc/lib/wii/libbte.a(hci.o)
                0x8000f91c                lp_pdu_maxsize
 .text.lp_acl_write
                0x8000f928      0x158 /opt/devkitpro/libogc/lib/wii/libbte.a(hci.o)
                0x8000f928                lp_acl_write
 .text.lp_write_flush_timeout
                0x8000fa80      0x104 /opt/devkitpro/libogc/lib/wii/libbte.a(hci.o)
                0x8000fa80                lp_write_flush_timeout
 .text.hci_event_handler
                0x8000fb84      0xc7c /opt/devkitpro/libogc/lib/wii/libbte.a(hci.o)
                0x8000fb84                hci_event_handler
 .text.hci_acldata_handler
                0x80010800      0x11c /opt/devkitpro/libogc/lib/wii/libbte.a(hci.o)
                0x80010800                hci_acldata_handler
 .text.l2cap_init
                0x8001091c       0x60 /opt/devkitpro/libogc/lib/wii/libbte.a(l2cap.o)
                0x8001091c                l2cap_init
 .text.l2cap_write
                0x8001097c      0x1a0 /opt/devkitpro/libogc/lib/wii/libbte.a(l2cap.o)
                0x8001097c                l2cap_write
 .text.l2cap_new
                0x80010b1c       0x60 /opt/devkitpro/libogc/lib/wii/libbte.a(l2cap.o)
                0x80010b1c                l2cap_new
 .text.l2cap_close
                0x80010b7c      0x1d4 /opt/devkitpro/libogc/lib/wii/libbte.a(l2cap.o)
                0x80010b7c                l2cap_close
 .text.l2cap_reset_all
                0x80010d50      0x154 /opt/devkitpro/libogc/lib/wii/libbte.a(l2cap.o)
                0x80010d50                l2cap_reset_all
 .text.l2cap_signal
                0x80010ea4      0x204 /opt/devkitpro/libogc/lib/wii/libbte.a(l2cap.o)
                0x80010ea4                l2cap_signal
 .text.l2ca_config_req
                0x800110a8      0x158 /opt/devkitpro/libogc/lib/wii/libbte.a(l2cap.o)
                0x800110a8                l2ca_config_req
 .text.l2ca_disconnect_req
                0x80011200       0xcc /opt/devkitpro/libogc/lib/wii/libbte.a(l2cap.o)
                0x80011200                l2ca_disconnect_req
 .text.l2cap_tmr
                0x800112cc      0x260 /opt/devkitpro/libogc/lib/wii/libbte.a(l2cap.o)
                0x800112cc                l2cap_tmr
 .text.l2cap_process_sig
                0x8001152c     0x1334 /opt/devkitpro/libogc/lib/wii/libbte.a(l2cap.o)
                0x8001152c                l2cap_process_sig
 .text.l2cap_input
                0x80012860      0x578 /opt/devkitpro/libogc/lib/wii/libbte.a(l2cap.o)
                0x80012860                l2cap_input
 .text.l2ca_datawrite
                0x80012dd8      0x128 /opt/devkitpro/libogc/lib/wii/libbte.a(l2cap.o)
                0x80012dd8                l2ca_datawrite
 .text.lp_connect_cfm
                0x80012f00      0x184 /opt/devkitpro/libogc/lib/wii/libbte.a(l2cap.o)
                0x80012f00                lp_connect_cfm
 .text.lp_connect_ind
                0x80013084        0x4 /opt/devkitpro/libogc/lib/wii/libbte.a(l2cap.o)
                0x80013084                lp_connect_ind
 .text.lp_disconnect_ind
                0x80013088      0x124 /opt/devkitpro/libogc/lib/wii/libbte.a(l2cap.o)
                0x80013088                lp_disconnect_ind
 .text.l2cap_disconnect_bb
                0x800131ac       0x10 /opt/devkitpro/libogc/lib/wii/libbte.a(l2cap.o)
                0x800131ac                l2cap_disconnect_bb
 .text.l2cap_arg
                0x800131bc        0x8 /opt/devkitpro/libogc/lib/wii/libbte.a(l2cap.o)
                0x800131bc                l2cap_arg
 .text.l2cap_connect_ind
                0x800131c4      0x104 /opt/devkitpro/libogc/lib/wii/libbte.a(l2cap.o)
                0x800131c4                l2cap_connect_ind
 .text.l2cap_disconnect_ind
                0x800132c8        0x8 /opt/devkitpro/libogc/lib/wii/libbte.a(l2cap.o)
                0x800132c8                l2cap_disconnect_ind
 .text.l2cap_recv
                0x800132d0        0x8 /opt/devkitpro/libogc/lib/wii/libbte.a(l2cap.o)
                0x800132d0                l2cap_recv
 .text.btmemb_init
                0x800132d8       0x24 /opt/devkitpro/libogc/lib/wii/libbte.a(btmemb.o)
                0x800132d8                btmemb_init
 .text.btmemb_alloc
                0x800132fc       0x98 /opt/devkitpro/libogc/lib/wii/libbte.a(btmemb.o)
                0x800132fc                btmemb_alloc
 .text.btmemb_free
                0x80013394      0x114 /opt/devkitpro/libogc/lib/wii/libbte.a(btmemb.o)
                0x80013394                btmemb_free
 .text.plug_holes
                0x800134a8       0xac /opt/devkitpro/libogc/lib/wii/libbte.a(btmemr.o)
 .text.btmemr_init
                0x80013554       0xa4 /opt/devkitpro/libogc/lib/wii/libbte.a(btmemr.o)
                0x80013554                btmemr_init
 .text.btmemr_malloc
                0x800135f8      0x17c /opt/devkitpro/libogc/lib/wii/libbte.a(btmemr.o)
                0x800135f8                btmemr_malloc
 .text.btmemr_free
                0x80013774       0x98 /opt/devkitpro/libogc/lib/wii/libbte.a(btmemr.o)
                0x80013774                btmemr_free
 .text.btmemr_realloc
                0x8001380c      0x108 /opt/devkitpro/libogc/lib/wii/libbte.a(btmemr.o)
                0x8001380c                btmemr_realloc
 .text.btpbuf_init
                0x80013914       0x28 /opt/devkitpro/libogc/lib/wii/libbte.a(btpbuf.o)
                0x80013914                btpbuf_init
 .text.btpbuf_free
                0x8001393c      0x11c /opt/devkitpro/libogc/lib/wii/libbte.a(btpbuf.o)
                0x8001393c                btpbuf_free
 .text.btpbuf_alloc
                0x80013a58      0x250 /opt/devkitpro/libogc/lib/wii/libbte.a(btpbuf.o)
                0x80013a58                btpbuf_alloc
 .text.btpbuf_realloc
                0x80013ca8      0x110 /opt/devkitpro/libogc/lib/wii/libbte.a(btpbuf.o)
                0x80013ca8                btpbuf_realloc
 .text.btpbuf_header
                0x80013db8       0x84 /opt/devkitpro/libogc/lib/wii/libbte.a(btpbuf.o)
                0x80013db8                btpbuf_header
 .text.btpbuf_ref
                0x80013e3c       0x48 /opt/devkitpro/libogc/lib/wii/libbte.a(btpbuf.o)
                0x80013e3c                btpbuf_ref
 .text.btpbuf_chain
                0x80013e84       0x9c /opt/devkitpro/libogc/lib/wii/libbte.a(btpbuf.o)
                0x80013e84                btpbuf_chain
 .text.btpbuf_dechain
                0x80013f20       0x7c /opt/devkitpro/libogc/lib/wii/libbte.a(btpbuf.o)
                0x80013f20                btpbuf_dechain
 .text.btpbuf_take
                0x80013f9c      0x13c /opt/devkitpro/libogc/lib/wii/libbte.a(btpbuf.o)
                0x80013f9c                btpbuf_take
 .text.__usb_closeCB
                0x800140d8       0x10 /opt/devkitpro/libogc/lib/wii/libbte.a(physbusif.o)
 .text.__writebulkmsgCB
                0x800140e8       0x3c /opt/devkitpro/libogc/lib/wii/libbte.a(physbusif.o)
 .text.__writectrlmsgCB
                0x80014124       0x3c /opt/devkitpro/libogc/lib/wii/libbte.a(physbusif.o)
 .text.__issue_intrread.part.0
                0x80014160       0x80 /opt/devkitpro/libogc/lib/wii/libbte.a(physbusif.o)
 .text.__readintrdataCB
                0x800141e0      0x148 /opt/devkitpro/libogc/lib/wii/libbte.a(physbusif.o)
 .text.__issue_bulkread.part.0
                0x80014328       0x80 /opt/devkitpro/libogc/lib/wii/libbte.a(physbusif.o)
 .text.__readbulkdataCB
                0x800143a8      0x148 /opt/devkitpro/libogc/lib/wii/libbte.a(physbusif.o)
 .text.physbusif_init
                0x800144f0      0x1ec /opt/devkitpro/libogc/lib/wii/libbte.a(physbusif.o)
                0x800144f0                physbusif_init
 .text.physbusif_close
                0x800146dc       0x20 /opt/devkitpro/libogc/lib/wii/libbte.a(physbusif.o)
                0x800146dc                physbusif_close
 .text.physbusif_shutdown
                0x800146fc       0x24 /opt/devkitpro/libogc/lib/wii/libbte.a(physbusif.o)
                0x800146fc                physbusif_shutdown
 .text.physbusif_reset_all
                0x80014720        0x4 /opt/devkitpro/libogc/lib/wii/libbte.a(physbusif.o)
                0x80014720                physbusif_reset_all
 .text.physbusif_output
                0x80014724      0x1c4 /opt/devkitpro/libogc/lib/wii/libbte.a(physbusif.o)
                0x80014724                physbusif_output
 .text.__console_clear_line
                0x800148e8       0xb4 /opt/devkitpro/libogc/lib/wii/libogc.a(console.o)
 .text.__console_clear
                0x8001499c       0xbc /opt/devkitpro/libogc/lib/wii/libogc.a(console.o)
 .text.__console_write
                0x80014a58      0x820 /opt/devkitpro/libogc/lib/wii/libogc.a(console.o)
                0x80014a58                __console_write
 .text.__console_init
                0x80015278      0x120 /opt/devkitpro/libogc/lib/wii/libogc.a(console.o)
                0x80015278                __console_init
 .text.CON_Init
                0x80015398        0x4 /opt/devkitpro/libogc/lib/wii/libogc.a(console.o)
                0x80015398                CON_Init
 .text.CON_EnableGecko
                0x8001539c      0x100 /opt/devkitpro/libogc/lib/wii/libogc.a(console.o)
                0x8001539c                CON_EnableGecko
 .text.__lwp_queue_initialize
                0x8001549c       0x98 /opt/devkitpro/libogc/lib/wii/libogc.a(lwp_queue.o)
                0x8001549c                __lwp_queue_initialize
 .text.__lwp_queue_get
                0x80015534       0x74 /opt/devkitpro/libogc/lib/wii/libogc.a(lwp_queue.o)
                0x80015534                __lwp_queue_get
 .text.__lwp_queue_append
                0x800155a8       0x4c /opt/devkitpro/libogc/lib/wii/libogc.a(lwp_queue.o)
                0x800155a8                __lwp_queue_append
 .text.__syscall_getreent
                0x800155f4       0x24 /opt/devkitpro/libogc/lib/wii/libogc.a(lwp_threads.o)
                0x800155f4                __syscall_getreent
 .text.__lwp_isr_in_progress
                0x80015618        0x8 /opt/devkitpro/libogc/lib/wii/libogc.a(lwp_threads.o)
                0x80015618                __lwp_isr_in_progress
 .text.__thread_dispatch_fp
                0x80015620       0x88 /opt/devkitpro/libogc/lib/wii/libogc.a(lwp_threads.o)
                0x80015620                __thread_dispatch_fp
 .text.__thread_dispatch
                0x800156a8       0xf4 /opt/devkitpro/libogc/lib/wii/libogc.a(lwp_threads.o)
                0x800156a8                __thread_dispatch
 .text.__lwp_thread_resettimeslice
                0x8001579c       0xb4 /opt/devkitpro/libogc/lib/wii/libogc.a(lwp_threads.o)
                0x8001579c                __lwp_thread_resettimeslice
 .text.__lwp_thread_tickle_timeslice
                0x80015850       0xc8 /opt/devkitpro/libogc/lib/wii/libogc.a(lwp_threads.o)
                0x80015850                __lwp_thread_tickle_timeslice
 .text.__lwp_thread_setstate
                0x80015918      0x16c /opt/devkitpro/libogc/lib/wii/libogc.a(lwp_threads.o)
                0x80015918                __lwp_thread_setstate
 .text.__lwp_thread_clearstate
                0x80015a84       0xe4 /opt/devkitpro/libogc/lib/wii/libogc.a(lwp_threads.o)
                0x80015a84                __lwp_thread_clearstate
 .text.__lwp_thread_delayended
                0x80015b68       0x48 /opt/devkitpro/libogc/lib/wii/libogc.a(lwp_threads.o)
                0x80015b68                __lwp_thread_delayended
 .text.__lwp_thread_settransient
                0x80015bb0       0xb4 /opt/devkitpro/libogc/lib/wii/libogc.a(lwp_threads.o)
                0x80015bb0                __lwp_thread_settransient
 .text.__lwp_thread_changepriority
                0x80015c64      0x1f8 /opt/devkitpro/libogc/lib/wii/libogc.a(lwp_threads.o)
                0x80015c64                __lwp_thread_changepriority
 .text.__lwp_thread_ready
                0x80015e5c       0xf0 /opt/devkitpro/libogc/lib/wii/libogc.a(lwp_threads.o)
                0x80015e5c                __lwp_thread_ready
 .text.__lwp_thread_init
                0x80015f4c      0x160 /opt/devkitpro/libogc/lib/wii/libogc.a(lwp_threads.o)
                0x80015f4c                __lwp_thread_init
 .text.__lwp_thread_close
                0x800160ac      0x144 /opt/devkitpro/libogc/lib/wii/libogc.a(lwp_threads.o)
                0x800160ac                __lwp_thread_close
 .text.__lwp_thread_handler
                0x800161f0       0xc0 /opt/devkitpro/libogc/lib/wii/libogc.a(lwp_threads.o)
 .text.__lwp_thread_closeall
                0x800162b0       0xb0 /opt/devkitpro/libogc/lib/wii/libogc.a(lwp_threads.o)
                0x800162b0                __lwp_thread_closeall
 .text.__lwp_thread_start
                0x80016360      0x150 /opt/devkitpro/libogc/lib/wii/libogc.a(lwp_threads.o)
                0x80016360                __lwp_thread_start
 .text.__lwp_thread_startmultitasking
                0x800164b0       0xac /opt/devkitpro/libogc/lib/wii/libogc.a(lwp_threads.o)
                0x800164b0                __lwp_thread_startmultitasking
 .text.__lwp_thread_stopmultitasking
                0x8001655c       0x58 /opt/devkitpro/libogc/lib/wii/libogc.a(lwp_threads.o)
                0x8001655c                __lwp_thread_stopmultitasking
 .text.__lwp_thread_coreinit
                0x800165b4       0xc4 /opt/devkitpro/libogc/lib/wii/libogc.a(lwp_threads.o)
                0x800165b4                __lwp_thread_coreinit
 .text.idle_func
                0x80016678        0x4 /opt/devkitpro/libogc/lib/wii/libogc.a(lwp.o)
 .text.__lwp_sysinit
                0x8001667c      0x114 /opt/devkitpro/libogc/lib/wii/libogc.a(lwp.o)
                0x8001667c                __lwp_sysinit
 .text.LWP_InitQueue
                0x80016790      0x140 /opt/devkitpro/libogc/lib/wii/libogc.a(lwp.o)
                0x80016790                LWP_InitQueue
 .text.LWP_CloseQueue
                0x800168d0       0xd4 /opt/devkitpro/libogc/lib/wii/libogc.a(lwp.o)
                0x800168d0                LWP_CloseQueue
 .text.LWP_ThreadSleep
                0x800169a4       0xf8 /opt/devkitpro/libogc/lib/wii/libogc.a(lwp.o)
                0x800169a4                LWP_ThreadSleep
 .text.LWP_ThreadBroadcast
                0x80016a9c       0x88 /opt/devkitpro/libogc/lib/wii/libogc.a(lwp.o)
                0x80016a9c                LWP_ThreadBroadcast
 .text.LWP_ThreadSignal
                0x80016b24       0x74 /opt/devkitpro/libogc/lib/wii/libogc.a(lwp.o)
                0x80016b24                LWP_ThreadSignal
 .text.__lwp_stack_allocate
                0x80016b98       0x60 /opt/devkitpro/libogc/lib/wii/libogc.a(lwp_stack.o)
                0x80016b98                __lwp_stack_allocate
 .text.__lwp_stack_free
                0x80016bf8       0x1c /opt/devkitpro/libogc/lib/wii/libogc.a(lwp_stack.o)
                0x80016bf8                __lwp_stack_free
 .text.__lwp_wd_settimer
                0x80016c14       0xe0 /opt/devkitpro/libogc/lib/wii/libogc.a(lwp_watchdog.o)
 .text.__lwp_watchdog_init
                0x80016cf4       0x2c /opt/devkitpro/libogc/lib/wii/libogc.a(lwp_watchdog.o)
                0x80016cf4                __lwp_watchdog_init
 .text.__lwp_wd_insert
                0x80016d20      0x194 /opt/devkitpro/libogc/lib/wii/libogc.a(lwp_watchdog.o)
                0x80016d20                __lwp_wd_insert
 .text.__lwp_wd_remove
                0x80016eb4      0x138 /opt/devkitpro/libogc/lib/wii/libogc.a(lwp_watchdog.o)
                0x80016eb4                __lwp_wd_remove
 .text.__lwp_wd_tickle
                0x80016fec      0x120 /opt/devkitpro/libogc/lib/wii/libogc.a(lwp_watchdog.o)
                0x80016fec                __lwp_wd_tickle
 .text.__lwp_wkspace_init
                0x8001710c       0xc0 /opt/devkitpro/libogc/lib/wii/libogc.a(lwp_wkspace.o)
                0x8001710c                __lwp_wkspace_init
 .text.__lwp_objmgr_initinfo
                0x800171cc      0x1a0 /opt/devkitpro/libogc/lib/wii/libogc.a(lwp_objmgr.o)
                0x800171cc                __lwp_objmgr_initinfo
 .text.__lwp_objmgr_getisrdisable
                0x8001736c       0x60 /opt/devkitpro/libogc/lib/wii/libogc.a(lwp_objmgr.o)
                0x8001736c                __lwp_objmgr_getisrdisable
 .text.__lwp_objmgr_getnoprotection
                0x800173cc       0x24 /opt/devkitpro/libogc/lib/wii/libogc.a(lwp_objmgr.o)
                0x800173cc                __lwp_objmgr_getnoprotection
 .text.__lwp_objmgr_get
                0x800173f0       0x6c /opt/devkitpro/libogc/lib/wii/libogc.a(lwp_objmgr.o)
                0x800173f0                __lwp_objmgr_get
 .text.__lwp_objmgr_allocate
                0x8001745c       0x88 /opt/devkitpro/libogc/lib/wii/libogc.a(lwp_objmgr.o)
                0x8001745c                __lwp_objmgr_allocate
 .text.__lwp_objmgr_free
                0x800174e4       0x60 /opt/devkitpro/libogc/lib/wii/libogc.a(lwp_objmgr.o)
                0x800174e4                __lwp_objmgr_free
 .text.__lwp_heap_init
                0x80017544       0xa4 /opt/devkitpro/libogc/lib/wii/libogc.a(lwp_heap.o)
                0x80017544                __lwp_heap_init
 .text.__lwp_heap_allocate
                0x800175e8      0x160 /opt/devkitpro/libogc/lib/wii/libogc.a(lwp_heap.o)
                0x800175e8                __lwp_heap_allocate
 .text.__lwp_heap_free
                0x80017748      0x188 /opt/devkitpro/libogc/lib/wii/libogc.a(lwp_heap.o)
                0x80017748                __lwp_heap_free
 .text.__SetInterrupts
                0x800178d0      0x268 /opt/devkitpro/libogc/lib/wii/libogc.a(irq.o)
 .text.c_irqdispatcher
                0x80017b38      0x278 /opt/devkitpro/libogc/lib/wii/libogc.a(irq.o)
                0x80017b38                c_irqdispatcher
 .text.__UnmaskIrq
                0x80017db0       0x84 /opt/devkitpro/libogc/lib/wii/libogc.a(irq.o)
                0x80017db0                __UnmaskIrq
 .text.__MaskIrq
                0x80017e34       0x84 /opt/devkitpro/libogc/lib/wii/libogc.a(irq.o)
                0x80017e34                __MaskIrq
 .text.__irq_init
                0x80017eb8       0x9c /opt/devkitpro/libogc/lib/wii/libogc.a(irq.o)
                0x80017eb8                __irq_init
 .text.IRQ_Request
                0x80017f54       0x50 /opt/devkitpro/libogc/lib/wii/libogc.a(irq.o)
                0x80017f54                IRQ_Request
 .text.IRQ_GetHandler
                0x80017fa4       0x44 /opt/devkitpro/libogc/lib/wii/libogc.a(irq.o)
                0x80017fa4                IRQ_GetHandler
 .text.IRQ_Disable
                0x80017fe8       0x1c /opt/devkitpro/libogc/lib/wii/libogc.a(irq.o)
                0x80017fe8                IRQ_Disable
 .text.IRQ_Restore
                0x80018004       0x1c /opt/devkitpro/libogc/lib/wii/libogc.a(irq.o)
                0x80018004                IRQ_Restore
 .text.__VISendI2CData.constprop.0.isra.0
                0x80018020      0x450 /opt/devkitpro/libogc/lib/wii/libogc.a(video.o)
 .text.__setFbbRegs.constprop.0
                0x80018470      0x190 /opt/devkitpro/libogc/lib/wii/libogc.a(video.o)
 .text.__VISetYUVSEL
                0x80018600       0xb8 /opt/devkitpro/libogc/lib/wii/libogc.a(video.o)
 .text.VIDEO_Configure
                0x800186b8      0x5ec /opt/devkitpro/libogc/lib/wii/libogc.a(video.o)
                0x800186b8                VIDEO_Configure
 .text.VIDEO_WaitVSync
                0x80018ca4       0x74 /opt/devkitpro/libogc/lib/wii/libogc.a(video.o)
                0x80018ca4                VIDEO_WaitVSync
 .text.VIDEO_SetFramebuffer
                0x80018d18      0x108 /opt/devkitpro/libogc/lib/wii/libogc.a(video.o)
                0x80018d18                VIDEO_SetFramebuffer
 .text.VIDEO_SetNextFramebuffer
                0x80018e20       0x70 /opt/devkitpro/libogc/lib/wii/libogc.a(video.o)
                0x80018e20                VIDEO_SetNextFramebuffer
 .text.VIDEO_Flush
                0x80018e90       0xf4 /opt/devkitpro/libogc/lib/wii/libogc.a(video.o)
                0x80018e90                VIDEO_Flush
 .text.VIDEO_SetBlack
                0x80018f84      0x15c /opt/devkitpro/libogc/lib/wii/libogc.a(video.o)
                0x80018f84                VIDEO_SetBlack
 .text.VIDEO_GetCurrentTvMode
                0x800190e0       0x78 /opt/devkitpro/libogc/lib/wii/libogc.a(video.o)
                0x800190e0                VIDEO_GetCurrentTvMode
 .text.__VIRetraceHandler
                0x80019158      0x298 /opt/devkitpro/libogc/lib/wii/libogc.a(video.o)
 .text.__VISetupEncoder
                0x800193f0      0x2cc /opt/devkitpro/libogc/lib/wii/libogc.a(video.o)
 .text.VIDEO_Init
                0x800196bc      0x4e4 /opt/devkitpro/libogc/lib/wii/libogc.a(video.o)
                0x800196bc                VIDEO_Init
 .text.VIDEO_GetPreferredMode
                0x80019ba0      0x108 /opt/devkitpro/libogc/lib/wii/libogc.a(video.o)
                0x80019ba0                VIDEO_GetPreferredMode
 .text.VIDEO_GetCurrentLine
                0x80019ca8       0x9c /opt/devkitpro/libogc/lib/wii/libogc.a(video.o)
                0x80019ca8                VIDEO_GetCurrentLine
 .text.VIDEO_GetFrameBufferSize
                0x80019d44       0x34 /opt/devkitpro/libogc/lib/wii/libogc.a(video.o)
                0x80019d44                VIDEO_GetFrameBufferSize
 .text.__call_resetfuncs
                0x80019d78       0xbc /opt/devkitpro/libogc/lib/wii/libogc.a(system.o)
 .text.__MEMInterruptHandler
                0x80019e34       0x14 /opt/devkitpro/libogc/lib/wii/libogc.a(system.o)
 .text.__RSWDefaultHandler
                0x80019e48        0x4 /opt/devkitpro/libogc/lib/wii/libogc.a(system.o)
 .text.__POWDefaultHandler
                0x80019e4c        0x4 /opt/devkitpro/libogc/lib/wii/libogc.a(system.o)
 .text.__STMEventHandler
                0x80019e50      0x104 /opt/devkitpro/libogc/lib/wii/libogc.a(system.o)
 .text.__getrtc
                0x80019f54      0x13c /opt/devkitpro/libogc/lib/wii/libogc.a(system.o)
 .text.__sram_write
                0x8001a090      0x130 /opt/devkitpro/libogc/lib/wii/libogc.a(system.o)
 .text.__sram_writecallback
                0x8001a1c0       0x54 /opt/devkitpro/libogc/lib/wii/libogc.a(system.o)
 .text.__mem_onreset
                0x8001a214       0x48 /opt/devkitpro/libogc/lib/wii/libogc.a(system.o)
 .text.__unlocksram
                0x8001a25c      0x174 /opt/devkitpro/libogc/lib/wii/libogc.a(system.o)
 .text.__sys_alarmhandler
                0x8001a3d0      0x154 /opt/devkitpro/libogc/lib/wii/libogc.a(system.o)
 .text.__syscall_malloc_lock
                0x8001a524        0x4 /opt/devkitpro/libogc/lib/wii/libogc.a(system.o)
                0x8001a524                __syscall_malloc_lock
 .text.__syscall_malloc_unlock
                0x8001a528        0x4 /opt/devkitpro/libogc/lib/wii/libogc.a(system.o)
                0x8001a528                __syscall_malloc_unlock
 .text.__syscall_nanosleep
                0x8001a52c        0x4 /opt/devkitpro/libogc/lib/wii/libogc.a(system.o)
                0x8001a52c                __syscall_nanosleep
 .text.__SYS_GetRTC
                0x8001a530       0xa0 /opt/devkitpro/libogc/lib/wii/libogc.a(system.o)
                0x8001a530                __SYS_GetRTC
 .text.__SYS_SetBootTime
                0x8001a5d0      0x108 /opt/devkitpro/libogc/lib/wii/libogc.a(system.o)
                0x8001a5d0                __SYS_SetBootTime
 .text.__SYS_GetIPCBufferLo
                0x8001a6d8        0x8 /opt/devkitpro/libogc/lib/wii/libogc.a(system.o)
                0x8001a6d8                __SYS_GetIPCBufferLo
 .text.__SYS_GetIPCBufferHi
                0x8001a6e0        0x8 /opt/devkitpro/libogc/lib/wii/libogc.a(system.o)
                0x8001a6e0                __SYS_GetIPCBufferHi
 .text.__SYS_DoPowerCB
                0x8001a6e8       0x74 /opt/devkitpro/libogc/lib/wii/libogc.a(system.o)
                0x8001a6e8                __SYS_DoPowerCB
 .text.__SYS_PreInit
                0x8001a75c        0x4 /opt/devkitpro/libogc/lib/wii/libogc.a(system.o)
                0x8001a75c                __SYS_PreInit
 .text.SYS_PreMain
                0x8001a760       0x7c /opt/devkitpro/libogc/lib/wii/libogc.a(system.o)
                0x8001a760                SYS_PreMain
 .text.SYS_ResetButtonDown
                0x8001a7dc       0x18 /opt/devkitpro/libogc/lib/wii/libogc.a(system.o)
                0x8001a7dc                SYS_ResetButtonDown
 .text.SYS_ResetSystem
                0x8001a7f4      0x210 /opt/devkitpro/libogc/lib/wii/libogc.a(system.o)
                0x8001a7f4                SYS_ResetSystem
 .text.__reload
                0x8001aa04       0x80 /opt/devkitpro/libogc/lib/wii/libogc.a(system.o)
                0x8001aa04                __reload
 .text.__syscall_exit
                0x8001aa84       0x88 /opt/devkitpro/libogc/lib/wii/libogc.a(system.o)
                0x8001aa84                __syscall_exit
 .text.SYS_RegisterResetFunc
                0x8001ab0c       0x78 /opt/devkitpro/libogc/lib/wii/libogc.a(system.o)
                0x8001ab0c                SYS_RegisterResetFunc
 .text.SYS_SetArena1Lo
                0x8001ab84       0x38 /opt/devkitpro/libogc/lib/wii/libogc.a(system.o)
                0x8001ab84                SYS_SetArena1Lo
 .text.SYS_GetArena1Lo
                0x8001abbc       0x38 /opt/devkitpro/libogc/lib/wii/libogc.a(system.o)
                0x8001abbc                SYS_GetArena1Lo
 .text.SYS_GetArena1Hi
                0x8001abf4       0x38 /opt/devkitpro/libogc/lib/wii/libogc.a(system.o)
                0x8001abf4                SYS_GetArena1Hi
 .text.SYS_SetArena2Lo
                0x8001ac2c       0x38 /opt/devkitpro/libogc/lib/wii/libogc.a(system.o)
                0x8001ac2c                SYS_SetArena2Lo
 .text.SYS_GetArena2Lo
                0x8001ac64       0x38 /opt/devkitpro/libogc/lib/wii/libogc.a(system.o)
                0x8001ac64                SYS_GetArena2Lo
 .text.SYS_SetArena2Hi
                0x8001ac9c       0x38 /opt/devkitpro/libogc/lib/wii/libogc.a(system.o)
                0x8001ac9c                SYS_SetArena2Hi
 .text.SYS_GetArena2Hi
                0x8001acd4       0x38 /opt/devkitpro/libogc/lib/wii/libogc.a(system.o)
                0x8001acd4                SYS_GetArena2Hi
 .text.SYS_AllocateFramebuffer
                0x8001ad0c       0x28 /opt/devkitpro/libogc/lib/wii/libogc.a(system.o)
                0x8001ad0c                SYS_AllocateFramebuffer
 .text.SYS_CreateAlarm
                0x8001ad34       0xf0 /opt/devkitpro/libogc/lib/wii/libogc.a(system.o)
                0x8001ad34                SYS_CreateAlarm
 .text.SYS_SetAlarm
                0x8001ae24      0x1e0 /opt/devkitpro/libogc/lib/wii/libogc.a(system.o)
                0x8001ae24                SYS_SetAlarm
 .text.SYS_SetPeriodicAlarm
                0x8001b004      0x270 /opt/devkitpro/libogc/lib/wii/libogc.a(system.o)
                0x8001b004                SYS_SetPeriodicAlarm
 .text.SYS_RemoveAlarm
                0x8001b274      0x10c /opt/devkitpro/libogc/lib/wii/libogc.a(system.o)
                0x8001b274                SYS_RemoveAlarm
 .text.SYS_CancelAlarm
                0x8001b380       0xbc /opt/devkitpro/libogc/lib/wii/libogc.a(system.o)
                0x8001b380                SYS_CancelAlarm
 .text.SYS_GetWirelessID
                0x8001b43c       0x94 /opt/devkitpro/libogc/lib/wii/libogc.a(system.o)
                0x8001b43c                SYS_GetWirelessID
 .text.SYS_SetWirelessID
                0x8001b4d0       0x90 /opt/devkitpro/libogc/lib/wii/libogc.a(system.o)
                0x8001b4d0                SYS_SetWirelessID
 .text.SYS_SetGBSMode
                0x8001b560       0xa8 /opt/devkitpro/libogc/lib/wii/libogc.a(system.o)
                0x8001b560                SYS_SetGBSMode
 .text.__sram_init
                0x8001b608      0x1b8 /opt/devkitpro/libogc/lib/wii/libogc.a(system.o)
                0x8001b608                __sram_init
 .text.SYS_Init
                0x8001b7c0      0x5e8 /opt/devkitpro/libogc/lib/wii/libogc.a(system.o)
                0x8001b7c0                SYS_Init
 .text.SYS_GetHollywoodRevision
                0x8001bda8       0x3c /opt/devkitpro/libogc/lib/wii/libogc.a(system.o)
                0x8001bda8                SYS_GetHollywoodRevision
 .text.SYS_Time
                0x8001bde4       0x78 /opt/devkitpro/libogc/lib/wii/libogc.a(system.o)
                0x8001bde4                SYS_Time
 .text.__lwp_cond_init
                0x8001be5c       0x14 /opt/devkitpro/libogc/lib/wii/libogc.a(cond.o)
                0x8001be5c                __lwp_cond_init
 .text.__decrementer_init
                0x8001be70        0x4 /opt/devkitpro/libogc/lib/wii/libogc.a(decrementer.o)
                0x8001be70                __decrementer_init
 .text.c_decrementer_handler
                0x8001be74        0xc /opt/devkitpro/libogc/lib/wii/libogc.a(decrementer.o)
                0x8001be74                c_decrementer_handler
 .text.__lwp_mqbox_init
                0x8001be80       0x14 /opt/devkitpro/libogc/lib/wii/libogc.a(message.o)
                0x8001be80                __lwp_mqbox_init
 .text.__si_transfer
                0x8001be94      0x1a4 /opt/devkitpro/libogc/lib/wii/libogc.a(si.o)
 .text.__si_alarmhandler
                0x8001c038       0xdc /opt/devkitpro/libogc/lib/wii/libogc.a(si.o)
 .text.__si_completetransfer
                0x8001c114      0x1fc /opt/devkitpro/libogc/lib/wii/libogc.a(si.o)
 .text.__si_transfernext
                0x8001c310       0xe0 /opt/devkitpro/libogc/lib/wii/libogc.a(si.o)
 .text.SI_Busy  0x8001c3f0       0x18 /opt/devkitpro/libogc/lib/wii/libogc.a(si.o)
                0x8001c3f0                SI_Busy
 .text.SI_IsChanBusy
                0x8001c408       0x38 /opt/devkitpro/libogc/lib/wii/libogc.a(si.o)
                0x8001c408                SI_IsChanBusy
 .text.SI_SetXY
                0x8001c440       0x64 /opt/devkitpro/libogc/lib/wii/libogc.a(si.o)
                0x8001c440                SI_SetXY
 .text.SI_EnablePolling
                0x8001c4a4       0x80 /opt/devkitpro/libogc/lib/wii/libogc.a(si.o)
                0x8001c4a4                SI_EnablePolling
 .text.SI_DisablePolling
                0x8001c524       0x58 /opt/devkitpro/libogc/lib/wii/libogc.a(si.o)
                0x8001c524                SI_DisablePolling
 .text.SI_SetSamplingRate
                0x8001c57c       0xd8 /opt/devkitpro/libogc/lib/wii/libogc.a(si.o)
                0x8001c57c                SI_SetSamplingRate
 .text.SI_RefreshSamplingRate
                0x8001c654        0x8 /opt/devkitpro/libogc/lib/wii/libogc.a(si.o)
                0x8001c654                SI_RefreshSamplingRate
 .text.SI_GetStatus
                0x8001c65c       0x78 /opt/devkitpro/libogc/lib/wii/libogc.a(si.o)
                0x8001c65c                SI_GetStatus
 .text.SI_GetResponseRaw
                0x8001c6d4       0xe8 /opt/devkitpro/libogc/lib/wii/libogc.a(si.o)
                0x8001c6d4                SI_GetResponseRaw
 .text.SI_GetResponse
                0x8001c7bc       0xb8 /opt/devkitpro/libogc/lib/wii/libogc.a(si.o)
                0x8001c7bc                SI_GetResponse
 .text.SI_SetCommand
                0x8001c874       0x10 /opt/devkitpro/libogc/lib/wii/libogc.a(si.o)
                0x8001c874                SI_SetCommand
 .text.SI_Transfer
                0x8001c884      0x26c /opt/devkitpro/libogc/lib/wii/libogc.a(si.o)
                0x8001c884                SI_Transfer
 .text.__si_gettypecallback
                0x8001caf0      0x2c0 /opt/devkitpro/libogc/lib/wii/libogc.a(si.o)
 .text.__si_interrupthandler
                0x8001cdb0      0x268 /opt/devkitpro/libogc/lib/wii/libogc.a(si.o)
 .text.SI_GetType
                0x8001d018      0x1f4 /opt/devkitpro/libogc/lib/wii/libogc.a(si.o)
                0x8001d018                SI_GetType
 .text.SI_GetTypeAsync
                0x8001d20c      0x138 /opt/devkitpro/libogc/lib/wii/libogc.a(si.o)
                0x8001d20c                SI_GetTypeAsync
 .text.SI_EnablePollingInterrupt
                0x8001d344       0x8c /opt/devkitpro/libogc/lib/wii/libogc.a(si.o)
                0x8001d344                SI_EnablePollingInterrupt
 .text.SI_UnregisterPollingHandler
                0x8001d3d0       0xe0 /opt/devkitpro/libogc/lib/wii/libogc.a(si.o)
                0x8001d3d0                SI_UnregisterPollingHandler
 .text.__si_init
                0x8001d4b0       0xe8 /opt/devkitpro/libogc/lib/wii/libogc.a(si.o)
                0x8001d4b0                __si_init
 .text.__ipc_sendrequest
                0x8001d598      0x104 /opt/devkitpro/libogc/lib/wii/libogc.a(ipc.o)
 .text.__ipc_syncrequest
                0x8001d69c       0xe4 /opt/devkitpro/libogc/lib/wii/libogc.a(ipc.o)
 .text.__ioctlvfmtCB
                0x8001d780      0x158 /opt/devkitpro/libogc/lib/wii/libogc.a(ipc.o)
 .text.__ios_ioctlvformat_parse
                0x8001d8d8      0x820 /opt/devkitpro/libogc/lib/wii/libogc.a(ipc.o)
 .text.__ipc_asyncrequest
                0x8001e0f8      0x13c /opt/devkitpro/libogc/lib/wii/libogc.a(ipc.o)
 .text.__ipc_interrupthandler
                0x8001e234      0x34c /opt/devkitpro/libogc/lib/wii/libogc.a(ipc.o)
 .text.iosCreateHeap
                0x8001e580      0x130 /opt/devkitpro/libogc/lib/wii/libogc.a(ipc.o)
                0x8001e580                iosCreateHeap
 .text.iosAlloc
                0x8001e6b0       0x30 /opt/devkitpro/libogc/lib/wii/libogc.a(ipc.o)
                0x8001e6b0                iosAlloc
 .text.iosFree  0x8001e6e0       0x28 /opt/devkitpro/libogc/lib/wii/libogc.a(ipc.o)
                0x8001e6e0                iosFree
 .text.__IPC_ClntInit
                0x8001e708       0xc8 /opt/devkitpro/libogc/lib/wii/libogc.a(ipc.o)
                0x8001e708                __IPC_ClntInit
 .text.IOS_Open
                0x8001e7d0      0x110 /opt/devkitpro/libogc/lib/wii/libogc.a(ipc.o)
                0x8001e7d0                IOS_Open
 .text.IOS_Close
                0x8001e8e0       0xf0 /opt/devkitpro/libogc/lib/wii/libogc.a(ipc.o)
                0x8001e8e0                IOS_Close
 .text.IOS_CloseAsync
                0x8001e9d0       0xb4 /opt/devkitpro/libogc/lib/wii/libogc.a(ipc.o)
                0x8001e9d0                IOS_CloseAsync
 .text.IOS_Read
                0x8001ea84      0x10c /opt/devkitpro/libogc/lib/wii/libogc.a(ipc.o)
                0x8001ea84                IOS_Read
 .text.IOS_Write
                0x8001eb90      0x10c /opt/devkitpro/libogc/lib/wii/libogc.a(ipc.o)
                0x8001eb90                IOS_Write
 .text.IOS_Ioctl
                0x8001ec9c      0x158 /opt/devkitpro/libogc/lib/wii/libogc.a(ipc.o)
                0x8001ec9c                IOS_Ioctl
 .text.IOS_IoctlAsync
                0x8001edf4      0x148 /opt/devkitpro/libogc/lib/wii/libogc.a(ipc.o)
                0x8001edf4                IOS_IoctlAsync
 .text.IOS_Ioctlv
                0x8001ef3c      0x1f0 /opt/devkitpro/libogc/lib/wii/libogc.a(ipc.o)
                0x8001ef3c                IOS_Ioctlv
 .text.IOS_IoctlvAsync
                0x8001f12c      0x1d4 /opt/devkitpro/libogc/lib/wii/libogc.a(ipc.o)
                0x8001f12c                IOS_IoctlvAsync
 .text.IOS_IoctlvFormat
                0x8001f300      0x16c /opt/devkitpro/libogc/lib/wii/libogc.a(ipc.o)
                0x8001f300                IOS_IoctlvFormat
 .text.IOS_IoctlvReboot
                0x8001f46c      0x1f4 /opt/devkitpro/libogc/lib/wii/libogc.a(ipc.o)
                0x8001f46c                IOS_IoctlvReboot
 .text.gettick  0x8001f660        0x8 /opt/devkitpro/libogc/lib/wii/libogc.a(timesupp.o)
                0x8001f660                gettick
 .text.gettime  0x8001f668       0x18 /opt/devkitpro/libogc/lib/wii/libogc.a(timesupp.o)
                0x8001f668                gettime
 .text.settime  0x8001f680       0x14 /opt/devkitpro/libogc/lib/wii/libogc.a(timesupp.o)
                0x8001f680                settime
 .text.diff_usec
                0x8001f694       0x88 /opt/devkitpro/libogc/lib/wii/libogc.a(timesupp.o)
                0x8001f694                diff_usec
 .text.__timesystem_init
                0x8001f71c       0x1c /opt/devkitpro/libogc/lib/wii/libogc.a(timesupp.o)
                0x8001f71c                __timesystem_init
 .text.udelay   0x8001f738       0xac /opt/devkitpro/libogc/lib/wii/libogc.a(timesupp.o)
                0x8001f738                udelay
 .text.__libogc_nanosleep
                0x8001f7e4      0x144 /opt/devkitpro/libogc/lib/wii/libogc.a(timesupp.o)
                0x8001f7e4                __libogc_nanosleep
 .text.__syscall_lock_init
                0x8001f928       0x6c /opt/devkitpro/libogc/lib/wii/libogc.a(lock_supp.o)
                0x8001f928                __syscall_lock_init
 .text.__syscall_lock_init_recursive
                0x8001f994       0x6c /opt/devkitpro/libogc/lib/wii/libogc.a(lock_supp.o)
                0x8001f994                __syscall_lock_init_recursive
 .text.__syscall_lock_close
                0x8001fa00       0x68 /opt/devkitpro/libogc/lib/wii/libogc.a(lock_supp.o)
                0x8001fa00                __syscall_lock_close
 .text.__syscall_lock_acquire
                0x8001fa68       0x18 /opt/devkitpro/libogc/lib/wii/libogc.a(lock_supp.o)
                0x8001fa68                __syscall_lock_acquire
 .text.__syscall_lock_release
                0x8001fa80       0x18 /opt/devkitpro/libogc/lib/wii/libogc.a(lock_supp.o)
                0x8001fa80                __syscall_lock_release
 .text.__usbgecko_exi_unlock
                0x8001fa98       0x34 /opt/devkitpro/libogc/lib/wii/libogc.a(usbgecko.o)
 .text.usb_isgeckoalive
                0x8001facc      0x1bc /opt/devkitpro/libogc/lib/wii/libogc.a(usbgecko.o)
                0x8001facc                usb_isgeckoalive
 .text.usb_sendbuffer_ex
                0x8001fc88      0x214 /opt/devkitpro/libogc/lib/wii/libogc.a(usbgecko.o)
                0x8001fc88                usb_sendbuffer_ex
 .text.usb_sendbuffer
                0x8001fe9c        0x8 /opt/devkitpro/libogc/lib/wii/libogc.a(usbgecko.o)
                0x8001fe9c                usb_sendbuffer
 .text.usb_sendbuffer_safe_ex
                0x8001fea4      0x2a8 /opt/devkitpro/libogc/lib/wii/libogc.a(usbgecko.o)
                0x8001fea4                usb_sendbuffer_safe_ex
 .text.usb_sendbuffer_safe
                0x8002014c        0x8 /opt/devkitpro/libogc/lib/wii/libogc.a(usbgecko.o)
                0x8002014c                usb_sendbuffer_safe
 .text._sbrk_r  0x80020154      0x28c /opt/devkitpro/libogc/lib/wii/libogc.a(sbrk.o)
                0x80020154                _sbrk_r
 .text.__memlock_init
                0x800203e0       0x7c /opt/devkitpro/libogc/lib/wii/libogc.a(malloc_lock.o)
                0x800203e0                __memlock_init
 .text.__libogc_malloc_lock
                0x8002045c      0x1fc /opt/devkitpro/libogc/lib/wii/libogc.a(malloc_lock.o)
                0x8002045c                __libogc_malloc_lock
 .text.__libogc_malloc_unlock
                0x80020658       0x64 /opt/devkitpro/libogc/lib/wii/libogc.a(malloc_lock.o)
                0x80020658                __libogc_malloc_unlock
 .text.__STM_SetEventHook
                0x800206bc       0xb0 /opt/devkitpro/libogc/lib/wii/libogc.a(stm.o)
                0x800206bc                __STM_SetEventHook
 .text.__STM_Init
                0x8002076c       0x8c /opt/devkitpro/libogc/lib/wii/libogc.a(stm.o)
                0x8002076c                __STM_Init
 .text.__STMEventHandler
                0x800207f8       0x64 /opt/devkitpro/libogc/lib/wii/libogc.a(stm.o)
 .text.__STM_ReleaseEventHook
                0x8002085c       0x80 /opt/devkitpro/libogc/lib/wii/libogc.a(stm.o)
                0x8002085c                __STM_ReleaseEventHook
 .text.__STM_Close
                0x800208dc       0xac /opt/devkitpro/libogc/lib/wii/libogc.a(stm.o)
                0x800208dc                __STM_Close
 .text.STM_RegisterEventHandler
                0x80020988       0x10 /opt/devkitpro/libogc/lib/wii/libogc.a(stm.o)
                0x80020988                STM_RegisterEventHandler
 .text.STM_ShutdownToStandby
                0x80020998       0x50 /opt/devkitpro/libogc/lib/wii/libogc.a(stm.o)
                0x80020998                STM_ShutdownToStandby
 .text.STM_ShutdownToIdle
                0x800209e8       0x70 /opt/devkitpro/libogc/lib/wii/libogc.a(stm.o)
                0x800209e8                STM_ShutdownToIdle
 .text.STM_SetLedMode
                0x80020a58       0x40 /opt/devkitpro/libogc/lib/wii/libogc.a(stm.o)
                0x80020a58                STM_SetLedMode
 .text.STM_RebootSystem
                0x80020a98       0x50 /opt/devkitpro/libogc/lib/wii/libogc.a(stm.o)
                0x80020a98                STM_RebootSystem
 .text.__IOS_InitializeSubsystems
                0x80020ae8       0x44 /opt/devkitpro/libogc/lib/wii/libogc.a(ios.o)
                0x80020ae8                __IOS_InitializeSubsystems
 .text.__IOS_ShutdownSubsystems
                0x80020b2c       0x44 /opt/devkitpro/libogc/lib/wii/libogc.a(ios.o)
                0x80020b2c                __IOS_ShutdownSubsystems
 .text.__IOS_LoadStartupIOS
                0x80020b70        0x8 /opt/devkitpro/libogc/lib/wii/libogc.a(ios.o)
                0x80020b70                __IOS_LoadStartupIOS
 .text._ES_fstat_r
                0x80020b78      0x120 /opt/devkitpro/libogc/lib/wii/libogc.a(es.o)
 .text._ES_seek_r
                0x80020c98       0xdc /opt/devkitpro/libogc/lib/wii/libogc.a(es.o)
 .text._ES_close_r
                0x80020d74       0xac /opt/devkitpro/libogc/lib/wii/libogc.a(es.o)
 .text.__ES_Init
                0x80020e20       0x78 /opt/devkitpro/libogc/lib/wii/libogc.a(es.o)
                0x80020e20                __ES_Init
 .text.__ES_Close
                0x80020e98       0x54 /opt/devkitpro/libogc/lib/wii/libogc.a(es.o)
                0x80020e98                __ES_Close
 .text.ES_GetTitleID
                0x80020eec       0x94 /opt/devkitpro/libogc/lib/wii/libogc.a(es.o)
                0x80020eec                ES_GetTitleID
 .text.ES_LaunchTitle
                0x80020f80       0xa4 /opt/devkitpro/libogc/lib/wii/libogc.a(es.o)
                0x80020f80                ES_LaunchTitle
 .text.ES_GetNumTicketViews
                0x80021024       0x98 /opt/devkitpro/libogc/lib/wii/libogc.a(es.o)
                0x80021024                ES_GetNumTicketViews
 .text.ES_GetTicketViews
                0x800210bc       0x8c /opt/devkitpro/libogc/lib/wii/libogc.a(es.o)
                0x800210bc                ES_GetTicketViews
 .text.ES_GetStoredTMD
                0x80021148       0x90 /opt/devkitpro/libogc/lib/wii/libogc.a(es.o)
                0x80021148                ES_GetStoredTMD
 .text._ES_decodepath
                0x800211d8      0x440 /opt/devkitpro/libogc/lib/wii/libogc.a(es.o)
 .text._ES_stat_r
                0x80021618       0xf4 /opt/devkitpro/libogc/lib/wii/libogc.a(es.o)
 .text._ES_open_r
                0x8002170c      0x1d0 /opt/devkitpro/libogc/lib/wii/libogc.a(es.o)
 .text.ES_ReadContent
                0x800218dc       0x6c /opt/devkitpro/libogc/lib/wii/libogc.a(es.o)
                0x800218dc                ES_ReadContent
 .text._ES_read_r
                0x80021948      0x17c /opt/devkitpro/libogc/lib/wii/libogc.a(es.o)
 .text.__usbv5_devicechangeCB
                0x80021ac4      0x180 /opt/devkitpro/libogc/lib/wii/libogc.a(usb.o)
 .text.__usbv5_attachfinishCB
                0x80021c44       0xcc /opt/devkitpro/libogc/lib/wii/libogc.a(usb.o)
 .text.__usbv5_messageCB
                0x80021d10       0x5c /opt/devkitpro/libogc/lib/wii/libogc.a(usb.o)
 .text.__usbv0_messageCB
                0x80021d6c       0xa8 /opt/devkitpro/libogc/lib/wii/libogc.a(usb.o)
 .text.__usb_control_message
                0x80021e14      0x428 /opt/devkitpro/libogc/lib/wii/libogc.a(usb.o)
 .text.__usb_interrupt_bulk_message
                0x8002223c      0x2c0 /opt/devkitpro/libogc/lib/wii/libogc.a(usb.o)
 .text.USB_FreeDescriptors.part.0
                0x800224fc       0xfc /opt/devkitpro/libogc/lib/wii/libogc.a(usb.o)
 .text.USB_GetDescriptors.part.0
                0x800225f8      0x674 /opt/devkitpro/libogc/lib/wii/libogc.a(usb.o)
 .text.USBV5_SuspendResume
                0x80022c6c      0x138 /opt/devkitpro/libogc/lib/wii/libogc.a(usb.o)
 .text.USBV5_GetDescriptors
                0x80022da4      0x518 /opt/devkitpro/libogc/lib/wii/libogc.a(usb.o)
 .text.USB_Deinitialize
                0x800232bc       0xc8 /opt/devkitpro/libogc/lib/wii/libogc.a(usb.o)
                0x800232bc                USB_Deinitialize
 .text.USB_Initialize
                0x80023384      0x2f8 /opt/devkitpro/libogc/lib/wii/libogc.a(usb.o)
                0x80023384                USB_Initialize
 .text.USB_OpenDevice
                0x8002367c      0x2b8 /opt/devkitpro/libogc/lib/wii/libogc.a(usb.o)
                0x8002367c                USB_OpenDevice
 .text.USBV5_CloseDevice
                0x80023934      0x128 /opt/devkitpro/libogc/lib/wii/libogc.a(usb.o)
                0x80023934                USBV5_CloseDevice
 .text.USB_CloseDeviceAsync
                0x80023a5c       0xd0 /opt/devkitpro/libogc/lib/wii/libogc.a(usb.o)
                0x80023a5c                USB_CloseDeviceAsync
 .text.USB_ReadIntrMsgAsync
                0x80023b2c       0x28 /opt/devkitpro/libogc/lib/wii/libogc.a(usb.o)
                0x80023b2c                USB_ReadIntrMsgAsync
 .text.USB_ReadBlkMsgAsync
                0x80023b54       0x28 /opt/devkitpro/libogc/lib/wii/libogc.a(usb.o)
                0x80023b54                USB_ReadBlkMsgAsync
 .text.USB_WriteBlkMsgAsync
                0x80023b7c       0x28 /opt/devkitpro/libogc/lib/wii/libogc.a(usb.o)
                0x80023b7c                USB_WriteBlkMsgAsync
 .text.USB_WriteCtrlMsgAsync
                0x80023ba4        0x4 /opt/devkitpro/libogc/lib/wii/libogc.a(usb.o)
                0x80023ba4                USB_WriteCtrlMsgAsync
 .text.__CheckARGV
                0x80023ba8       0x80 /opt/devkitpro/libogc/lib/wii/libogc.a(argv.o)
                0x80023ba8                __CheckARGV
 .text.CONF_Init
                0x80023c28      0x184 /opt/devkitpro/libogc/lib/wii/libogc.a(conf.o)
                0x80023c28                CONF_Init
 .text.__CONF_GetTxt
                0x80023dac      0x208 /opt/devkitpro/libogc/lib/wii/libogc.a(conf.o)
                0x80023dac                __CONF_GetTxt
 .text.__CONF_Find
                0x80023fb4       0xfc /opt/devkitpro/libogc/lib/wii/libogc.a(conf.o)
                0x80023fb4                __CONF_Find
 .text.CONF_GetLength
                0x800240b0      0x12c /opt/devkitpro/libogc/lib/wii/libogc.a(conf.o)
                0x800240b0                CONF_GetLength
 .text.CONF_Get
                0x800241dc      0x140 /opt/devkitpro/libogc/lib/wii/libogc.a(conf.o)
                0x800241dc                CONF_Get
 .text.CONF_GetShutdownMode
                0x8002431c       0x54 /opt/devkitpro/libogc/lib/wii/libogc.a(conf.o)
                0x8002431c                CONF_GetShutdownMode
 .text.CONF_GetIdleLedMode
                0x80024370       0x54 /opt/devkitpro/libogc/lib/wii/libogc.a(conf.o)
                0x80024370                CONF_GetIdleLedMode
 .text.CONF_GetProgressiveScan
                0x800243c4       0x54 /opt/devkitpro/libogc/lib/wii/libogc.a(conf.o)
                0x800243c4                CONF_GetProgressiveScan
 .text.CONF_GetEuRGB60
                0x80024418       0x54 /opt/devkitpro/libogc/lib/wii/libogc.a(conf.o)
                0x80024418                CONF_GetEuRGB60
 .text.CONF_GetIRSensitivity
                0x8002446c       0x54 /opt/devkitpro/libogc/lib/wii/libogc.a(conf.o)
                0x8002446c                CONF_GetIRSensitivity
 .text.CONF_GetSensorBarPosition
                0x800244c0       0x54 /opt/devkitpro/libogc/lib/wii/libogc.a(conf.o)
                0x800244c0                CONF_GetSensorBarPosition
 .text.CONF_GetCounterBias
                0x80024514       0x4c /opt/devkitpro/libogc/lib/wii/libogc.a(conf.o)
                0x80024514                CONF_GetCounterBias
 .text.CONF_GetDisplayOffsetH
                0x80024560       0x4c /opt/devkitpro/libogc/lib/wii/libogc.a(conf.o)
                0x80024560                CONF_GetDisplayOffsetH
 .text.CONF_GetPadDevices
                0x800245ac       0x4c /opt/devkitpro/libogc/lib/wii/libogc.a(conf.o)
                0x800245ac                CONF_GetPadDevices
 .text.CONF_GetVideo
                0x800245f8       0x88 /opt/devkitpro/libogc/lib/wii/libogc.a(conf.o)
                0x800245f8                CONF_GetVideo
 .text.__WII_WriteNANDBootInfo.isra.0
                0x80024680       0xbc /opt/devkitpro/libogc/lib/wii/libogc.a(wiilaunch.o)
 .text.__WII_WriteStateFlags.isra.0
                0x8002473c       0x94 /opt/devkitpro/libogc/lib/wii/libogc.a(wiilaunch.o)
 .text.WII_Initialize
                0x800247d0      0x188 /opt/devkitpro/libogc/lib/wii/libogc.a(wiilaunch.o)
                0x800247d0                WII_Initialize
 .text.WII_LaunchTitle
                0x80024958      0x1ac /opt/devkitpro/libogc/lib/wii/libogc.a(wiilaunch.o)
                0x80024958                WII_LaunchTitle
 .text.WII_ReturnToMenu
                0x80024b04       0x58 /opt/devkitpro/libogc/lib/wii/libogc.a(wiilaunch.o)
                0x80024b04                WII_ReturnToMenu
 .text.__lwp_priority_init
                0x80024b5c       0x1c /opt/devkitpro/libogc/lib/wii/libogc.a(lwp_priority.o)
                0x80024b5c                __lwp_priority_init
 .text.__lwp_threadqueue_enqueuefifo
                0x80024b78      0x12c /opt/devkitpro/libogc/lib/wii/libogc.a(lwp_threadq.o)
                0x80024b78                __lwp_threadqueue_enqueuefifo
 .text.__lwp_threadqueue_dequeuefifo
                0x80024ca4      0x134 /opt/devkitpro/libogc/lib/wii/libogc.a(lwp_threadq.o)
                0x80024ca4                __lwp_threadqueue_dequeuefifo
 .text.__lwp_threadqueue_enqueuepriority
                0x80024dd8      0x334 /opt/devkitpro/libogc/lib/wii/libogc.a(lwp_threadq.o)
                0x80024dd8                __lwp_threadqueue_enqueuepriority
 .text.__lwp_threadqueue_dequeuepriority
                0x8002510c      0x1d8 /opt/devkitpro/libogc/lib/wii/libogc.a(lwp_threadq.o)
                0x8002510c                __lwp_threadqueue_dequeuepriority
 .text.__lwp_threadqueue_init
                0x800252e4       0x64 /opt/devkitpro/libogc/lib/wii/libogc.a(lwp_threadq.o)
                0x800252e4                __lwp_threadqueue_init
 .text.__lwp_threadqueue_enqueue
                0x80025348      0x138 /opt/devkitpro/libogc/lib/wii/libogc.a(lwp_threadq.o)
                0x80025348                __lwp_threadqueue_enqueue
 .text.__lwp_threadqueue_dequeue
                0x80025480       0x24 /opt/devkitpro/libogc/lib/wii/libogc.a(lwp_threadq.o)
                0x80025480                __lwp_threadqueue_dequeue
 .text.__lwp_threadqueue_flush
                0x800254a4       0x68 /opt/devkitpro/libogc/lib/wii/libogc.a(lwp_threadq.o)
                0x800254a4                __lwp_threadqueue_flush
 .text.__lwp_threadqueue_extractfifo
                0x8002550c       0xe8 /opt/devkitpro/libogc/lib/wii/libogc.a(lwp_threadq.o)
                0x8002550c                __lwp_threadqueue_extractfifo
 .text.__lwp_threadqueue_extractpriority
                0x800255f4      0x148 /opt/devkitpro/libogc/lib/wii/libogc.a(lwp_threadq.o)
                0x800255f4                __lwp_threadqueue_extractpriority
 .text.__lwp_threadqueue_timeout
                0x8002573c       0xd0 /opt/devkitpro/libogc/lib/wii/libogc.a(lwp_threadq.o)
 .text.__lwp_threadqueue_extractproxy
                0x8002580c       0x64 /opt/devkitpro/libogc/lib/wii/libogc.a(lwp_threadq.o)
                0x8002580c                __lwp_threadqueue_extractproxy
 .text.__lwp_mutex_initialize
                0x80025870       0xa4 /opt/devkitpro/libogc/lib/wii/libogc.a(lwp_mutex.o)
                0x80025870                __lwp_mutex_initialize
 .text.__lwp_mutex_surrender
                0x80025914      0x14c /opt/devkitpro/libogc/lib/wii/libogc.a(lwp_mutex.o)
                0x80025914                __lwp_mutex_surrender
 .text.__lwp_mutex_seize_irq_blocking
                0x80025a60       0xf8 /opt/devkitpro/libogc/lib/wii/libogc.a(lwp_mutex.o)
                0x80025a60                __lwp_mutex_seize_irq_blocking
 .text.__lwp_mutex_flush
                0x80025b58        0x4 /opt/devkitpro/libogc/lib/wii/libogc.a(lwp_mutex.o)
                0x80025b58                __lwp_mutex_flush
 .text.__systemcall_init
                0x80025b5c       0x70 /opt/devkitpro/libogc/lib/wii/libogc.a(exception.o)
                0x80025b5c                __systemcall_init
 .text.__exception_init
                0x80025bcc      0x120 /opt/devkitpro/libogc/lib/wii/libogc.a(exception.o)
                0x80025bcc                __exception_init
 .text.__exception_close
                0x80025cec       0xac /opt/devkitpro/libogc/lib/wii/libogc.a(exception.o)
                0x80025cec                __exception_close
 .text.__exception_closeall
                0x80025d98       0x80 /opt/devkitpro/libogc/lib/wii/libogc.a(exception.o)
                0x80025d98                __exception_closeall
 .text.c_default_exceptionhandler
                0x80025e18      0x458 /opt/devkitpro/libogc/lib/wii/libogc.a(exception.o)
                0x80025e18                c_default_exceptionhandler
 .text.__lwp_sema_init
                0x80026270       0x14 /opt/devkitpro/libogc/lib/wii/libogc.a(semaphore.o)
                0x80026270                __lwp_sema_init
 .text.SPEC1_MakeStatus
                0x80026284      0x104 /opt/devkitpro/libogc/lib/wii/libogc.a(pad.o)
 .text.__pad_samplinghandler
                0x80026388        0x4 /opt/devkitpro/libogc/lib/wii/libogc.a(pad.o)
 .text.__pad_doreset
                0x8002638c       0x50 /opt/devkitpro/libogc/lib/wii/libogc.a(pad.o)
 .text.__pad_updateorigin
                0x800263dc       0xa4 /opt/devkitpro/libogc/lib/wii/libogc.a(pad.o)
 .text.__pad_disable
                0x80026480       0xbc /opt/devkitpro/libogc/lib/wii/libogc.a(pad.o)
 .text.__pad_receivecheckcallback
                0x8002653c       0x84 /opt/devkitpro/libogc/lib/wii/libogc.a(pad.o)
 .text.__pad_typeandstatuscallback
                0x800265c0      0x1ac /opt/devkitpro/libogc/lib/wii/libogc.a(pad.o)
 .text.__pad_originupdatecallback
                0x8002676c       0x2c /opt/devkitpro/libogc/lib/wii/libogc.a(pad.o)
 .text.__pad_onreset
                0x80026798      0x108 /opt/devkitpro/libogc/lib/wii/libogc.a(pad.o)
 .text.SPEC2_MakeStatus
                0x800268a0      0x214 /opt/devkitpro/libogc/lib/wii/libogc.a(pad.o)
 .text.__pad_origincallback
                0x80026ab4       0x74 /opt/devkitpro/libogc/lib/wii/libogc.a(pad.o)
 .text.__pad_probecallback
                0x80026b28       0x88 /opt/devkitpro/libogc/lib/wii/libogc.a(pad.o)
 .text.__PADDisableRecalibration
                0x80026bb0       0x64 /opt/devkitpro/libogc/lib/wii/libogc.a(pad.o)
                0x80026bb0                __PADDisableRecalibration
 .text.PAD_Reset
                0x80026c14       0xf0 /opt/devkitpro/libogc/lib/wii/libogc.a(pad.o)
                0x80026c14                PAD_Reset
 .text.PAD_Read
                0x80026d04      0x2d4 /opt/devkitpro/libogc/lib/wii/libogc.a(pad.o)
                0x80026d04                PAD_Read
 .text.PAD_Init
                0x80026fd8       0xf8 /opt/devkitpro/libogc/lib/wii/libogc.a(pad.o)
                0x80026fd8                PAD_Init
 .text.PAD_ScanPads
                0x800270d0      0x15c /opt/devkitpro/libogc/lib/wii/libogc.a(pad.o)
                0x800270d0                PAD_ScanPads
 .text.PAD_ButtonsDown
                0x8002722c       0x40 /opt/devkitpro/libogc/lib/wii/libogc.a(pad.o)
                0x8002722c                PAD_ButtonsDown
 .text.__exi_irq_handler
                0x8002726c       0x58 /opt/devkitpro/libogc/lib/wii/libogc.a(exi.o)
 .text.__ext_irq_handler
                0x800272c4       0xc8 /opt/devkitpro/libogc/lib/wii/libogc.a(exi.o)
 .text.__tc_irq_handler
                0x8002738c      0x178 /opt/devkitpro/libogc/lib/wii/libogc.a(exi.o)
 .text.__exi_probe
                0x80027504      0x214 /opt/devkitpro/libogc/lib/wii/libogc.a(exi.o)
 .text.__exi_attach
                0x80027718      0x104 /opt/devkitpro/libogc/lib/wii/libogc.a(exi.o)
 .text.EXI_Lock
                0x8002781c      0x218 /opt/devkitpro/libogc/lib/wii/libogc.a(exi.o)
                0x8002781c                EXI_Lock
 .text.EXI_Unlock
                0x80027a34      0x224 /opt/devkitpro/libogc/lib/wii/libogc.a(exi.o)
                0x80027a34                EXI_Unlock
 .text.EXI_Select
                0x80027c58      0x208 /opt/devkitpro/libogc/lib/wii/libogc.a(exi.o)
                0x80027c58                EXI_Select
 .text.EXI_Deselect
                0x80027e60      0x16c /opt/devkitpro/libogc/lib/wii/libogc.a(exi.o)
                0x80027e60                EXI_Deselect
 .text.EXI_Sync
                0x80027fcc      0x108 /opt/devkitpro/libogc/lib/wii/libogc.a(exi.o)
                0x80027fcc                EXI_Sync
 .text.EXI_Imm  0x800280d4      0x1f8 /opt/devkitpro/libogc/lib/wii/libogc.a(exi.o)
                0x800280d4                EXI_Imm
 .text.EXI_ImmEx
                0x800282cc       0xd8 /opt/devkitpro/libogc/lib/wii/libogc.a(exi.o)
                0x800282cc                EXI_ImmEx
 .text.EXI_Dma  0x800283a4      0x16c /opt/devkitpro/libogc/lib/wii/libogc.a(exi.o)
                0x800283a4                EXI_Dma
 .text.EXI_Detach
                0x80028510       0xb0 /opt/devkitpro/libogc/lib/wii/libogc.a(exi.o)
                0x80028510                EXI_Detach
 .text.EXI_GetID
                0x800285c0      0x338 /opt/devkitpro/libogc/lib/wii/libogc.a(exi.o)
                0x800285c0                EXI_GetID
 .text.__unlocked_handler
                0x800288f8       0x28 /opt/devkitpro/libogc/lib/wii/libogc.a(exi.o)
 .text.EXI_ProbeReset
                0x80028920       0x70 /opt/devkitpro/libogc/lib/wii/libogc.a(exi.o)
                0x80028920                EXI_ProbeReset
 .text.__exi_init
                0x80028990      0x188 /opt/devkitpro/libogc/lib/wii/libogc.a(exi.o)
                0x80028990                __exi_init
 .text.__lwp_mutex_locksupp.constprop.0
                0x80028b18      0x2a8 /opt/devkitpro/libogc/lib/wii/libogc.a(mutex.o)
 .text.__lwp_mutex_init
                0x80028dc0       0x14 /opt/devkitpro/libogc/lib/wii/libogc.a(mutex.o)
                0x80028dc0                __lwp_mutex_init
 .text.LWP_MutexInit
                0x80028dd4      0x100 /opt/devkitpro/libogc/lib/wii/libogc.a(mutex.o)
                0x80028dd4                LWP_MutexInit
 .text.LWP_MutexDestroy
                0x80028ed4       0xf0 /opt/devkitpro/libogc/lib/wii/libogc.a(mutex.o)
                0x80028ed4                LWP_MutexDestroy
 .text.LWP_MutexLock
                0x80028fc4        0x8 /opt/devkitpro/libogc/lib/wii/libogc.a(mutex.o)
                0x80028fc4                LWP_MutexLock
 .text.LWP_MutexUnlock
                0x80028fcc       0x9c /opt/devkitpro/libogc/lib/wii/libogc.a(mutex.o)
                0x80028fcc                LWP_MutexUnlock
 .text.__GX_InitRevBits
                0x80029068       0x98 /opt/devkitpro/libogc/lib/wii/libogc.a(gx.o)
 .text.GX_AbortFrame
                0x80029100      0x3d8 /opt/devkitpro/libogc/lib/wii/libogc.a(gx.o)
                0x80029100                GX_AbortFrame
 .text.number   0x800294d8      0x318 /opt/devkitpro/libogc/lib/wii/libogc.a(kprintf.o)
 .text.kvsprintf
                0x800297f0      0x888 /opt/devkitpro/libogc/lib/wii/libogc.a(kprintf.o)
                0x800297f0                kvsprintf
 .text.kprintf  0x8002a078       0xac /opt/devkitpro/libogc/lib/wii/libogc.a(kprintf.o)
                0x8002a078                kprintf
 .text.net_wc24cleanup
                0x8002a124       0x64 /opt/devkitpro/libogc/lib/wii/libogc.a(network_wii.o)
                0x8002a124                net_wc24cleanup
 .text.hypotf   0x8002a188       0x68 /opt/devkitpro/devkitPPC/bin/../lib/gcc/powerpc-eabi/13.2.0/../../../../powerpc-eabi/lib/libstdc++.a(math_stubs_float.o)
                0x8002a188                hypotf
 .text.atanf    0x8002a1f0      0x290 /opt/devkitpro/devkitPPC/bin/../lib/gcc/powerpc-eabi/13.2.0/../../../../powerpc-eabi/lib/libm.a(libm_a-sf_atan.o)
                0x8002a1f0                atanf
 .text.cosf     0x8002a480       0xe0 /opt/devkitpro/devkitPPC/bin/../lib/gcc/powerpc-eabi/13.2.0/../../../../powerpc-eabi/lib/libm.a(libm_a-sf_cos.o)
                0x8002a480                cosf
 .text.sqrtf    0x8002a560       0x74 /opt/devkitpro/devkitPPC/bin/../lib/gcc/powerpc-eabi/13.2.0/../../../../powerpc-eabi/lib/libm.a(libm_a-wf_sqrt.o)
                0x8002a560                sqrtf
 .text.fabsf    0x8002a5d4       0x20 /opt/devkitpro/devkitPPC/bin/../lib/gcc/powerpc-eabi/13.2.0/../../../../powerpc-eabi/lib/libm.a(libm_a-sf_fabs.o)
                0x8002a5d4                fabsf
 .text.sincosf  0x8002a5f4       0x58 /opt/devkitpro/devkitPPC/bin/../lib/gcc/powerpc-eabi/13.2.0/../../../../powerpc-eabi/lib/libm.a(libm_a-wf_sincos.o)
                0x8002a5f4                sincosf
 .text.sinf     0x8002a64c       0xe4 /opt/devkitpro/devkitPPC/bin/../lib/gcc/powerpc-eabi/13.2.0/../../../../powerpc-eabi/lib/libm.a(libm_a-sf_sin.o)
                0x8002a64c                sinf
 .text.atan2    0x8002a730        0x4 /opt/devkitpro/devkitPPC/bin/../lib/gcc/powerpc-eabi/13.2.0/../../../../powerpc-eabi/lib/libm.a(libm_a-w_atan2.o)
                0x8002a730                atan2
 .text.sincos   0x8002a734       0x58 /opt/devkitpro/devkitPPC/bin/../lib/gcc/powerpc-eabi/13.2.0/../../../../powerpc-eabi/lib/libm.a(libm_a-w_sincos.o)
                0x8002a734                sincos
 .text.sin      0x8002a78c       0xe0 /opt/devkitpro/devkitPPC/bin/../lib/gcc/powerpc-eabi/13.2.0/../../../../powerpc-eabi/lib/libm.a(libm_a-s_sin.o)
                0x8002a78c                sin
 .text.cos      0x8002a86c       0xdc /opt/devkitpro/devkitPPC/bin/../lib/gcc/powerpc-eabi/13.2.0/../../../../powerpc-eabi/lib/libm.a(libm_a-s_cos.o)
                0x8002a86c                cos
 .text.__kernel_sinf