Archive member included to satisfy reference by file (symbol)

/opt/devkitpro/libogc/lib/wii/libwiiuse.a(wpad.o)
                              main.o (WPAD_Init)
/opt/devkitpro/libogc/lib/wii/libwiiuse.a(motion_plus.o)
                              /opt/devkitpro/libogc/lib/wii/libwiiuse.a(wpad.o) (wiiuse_set_motion_plus)
/opt/devkitpro/libogc/lib/wii/libwiiuse.a(dynamics.o)
                              /opt/devkitpro/libogc/lib/wii/libwiiuse.a(wpad.o) (calculate_gforce)
/opt/devkitpro/libogc/lib/wii/libwiiuse.a(io.o)
                              /opt/devkitpro/libogc/lib/wii/libwiiuse.a(motion_plus.o) (wiiuse_disable_expansion)
/opt/devkitpro/libogc/lib/wii/libwiiuse.a(io_wii.o)
                              /opt/devkitpro/libogc/lib/wii/libwiiuse.a(wpad.o) (__wiiuse_sensorbar_enable)
/opt/devkitpro/libogc/lib/wii/libwiiuse.a(ir.o)
                              /opt/devkitpro/libogc/lib/wii/libwiiuse.a(motion_plus.o) (wiiuse_set_ir_mode)
/opt/devkitpro/libogc/lib/wii/libwiiuse.a(nunchuk.o)
                              /opt/devkitpro/libogc/lib/wii/libwiiuse.a(io.o) (nunchuk_handshake)
/opt/devkitpro/libogc/lib/wii/libwiiuse.a(wiiboard.o)
                              /opt/devkitpro/libogc/lib/wii/libwiiuse.a(io.o) (wii_board_handshake)
/opt/devkitpro/libogc/lib/wii/libwiiuse.a(wiiuse.o)
                              /opt/devkitpro/libogc/lib/wii/libwiiuse.a(wpad.o) (wiiuse_init)
/opt/devkitpro/libogc/lib/wii/libwiiuse.a(speaker.o)
                              /opt/devkitpro/libogc/lib/wii/libwiiuse.a(wpad.o) (wencdata)
/opt/devkitpro/libogc/lib/wii/libwiiuse.a(classic.o)
                              /opt/devkitpro/libogc/lib/wii/libwiiuse.a(io.o) (classic_ctrl_handshake)
/opt/devkitpro/libogc/lib/wii/libwiiuse.a(events.o)
                              /opt/devkitpro/libogc/lib/wii/libwiiuse.a(io_wii.o) (parse_event)
/opt/devkitpro/libogc/lib/wii/libwiiuse.a(guitar_hero_3.o)
                              /opt/devkitpro/libogc/lib/wii/libwiiuse.a(io.o) (guitar_hero_3_handshake)
/opt/devkitpro/libogc/lib/wii/libbte.a(bte.o)
                              /opt/devkitpro/libogc/lib/wii/libwiiuse.a(wpad.o) (BTE_Init)
/opt/devkitpro/libogc/lib/wii/libbte.a(hci.o)
                              /opt/devkitpro/libogc/lib/wii/libbte.a(bte.o) (hci_init)
/opt/devkitpro/libogc/lib/wii/libbte.a(l2cap.o)
                              /opt/devkitpro/libogc/lib/wii/libbte.a(bte.o) (l2cap_init)
/opt/devkitpro/libogc/lib/wii/libbte.a(btmemb.o)
                              /opt/devkitpro/libogc/lib/wii/libbte.a(bte.o) (btmemb_init)
/opt/devkitpro/libogc/lib/wii/libbte.a(btmemr.o)
                              /opt/devkitpro/libogc/lib/wii/libbte.a(hci.o) (btmemr_init)
/opt/devkitpro/libogc/lib/wii/libbte.a(btpbuf.o)
                              /opt/devkitpro/libogc/lib/wii/libbte.a(hci.o) (btpbuf_init)
/opt/devkitpro/libogc/lib/wii/libbte.a(physbusif.o)
                              /opt/devkitpro/libogc/lib/wii/libbte.a(bte.o) (physbusif_init)
/opt/devkitpro/libogc/lib/wii/libogc.a(lwp_queue.o)
                              /opt/devkitpro/libogc/lib/wii/libwiiuse.a(io_wii.o) (__lwp_queue_initialize)
/opt/devkitpro/libogc/lib/wii/libogc.a(lwp_threads.o)
                              /opt/devkitpro/libogc/lib/wii/libwiiuse.a(wpad.o) (_thread_dispatch_disable_level)
/opt/devkitpro/libogc/lib/wii/libogc.a(lwp.o)
                              /opt/devkitpro/libogc/lib/wii/libbte.a(bte.o) (LWP_InitQueue)
/opt/devkitpro/libogc/lib/wii/libogc.a(lwp_handler.o)
                              /opt/devkitpro/libogc/lib/wii/libogc.a(lwp_threads.o) (_cpu_context_save_fp)
/opt/devkitpro/libogc/lib/wii/libogc.a(lwp_stack.o)
                              /opt/devkitpro/libogc/lib/wii/libogc.a(lwp_threads.o) (__lwp_stack_allocate)
/opt/devkitpro/libogc/lib/wii/libogc.a(lwp_watchdog.o)
                              /opt/devkitpro/libogc/lib/wii/libogc.a(lwp_threads.o) (_wd_ticks_queue)
/opt/devkitpro/libogc/lib/wii/libogc.a(lwp_wkspace.o)
                              /opt/devkitpro/libogc/lib/wii/libwiiuse.a(motion_plus.o) (__wkspace_heap)
/opt/devkitpro/libogc/lib/wii/libogc.a(lwp_objmgr.o)
                              /opt/devkitpro/libogc/lib/wii/libogc.a(lwp.o) (__lwp_objmgr_initinfo)
/opt/devkitpro/libogc/lib/wii/libogc.a(lwp_heap.o)
                              /opt/devkitpro/libogc/lib/wii/libogc.a(lwp_wkspace.o) (__lwp_heap_init)
/opt/devkitpro/libogc/lib/wii/libogc.a(sys_state.o)
                              /opt/devkitpro/libogc/lib/wii/libogc.a(lwp_threads.o) (_sys_state_curr)
/opt/devkitpro/libogc/lib/wii/libogc.a(irq.o)
                              /opt/devkitpro/libogc/lib/wii/libwiiuse.a(io_wii.o) (IRQ_Disable)
/opt/devkitpro/libogc/lib/wii/libogc.a(video.o)
                              main.o (VIDEO_Configure)
/opt/devkitpro/libogc/lib/wii/libogc.a(system.o)
                              /opt/devkitpro/libogc/lib/wii/libwiiuse.a(wpad.o) (__SYS_DoPowerCB)
/opt/devkitpro/libogc/lib/wii/libogc.a(system_asm.o)
[...]
Memory Configuration

Name             Origin             Length             Attributes
*default*        0x00000000         0xffffffff

Linker script and memory map

                0x00003400                        . = 0x3400

.stub
 *(.stub)
                0x80004000                        . = 0x80004000

.init           0x80004000      0x194
 *crt0.o(*.init)
 .init          0x80004000      0x170 /opt/devkitpro/libogc/lib/wii/libogc.a(ogc_crt0.o)
                0x80004000                _start
                0x80004140                _memset
 *(.init)
 .init          0x80004170        0xc /opt/devkitpro/devkitPPC/bin/../lib/gcc/powerpc-eabi/13.2.0/ecrti.o
                0x80004170                __init
 .init          0x8000417c        0x4 /opt/devkitpro/devkitPPC/bin/../lib/gcc/powerpc-eabi/13.2.0/crtbegin.o
 .init          0x80004180        0x4 /opt/devkitpro/devkitPPC/bin/../lib/gcc/powerpc-eabi/13.2.0/crtend.o
 .init          0x80004184       0x10 /opt/devkitpro/devkitPPC/bin/../lib/gcc/powerpc-eabi/13.2.0/ecrtn.o

.rela.dyn       0x80004194        0x0
 .rela.iplt     0x80004194        0x0 /opt/devkitpro/devkitPPC/bin/../lib/gcc/powerpc-eabi/13.2.0/crtbegin.o

.plt
 *(.plt)

.interp
 *(.interp)

.hash
 *(.hash)

.dynsym
 *(.dynsym)

.dynstr
 *(.dynstr)

.gnu.version
 *(.gnu.version)

.gnu.version_d
 *(.gnu.version_d)

.gnu.version_r
 *(.gnu.version_r)

.rel.init
 *(.rel.init)

.rela.init
 *(.rela.init)

.rel.text
 *(.rel.text .rel.text.* .rel.gnu.linkonce.t.*)

.rela.text      0x80004194        0x0
 *(.rela.text .rela.text.* .rela.gnu.linkonce.t.*)
 .rela.text.__do_global_dtors_aux
                0x80004194        0x0 /opt/devkitpro/devkitPPC/bin/../lib/gcc/powerpc-eabi/13.2.0/crtbegin.o
 .rela.text.frame_dummy
                0x80004194        0x0 /opt/devkitpro/devkitPPC/bin/../lib/gcc/powerpc-eabi/13.2.0/crtbegin.o

.rel.fini
 *(.rel.fini)

.rela.fini
 *(.rela.fini)

.rel.rodata
 *(.rel.rodata .rel.rodata.* .rel.gnu.linkonce.r.*)

.rela.rodata
 *(.rela.rodata .rela.rodata.* .rela.gnu.linkonce.r.*)

.rel.data
 *(.rel.data .rel.data.* .rel.gnu.linkonce.d.*)

.rela.data
 *(.rela.data .rela.data.* .rela.gnu.linkonce.d.*)

.rel.tdata
 *(.rel.tdata .rel.tdata.* .rel.gnu.linkonce.td.*)

.rela.tdata
 *(.rela.tdata .rela.tdata.* .rela.gnu.linkonce.td.*)

.rel.tbss
 *(.rel.tbss .rel.tbss.* .rel.gnu.linkonce.tb.*)

.rela.tbss
 *(.rela.tbss .rela.tbss.* .rela.gnu.linkonce.tb.*)

.rel.ctors
 *(.rel.ctors)

.rela.ctors
 *(.rela.ctors)

.rel.dtors
 *(.rel.dtors)

.rela.dtors
 *(.rela.dtors)

.rel.got
 *(.rel.got)

.rela.got
 *(.rela.got)

.rela.got1
 *(.rela.got1)

.rela.got2
 *(.rela.got2)

.rel.sdata
 *(.rel.sdata .rel.sdata.* .rel.gnu.linkonce.s.*)

.rela.sdata
 *(.rela.sdata .rela.sdata.* .rela.gnu.linkonce.s.*)

.rel.sbss
 *(.rel.sbss .rel.sbss.* .rel.gnu.linkonce.sb.*)

.rela.sbss
 *(.rela.sbss .rela.sbss.* .rel.gnu.linkonce.sb.*)

.rel.sdata2
 *(.rel.sdata2 .rel.sdata2.* .rel.gnu.linkonce.s2.*)

.rela.sdata2
 *(.rela.sdata2 .rela.sdata2.* .rela.gnu.linkonce.s2.*)

.rel.sbss2
 *(.rel.sbss2 .rel.sbss2.* .rel.gnu.linkonce.sb2.*)

.rela.sbss2
 *(.rela.sbss2 .rela.sbss2.* .rela.gnu.linkonce.sb2.*)

.rel.bss
 *(.rel.bss .rel.bss.* .rel.gnu.linkonce.b.*)

.rela.bss
 *(.rela.bss .rela.bss.* .rela.gnu.linkonce.b.*)

.rel.plt
 *(.rel.plt)

.rela.plt
 *(.rela.plt)

.text           0x800041a0    0x40b20
 *(.text)
 .text          0x800041a0      0x44c /opt/devkitpro/libogc/lib/wii/libogc.a(lwp_handler.o)
                0x800041a0                _cpu_context_save_fp
                0x800042e0                _cpu_context_restore_fp
                0x80004420                _cpu_context_switch
                0x80004500                _cpu_context_save
                0x80004580                _cpu_context_restore
 .text          0x800045ec      0x4a0 /opt/devkitpro/libogc/lib/wii/libogc.a(system_asm.o)
                0x800045ec                __realmode
                0x80004604                __configBATS
                0x80004734                __InitFPRS
                0x80004860                __InitPS
                0x800048bc                __InitCache
                0x80004914                __InitSystem
                0x8000499c                __flush_cache
                0x800049d0                __reset
                0x80004a40                __InitBATS
                0x80004a5c                SYS_SwitchFiber
 .text          0x80004a8c      0x8dc /opt/devkitpro/libogc/lib/wii/libogc.a(gu_psasm.o)
                0x80004a8c                ps_guMtxConcat
                0x80004b50                ps_guMtxIdentity
                0x80004b7c                ps_guMtxCopy
                0x80004bb0                ps_guMtxTranspose
                0x80004c00                ps_guMtxInverse
                0x80004cf8                ps_guMtxInvXpose
                0x80004dc0                ps_guMtxScale
                0x80004de8                ps_guMtxScaleApply
                0x80004e40                ps_guMtxApplyScale
                0x80004ea4                ps_guMtxTrans
                0x80004ed8                ps_guMtxTransApply
                0x80004f24                ps_guMtxApplyTrans
                0x80004fa0                ps_guMtxRotTrig
                0x80005050                __ps_guMtxRotAxisRadInternal
                0x80005110                ps_guMtxReflect
                0x80005180                ps_guVecAdd
                0x800051a4                ps_guVecSub
                0x800051c8                ps_guVecScale
                0x800051e4                ps_guVecNormalize
                0x80005228                ps_guVecCross
                0x80005264                ps_guVecDotProduct
                0x80005284                ps_guVecMultiply
                0x800052d8                ps_guVecMultiplySR
                0x80005348                ps_guQuatDotProduct
 .text          0x80005368      0x1ac /opt/devkitpro/libogc/lib/wii/libogc.a(irq_handler.o)
                0x80005368                irq_exceptionhandler
 .text          0x80005514      0x4f4 /opt/devkitpro/libogc/lib/wii/libogc.a(cache_asm.o)
                0x80005514                DCFlashInvalidate
                0x80005528                DCEnable
                0x8000553c                DCDisable
                0x80005550                DCFreeze
                0x80005564                DCUnfreeze
                0x80005578                DCTouchLoad
                0x80005580                DCBlockZero
                0x80005588                DCBlockStore
                0x80005590                DCBlockFlush
                0x80005598                DCBlockInvalidate
                0x800055a0                DCInvalidateRange
                0x800055d0                DCFlushRange
                0x80005604                DCStoreRange
                0x80005638                DCFlushRangeNoSync
                0x80005668                DCStoreRangeNoSync
                0x80005698                DCZeroRange
                0x800056c8                DCTouchRange
                0x800056f8                ICInvalidateRange
                0x80005730                ICFlashInvalidate
                0x80005744                ICEnable
                0x80005758                ICDisable
                0x8000576c                ICFreeze
                0x80005780                ICUnfreeze
                0x80005794                ICBlockInvalidate
                0x8000579c                ICSync
                0x800057a4                L2Init
                0x800057ec                L2Enable
                0x80005808                L2Disable
                0x80005820                L2GlobalInvalidate
                0x80005878                __LCEnable
                0x80005944                LCDisable
                0x8000596c                LCAllocOneTag
                0x80005980                LCAllocTags
                0x800059c0                LCLoadBlocks
                0x800059e4                LCStoreBlocks
 .text          0x80005a08      0x1ac /opt/devkitpro/libogc/lib/wii/libogc.a(decrementer_handler.o)
                0x80005a08                dec_exceptionhandler
 .text          0x80005bb4      0x35c /opt/devkitpro/libogc/lib/wii/libogc.a(exception_handler.o)
                0x80005bb4                exceptionhandler_start
                0x80005c30                exceptionhandler_patch
                0x80005c64                exceptionhandler_end
                0x80005c68                default_exceptionhandler
                0x80005d98                fpu_exceptionhandler
                0x80005ee0                systemcallhandler_start
                0x80005f0c                systemcallhandler_end
 .text          0x80005f10       0x48 /opt/devkitpro/devkitPPC/bin/../lib/gcc/powerpc-eabi/13.2.0/libgcc.a(eabi.o)
                0x80005f10                __eabi
 .text          0x80005f58       0x58 /opt/devkitpro/devkitPPC/bin/../lib/gcc/powerpc-eabi/13.2.0/libgcc.a(crtresxfpr.o)
                0x80005f58                _restfpr_14_x
                0x80005f5c                _restfpr_15_x
                0x80005f60                _restfpr_16_x
                0x80005f64                _restfpr_17_x
                0x80005f68                _restfpr_18_x
                0x80005f6c                _restfpr_19_x
                0x80005f70                _restfpr_20_x
                0x80005f74                _restfpr_21_x
                0x80005f78                _restfpr_22_x
                0x80005f7c                _restfpr_23_x
                0x80005f80                _restfpr_24_x
                0x80005f84                _restfpr_25_x
                0x80005f88                _restfpr_26_x
                0x80005f8c                _restfpr_27_x
                0x80005f90                _restfpr_28_x
                0x80005f94                _restfpr_29_x
                0x80005f98                _restfpr_30_x
                0x80005f9c                _restfpr_31_x
 .text          0x80005fb0       0x58 /opt/devkitpro/devkitPPC/bin/../lib/gcc/powerpc-eabi/13.2.0/libgcc.a(crtresxgpr.o)
                0x80005fb0                _restgpr_14_x
                0x80005fb4                _restgpr_15_x
                0x80005fb8                _restgpr_16_x
                0x80005fbc                _restgpr_17_x
                0x80005fc0                _restgpr_18_x
                0x80005fc4                _restgpr_19_x
                0x80005fc8                _restgpr_20_x
                0x80005fcc                _restgpr_21_x
                0x80005fd0                _restgpr_22_x
                0x80005fd4                _restgpr_23_x
                0x80005fd8                _restgpr_24_x
                0x80005fdc                _restgpr_25_x
                0x80005fe0                _restgpr_26_x
                0x80005fe4                _restgpr_27_x
                0x80005fe8                _restgpr_28_x
                0x80005fec                _restgpr_29_x
                0x80005ff0                _restgpr_30_x
                0x80005ff4                _restgpr_31_x
 *(.text.*)
 .text.__do_global_dtors_aux
                0x80006008       0xcc /opt/devkitpro/devkitPPC/bin/../lib/gcc/powerpc-eabi/13.2.0/crtbegin.o
 .text.frame_dummy
                0x800060d4       0x24 /opt/devkitpro/devkitPPC/bin/../lib/gcc/powerpc-eabi/13.2.0/crtbegin.o
 .text.__crtmain
                0x800060f8       0x44 /opt/devkitpro/devkitPPC/bin/../lib/gcc/powerpc-eabi/13.2.0/../../../../powerpc-eabi/lib/crtmain.o
                0x800060fc                __crtmain
 .text._Z13drawSpriteTexiiiii
                0x8000613c      0x19c main.o
                0x8000613c                _Z13drawSpriteTexiiiii
 .text.startup.main
                0x800062d8      0x528 main.o
                0x800062d8                main
 .text.__wpad_assign_slot
                0x80006800      0x254 /opt/devkitpro/libogc/lib/wii/libwiiuse.a(wpad.o)
                0x80006800                __wpad_assign_slot
 .text.__wpad_def_powcb
                0x80006a54        0x4 /opt/devkitpro/libogc/lib/wii/libwiiuse.a(wpad.o)
 .text.__readlinkkey_finished
                0x80006a58       0x34 /opt/devkitpro/libogc/lib/wii/libwiiuse.a(wpad.o)
 .text.__wpad_patch_finished
                0x80006a8c       0x2c /opt/devkitpro/libogc/lib/wii/libwiiuse.a(wpad.o)
 .text.__wpad_setfmt
                0x80006ab8      0x14c /opt/devkitpro/libogc/lib/wii/libwiiuse.a(wpad.o)
 .text.__wpad_eventCB
                0x80006c04      0xad4 /opt/devkitpro/libogc/lib/wii/libwiiuse.a(wpad.o)
 .text.__wpad_disconnectCB
                0x800076d8       0xd4 /opt/devkitpro/libogc/lib/wii/libwiiuse.a(wpad.o)
                0x800076d8                __wpad_disconnectCB
 .text.__wpad_timeouthandler
                0x800077ac       0xa8 /opt/devkitpro/libogc/lib/wii/libwiiuse.a(wpad.o)
 .text.__initcore_finished
                0x80007854       0x48 /opt/devkitpro/libogc/lib/wii/libwiiuse.a(wpad.o)
 .text.__wpad_init_finished
                0x8000789c      0x194 /opt/devkitpro/libogc/lib/wii/libwiiuse.a(wpad.o)
 .text.WPAD_ReadEvent
                0x80007a30      0x68c /opt/devkitpro/libogc/lib/wii/libwiiuse.a(wpad.o)
                0x80007a30                WPAD_ReadEvent
 .text.WPAD_ReadPending
                0x800080bc      0x1a0 /opt/devkitpro/libogc/lib/wii/libwiiuse.a(wpad.o)
                0x800080bc                WPAD_ReadPending
 .text.WPAD_Shutdown
                0x8000825c      0x114 /opt/devkitpro/libogc/lib/wii/libwiiuse.a(wpad.o)
                0x8000825c                WPAD_Shutdown
 .text.WPAD_Init
                0x80008370      0x2c4 /opt/devkitpro/libogc/lib/wii/libwiiuse.a(wpad.o)
                0x80008370                WPAD_Init
 .text.__wpad_onreset
                0x80008634       0x34 /opt/devkitpro/libogc/lib/wii/libwiiuse.a(wpad.o)
 .text.WPAD_ScanPads
                0x80008668       0x90 /opt/devkitpro/libogc/lib/wii/libwiiuse.a(wpad.o)
                0x80008668                WPAD_ScanPads
 .text.WPAD_ButtonsDown
                0x800086f8       0x28 /opt/devkitpro/libogc/lib/wii/libwiiuse.a(wpad.o)
                0x800086f8                WPAD_ButtonsDown
 .text.motion_plus_disconnected
                0x80008720       0x10 /opt/devkitpro/libogc/lib/wii/libwiiuse.a(motion_plus.o)
                0x80008720                motion_plus_disconnected
 .text.motion_plus_event
                0x80008730       0x64 /opt/devkitpro/libogc/lib/wii/libwiiuse.a(motion_plus.o)
                0x80008730                motion_plus_event
 .text.calculate_gforce
                0x80008794      0x114 /opt/devkitpro/libogc/lib/wii/libwiiuse.a(dynamics.o)
                0x80008794                calculate_gforce
 .text.calc_joystick_state
                0x800088a8      0x210 /opt/devkitpro/libogc/lib/wii/libwiiuse.a(dynamics.o)
                0x800088a8                calc_joystick_state
 .text.apply_smoothing
                0x80008ab8      0x140 /opt/devkitpro/libogc/lib/wii/libwiiuse.a(dynamics.o)
                0x80008ab8                apply_smoothing
 .text.calculate_orientation
                0x80008bf8      0x340 /opt/devkitpro/libogc/lib/wii/libwiiuse.a(dynamics.o)
                0x80008bf8                calculate_orientation
 .text.calc_balanceboard_state
                0x80008f38      0x3a4 /opt/devkitpro/libogc/lib/wii/libwiiuse.a(dynamics.o)
                0x80008f38                calc_balanceboard_state
 .text.wiiuse_handshake
                0x800092dc      0x27c /opt/devkitpro/libogc/lib/wii/libwiiuse.a(io.o)
                0x800092dc                wiiuse_handshake
 .text.wiiuse_handshake_expansion
                0x80009558      0x1f0 /opt/devkitpro/libogc/lib/wii/libwiiuse.a(io.o)
                0x80009558                wiiuse_handshake_expansion
 .text.wiiuse_handshake_expansion_start
                0x80009748       0x5c /opt/devkitpro/libogc/lib/wii/libwiiuse.a(io.o)
                0x80009748                wiiuse_handshake_expansion_start
 .text.wiiuse_disable_expansion
                0x800097a4      0x1b0 /opt/devkitpro/libogc/lib/wii/libwiiuse.a(io.o)
                0x800097a4                wiiuse_disable_expansion
 .text.__wiiuse_connected
                0x80009954       0x9c /opt/devkitpro/libogc/lib/wii/libwiiuse.a(io_wii.o)
 .text.__wiiuse_disconnected
                0x800099f0       0xb4 /opt/devkitpro/libogc/lib/wii/libwiiuse.a(io_wii.o)
 .text.__wiiuse_receive
                0x80009aa4       0xd0 /opt/devkitpro/libogc/lib/wii/libwiiuse.a(io_wii.o)
 .text.__wiiuse_sensorbar_enable
                0x80009b74       0x54 /opt/devkitpro/libogc/lib/wii/libwiiuse.a(io_wii.o)
                0x80009b74                __wiiuse_sensorbar_enable
 .text.wiiuse_register
                0x80009bc8       0xf0 /opt/devkitpro/libogc/lib/wii/libwiiuse.a(io_wii.o)
                0x80009bc8                wiiuse_register
 .text.wiiuse_disconnect
                0x80009cb8       0x24 /opt/devkitpro/libogc/lib/wii/libwiiuse.a(io_wii.o)
                0x80009cb8                wiiuse_disconnect
 .text.wiiuse_init_cmd_queue
                0x80009cdc       0x9c /opt/devkitpro/libogc/lib/wii/libwiiuse.a(io_wii.o)
                0x80009cdc                wiiuse_init_cmd_queue
 .text.wiiuse_io_write
                0x80009d78       0x1c /opt/devkitpro/libogc/lib/wii/libwiiuse.a(io_wii.o)
                0x80009d78                wiiuse_io_write
 .text.rotate_dots
                0x80009d94      0x13c /opt/devkitpro/libogc/lib/wii/libwiiuse.a(ir.o)
 .text.get_ir_sens.constprop.0.isra.0
                0x80009ed0       0xdc /opt/devkitpro/libogc/lib/wii/libwiiuse.a(ir.o)
 .text.wiiuse_set_ir_mode
                0x80009fac       0x5c /opt/devkitpro/libogc/lib/wii/libwiiuse.a(ir.o)
                0x80009fac                wiiuse_set_ir_mode
 .text.wiiuse_set_ir
                0x8000a008      0x204 /opt/devkitpro/libogc/lib/wii/libwiiuse.a(ir.o)
                0x8000a008                wiiuse_set_ir
 .text.wiiuse_set_ir_position
                0x8000a20c       0x80 /opt/devkitpro/libogc/lib/wii/libwiiuse.a(ir.o)
                0x8000a20c                wiiuse_set_ir_position
 .text.wiiuse_set_aspect_ratio
                0x8000a28c       0xac /opt/devkitpro/libogc/lib/wii/libwiiuse.a(ir.o)
                0x8000a28c                wiiuse_set_aspect_ratio
 .text.wiiuse_set_ir_sensitivity
                0x8000a338       0xe4 /opt/devkitpro/libogc/lib/wii/libwiiuse.a(ir.o)
                0x8000a338                wiiuse_set_ir_sensitivity
 .text.calculate_basic_ir
                0x8000a41c       0xe8 /opt/devkitpro/libogc/lib/wii/libwiiuse.a(ir.o)
                0x8000a41c                calculate_basic_ir
 .text.calculate_extended_ir
                0x8000a504       0x64 /opt/devkitpro/libogc/lib/wii/libwiiuse.a(ir.o)
                0x8000a504                calculate_extended_ir
 .text.find_sensorbar
                0x8000a568      0xa00 /opt/devkitpro/libogc/lib/wii/libwiiuse.a(ir.o)
                0x8000a568                find_sensorbar
 .text.apply_ir_smoothing
                0x8000af68      0x124 /opt/devkitpro/libogc/lib/wii/libwiiuse.a(ir.o)
                0x8000af68                apply_ir_smoothing
 .text.interpret_ir_data
                0x8000b08c      0x3c8 /opt/devkitpro/libogc/lib/wii/libwiiuse.a(ir.o)
                0x8000b08c                interpret_ir_data
 .text.nunchuk_handshake
                0x8000b454      0x31c /opt/devkitpro/libogc/lib/wii/libwiiuse.a(nunchuk.o)
                0x8000b454                nunchuk_handshake
 .text.nunchuk_disconnected
                0x8000b770        0xc /opt/devkitpro/libogc/lib/wii/libwiiuse.a(nunchuk.o)
                0x8000b770                nunchuk_disconnected
 .text.nunchuk_event
                0x8000b77c       0xe8 /opt/devkitpro/libogc/lib/wii/libwiiuse.a(nunchuk.o)
                0x8000b77c                nunchuk_event
 .text.wii_board_handshake
                0x8000b864      0x284 /opt/devkitpro/libogc/lib/wii/libwiiuse.a(wiiboard.o)
                0x8000b864                wii_board_handshake
 .text.wii_board_disconnected
                0x8000bae8        0xc /opt/devkitpro/libogc/lib/wii/libwiiuse.a(wiiboard.o)
                0x8000bae8                wii_board_disconnected
 .text.wii_board_event
                0x8000baf4       0x24 /opt/devkitpro/libogc/lib/wii/libwiiuse.a(wiiboard.o)
                0x8000baf4                wii_board_event
 .text.wiiuse_send_next_command
                0x8000bb18       0x58 /opt/devkitpro/libogc/lib/wii/libwiiuse.a(wiiuse.o)
                0x8000bb18                wiiuse_send_next_command
 .text.wiiuse_init
                0x8000bb70      0x208 /opt/devkitpro/libogc/lib/wii/libwiiuse.a(wiiuse.o)
                0x8000bb70                wiiuse_init
 .text.wiiuse_set_flags
                0x8000bd78       0x28 /opt/devkitpro/libogc/lib/wii/libwiiuse.a(wiiuse.o)
                0x8000bd78                wiiuse_set_flags
 .text.wiiuse_read_data
                0x8000bda0      0x154 /opt/devkitpro/libogc/lib/wii/libwiiuse.a(wiiuse.o)
                0x8000bda0                wiiuse_read_data
 .text.wiiuse_write_data
                0x8000bef4      0x18c /opt/devkitpro/libogc/lib/wii/libwiiuse.a(wiiuse.o)
                0x8000bef4                wiiuse_write_data
 .text.wiiuse_sendcmd
                0x8000c080      0x144 /opt/devkitpro/libogc/lib/wii/libwiiuse.a(wiiuse.o)
                0x8000c080                wiiuse_sendcmd
 .text.wiiuse_set_leds
                0x8000c1c4       0x50 /opt/devkitpro/libogc/lib/wii/libwiiuse.a(wiiuse.o)
                0x8000c1c4                wiiuse_set_leds
 .text.wiiuse_set_report_type
                0x8000c214       0xb0 /opt/devkitpro/libogc/lib/wii/libwiiuse.a(wiiuse.o)
                0x8000c214                wiiuse_set_report_type
 .text.wiiuse_status
                0x8000c2c4       0x4c /opt/devkitpro/libogc/lib/wii/libwiiuse.a(wiiuse.o)
                0x8000c2c4                wiiuse_status
 .text.wiiuse_motion_sensing
                0x8000c310       0x84 /opt/devkitpro/libogc/lib/wii/libwiiuse.a(wiiuse.o)
                0x8000c310                wiiuse_motion_sensing
 .text.wiiuse_set_speaker
                0x8000c394      0x24c /opt/devkitpro/libogc/lib/wii/libwiiuse.a(speaker.o)
                0x8000c394                wiiuse_set_speaker
 .text.classic_ctrl_handshake
                0x8000c5e0      0x410 /opt/devkitpro/libogc/lib/wii/libwiiuse.a(classic.o)
                0x8000c5e0                classic_ctrl_handshake
 .text.classic_ctrl_disconnected
                0x8000c9f0        0xc /opt/devkitpro/libogc/lib/wii/libwiiuse.a(classic.o)
                0x8000c9f0                classic_ctrl_disconnected
 .text.classic_ctrl_event
                0x8000c9fc      0x15c /opt/devkitpro/libogc/lib/wii/libwiiuse.a(classic.o)
                0x8000c9fc                classic_ctrl_event
 .text.handle_expansion
                0x8000cb58       0x54 /opt/devkitpro/libogc/lib/wii/libwiiuse.a(events.o)
 .text.parse_event
                0x8000cbac      0x730 /opt/devkitpro/libogc/lib/wii/libwiiuse.a(events.o)
                0x8000cbac                parse_event
 .text.guitar_hero_3_handshake
                0x8000d2dc       0x5c /opt/devkitpro/libogc/lib/wii/libwiiuse.a(guitar_hero_3.o)
                0x8000d2dc                guitar_hero_3_handshake
 .text.guitar_hero_3_disconnected
                0x8000d338        0xc /opt/devkitpro/libogc/lib/wii/libwiiuse.a(guitar_hero_3.o)
                0x8000d338                guitar_hero_3_disconnected
 .text.guitar_hero_3_event
                0x8000d344       0x60 /opt/devkitpro/libogc/lib/wii/libwiiuse.a(guitar_hero_3.o)
                0x8000d344                guitar_hero_3_event
 .text.acl_wlp_completed
                0x8000d3a4        0x8 /opt/devkitpro/libogc/lib/wii/libbte.a(bte.o)
                0x8000d3a4                acl_wlp_completed
 .text.bt_alarmhandler
                0x8000d3ac       0x58 /opt/devkitpro/libogc/lib/wii/libbte.a(bte.o)
 .text.__bte_send_pending_request
                0x8000d404      0x108 /opt/devkitpro/libogc/lib/wii/libbte.a(bte.o)
 .text.acl_conn_complete
                0x8000d50c       0x2c /opt/devkitpro/libogc/lib/wii/libbte.a(bte.o)
                0x8000d50c                acl_conn_complete
 .text.l2cap_accepted
                0x8000d538      0x134 /opt/devkitpro/libogc/lib/wii/libbte.a(bte.o)
                0x8000d538                l2cap_accepted
 .text.l2cap_disconnect_cfm
                0x8000d66c      0x19c /opt/devkitpro/libogc/lib/wii/libbte.a(bte.o)
                0x8000d66c                l2cap_disconnect_cfm
 .text.bte_process_input
                0x8000d808      0x128 /opt/devkitpro/libogc/lib/wii/libbte.a(bte.o)
 .text.l2cap_disconnected_ind
                0x8000d930      0x1a4 /opt/devkitpro/libogc/lib/wii/libbte.a(bte.o)
                0x8000d930                l2cap_disconnected_ind
 .text.__bte_shutdown_finished
                0x8000dad4       0xe0 /opt/devkitpro/libogc/lib/wii/libbte.a(bte.o)
 .text.bte_hci_apply_patch_complete
                0x8000dbb4      0x164 /opt/devkitpro/libogc/lib/wii/libbte.a(bte.o)
                0x8000dbb4                bte_hci_apply_patch_complete
 .text.bte_hci_patch_complete
                0x8000dd18      0x380 /opt/devkitpro/libogc/lib/wii/libbte.a(bte.o)
                0x8000dd18                bte_hci_patch_complete
 .text.bte_hci_initcore_complete
                0x8000e098      0x280 /opt/devkitpro/libogc/lib/wii/libbte.a(bte.o)
                0x8000e098                bte_hci_initcore_complete
 .text.bte_read_stored_link_key_complete
                0x8000e318      0x27c /opt/devkitpro/libogc/lib/wii/libbte.a(bte.o)
                0x8000e318                bte_read_stored_link_key_complete
 .text.bte_hci_initcore_complete2
                0x8000e594      0x22c /opt/devkitpro/libogc/lib/wii/libbte.a(bte.o)
 .text.bte_hci_initsub_complete
                0x8000e7c0      0x280 /opt/devkitpro/libogc/lib/wii/libbte.a(bte.o)
                0x8000e7c0                bte_hci_initsub_complete
 .text.BTE_Init
                0x8000ea40      0x138 /opt/devkitpro/libogc/lib/wii/libbte.a(bte.o)
                0x8000ea40                BTE_Init
 .text.BTE_Shutdown
                0x8000eb78      0x100 /opt/devkitpro/libogc/lib/wii/libbte.a(bte.o)
                0x8000eb78                BTE_Shutdown
 .text.BTE_InitCore
                0x8000ec78       0x8c /opt/devkitpro/libogc/lib/wii/libbte.a(bte.o)
                0x8000ec78                BTE_InitCore
 .text.BTE_ApplyPatch
                0x8000ed04       0xa4 /opt/devkitpro/libogc/lib/wii/libbte.a(bte.o)
                0x8000ed04                BTE_ApplyPatch
 .text.BTE_InitSub
                0x8000eda8       0x90 /opt/devkitpro/libogc/lib/wii/libbte.a(bte.o)
                0x8000eda8                BTE_InitSub
 .text.BTE_ReadStoredLinkKey
                0x8000ee38       0x90 /opt/devkitpro/libogc/lib/wii/libbte.a(bte.o)
                0x8000ee38                BTE_ReadStoredLinkKey
 .text.BTE_SetDisconnectCallback
                0x8000eec8        0x4 /opt/devkitpro/libogc/lib/wii/libbte.a(bte.o)
                0x8000eec8                BTE_SetDisconnectCallback
 .text.bte_new  0x8000eecc       0x54 /opt/devkitpro/libogc/lib/wii/libbte.a(bte.o)
                0x8000eecc                bte_new
 .text.bte_registerdeviceasync
                0x8000ef20      0x158 /opt/devkitpro/libogc/lib/wii/libbte.a(bte.o)
                0x8000ef20                bte_registerdeviceasync
 .text.bte_disconnect
                0x8000f078       0xd8 /opt/devkitpro/libogc/lib/wii/libbte.a(bte.o)
                0x8000f078                bte_disconnect
 .text.bte_senddata
                0x8000f150      0x104 /opt/devkitpro/libogc/lib/wii/libbte.a(bte.o)
                0x8000f150                bte_senddata
 .text.bte_arg  0x8000f254       0x38 /opt/devkitpro/libogc/lib/wii/libbte.a(bte.o)
                0x8000f254                bte_arg
 .text.bte_received
                0x8000f28c       0x38 /opt/devkitpro/libogc/lib/wii/libbte.a(bte.o)
                0x8000f28c                bte_received
 .text.bte_disconnected
                0x8000f2c4       0x38 /opt/devkitpro/libogc/lib/wii/libbte.a(bte.o)
                0x8000f2c4                bte_disconnected
 .text.hci_get_link
                0x8000f2fc       0x84 /opt/devkitpro/libogc/lib/wii/libbte.a(hci.o)
 .text.hci_init
                0x8000f380       0x80 /opt/devkitpro/libogc/lib/wii/libbte.a(hci.o)
                0x8000f380                hci_init
 .text.hci_close
                0x8000f400       0xd0 /opt/devkitpro/libogc/lib/wii/libbte.a(hci.o)
                0x8000f400                hci_close
 .text.hci_reset_all
                0x8000f4d0       0xb8 /opt/devkitpro/libogc/lib/wii/libbte.a(hci.o)
                0x8000f4d0                hci_reset_all
 .text.hci_arg  0x8000f588        0xc /opt/devkitpro/libogc/lib/wii/libbte.a(hci.o)
                0x8000f588                hci_arg
 .text.hci_cmd_complete
                0x8000f594        0xc /opt/devkitpro/libogc/lib/wii/libbte.a(hci.o)
                0x8000f594                hci_cmd_complete
 .text.hci_connection_complete
                0x8000f5a0        0xc /opt/devkitpro/libogc/lib/wii/libbte.a(hci.o)
                0x8000f5a0                hci_connection_complete
 .text.hci_wlp_complete
                0x8000f5ac        0xc /opt/devkitpro/libogc/lib/wii/libbte.a(hci.o)
                0x8000f5ac                hci_wlp_complete
 .text.hci_reset
                0x8000f5b8       0xac /opt/devkitpro/libogc/lib/wii/libbte.a(hci.o)
                0x8000f5b8                hci_reset
 .text.hci_read_buffer_size
                0x8000f664       0xac /opt/devkitpro/libogc/lib/wii/libbte.a(hci.o)
                0x8000f664                hci_read_buffer_size
 .text.hci_read_bd_addr
                0x8000f710       0xac /opt/devkitpro/libogc/lib/wii/libbte.a(hci.o)
                0x8000f710                hci_read_bd_addr
 .text.hci_read_local_version
                0x8000f7bc       0xa8 /opt/devkitpro/libogc/lib/wii/libbte.a(hci.o)
                0x8000f7bc                hci_read_local_version
 .text.hci_read_local_features
                0x8000f864       0xac /opt/devkitpro/libogc/lib/wii/libbte.a(hci.o)
                0x8000f864                hci_read_local_features
 .text.hci_read_stored_link_key
                0x8000f910      0x100 /opt/devkitpro/libogc/lib/wii/libbte.a(hci.o)
                0x8000f910                hci_read_stored_link_key
 .text.hci_write_page_timeout
                0x8000fa10       0xd0 /opt/devkitpro/libogc/lib/wii/libbte.a(hci.o)
                0x8000fa10                hci_write_page_timeout
 .text.hci_write_scan_enable
                0x8000fae0       0xbc /opt/devkitpro/libogc/lib/wii/libbte.a(hci.o)
                0x8000fae0                hci_write_scan_enable
 .text.hci_accecpt_conn_request
                0x8000fb9c       0xe0 /opt/devkitpro/libogc/lib/wii/libbte.a(hci.o)
                0x8000fb9c                hci_accecpt_conn_request
 .text.hci_write_local_name
                0x8000fc7c       0xd8 /opt/devkitpro/libogc/lib/wii/libbte.a(hci.o)
                0x8000fc7c                hci_write_local_name
 .text.hci_write_pin_type
                0x8000fd54       0xbc /opt/devkitpro/libogc/lib/wii/libbte.a(hci.o)
                0x8000fd54                hci_write_pin_type
 .text.hci_write_inquiry_mode
                0x8000fe10       0xbc /opt/devkitpro/libogc/lib/wii/libbte.a(hci.o)
                0x8000fe10                hci_write_inquiry_mode
 .text.hci_write_page_scan_type
                0x8000fecc       0xbc /opt/devkitpro/libogc/lib/wii/libbte.a(hci.o)
                0x8000fecc                hci_write_page_scan_type
 .text.hci_write_inquiry_scan_type
                0x8000ff88       0xbc /opt/devkitpro/libogc/lib/wii/libbte.a(hci.o)
                0x8000ff88                hci_write_inquiry_scan_type
 .text.hci_vendor_specific_command
                0x80010044       0xe8 /opt/devkitpro/libogc/lib/wii/libbte.a(hci.o)
                0x80010044                hci_vendor_specific_command
 .text.hci_write_link_policy_settings
                0x8001012c      0x104 /opt/devkitpro/libogc/lib/wii/libbte.a(hci.o)
                0x8001012c                hci_write_link_policy_settings
 .text.hci_pin_code_request_neg_reply
                0x80010230       0xcc /opt/devkitpro/libogc/lib/wii/libbte.a(hci.o)
                0x80010230                hci_pin_code_request_neg_reply
 .text.hci_link_key_req_neg_reply
                0x800102fc       0xcc /opt/devkitpro/libogc/lib/wii/libbte.a(hci.o)
                0x800102fc                hci_link_key_req_neg_reply
 .text.hci_disconnect
                0x800103c8       0xfc /opt/devkitpro/libogc/lib/wii/libbte.a(hci.o)
                0x800103c8                hci_disconnect
 .text.hci_write_cod
                0x800104c4       0xcc /opt/devkitpro/libogc/lib/wii/libbte.a(hci.o)
                0x800104c4                hci_write_cod
 .text.hci_host_buffer_size
                0x80010590      0x10c /opt/devkitpro/libogc/lib/wii/libbte.a(hci.o)
                0x80010590                hci_host_buffer_size
 .text.hci_host_num_comp_packets
                0x8001069c      0x108 /opt/devkitpro/libogc/lib/wii/libbte.a(hci.o)
                0x8001069c                hci_host_num_comp_packets
 .text.lp_pdu_maxsize
                0x800107a4        0xc /opt/devkitpro/libogc/lib/wii/libbte.a(hci.o)
                0x800107a4                lp_pdu_maxsize
 .text.lp_acl_write
                0x800107b0      0x158 /opt/devkitpro/libogc/lib/wii/libbte.a(hci.o)
                0x800107b0                lp_acl_write
 .text.lp_write_flush_timeout
                0x80010908      0x104 /opt/devkitpro/libogc/lib/wii/libbte.a(hci.o)
                0x80010908                lp_write_flush_timeout
 .text.hci_event_handler
                0x80010a0c      0xc7c /opt/devkitpro/libogc/lib/wii/libbte.a(hci.o)
                0x80010a0c                hci_event_handler
 .text.hci_acldata_handler
                0x80011688      0x11c /opt/devkitpro/libogc/lib/wii/libbte.a(hci.o)
                0x80011688                hci_acldata_handler
 .text.l2cap_init
                0x800117a4       0x60 /opt/devkitpro/libogc/lib/wii/libbte.a(l2cap.o)
                0x800117a4                l2cap_init
 .text.l2cap_write
                0x80011804      0x1a0 /opt/devkitpro/libogc/lib/wii/libbte.a(l2cap.o)
                0x80011804                l2cap_write
 .text.l2cap_new
                0x800119a4       0x60 /opt/devkitpro/libogc/lib/wii/libbte.a(l2cap.o)
                0x800119a4                l2cap_new
 .text.l2cap_close
                0x80011a04      0x1d4 /opt/devkitpro/libogc/lib/wii/libbte.a(l2cap.o)
                0x80011a04                l2cap_close
 .text.l2cap_reset_all
                0x80011bd8      0x154 /opt/devkitpro/libogc/lib/wii/libbte.a(l2cap.o)
                0x80011bd8                l2cap_reset_all
 .text.l2cap_signal
                0x80011d2c      0x204 /opt/devkitpro/libogc/lib/wii/libbte.a(l2cap.o)
                0x80011d2c                l2cap_signal
 .text.l2ca_config_req
                0x80011f30      0x158 /opt/devkitpro/libogc/lib/wii/libbte.a(l2cap.o)
                0x80011f30                l2ca_config_req
 .text.l2ca_disconnect_req
                0x80012088       0xcc /opt/devkitpro/libogc/lib/wii/libbte.a(l2cap.o)
                0x80012088                l2ca_disconnect_req
 .text.l2cap_tmr
                0x80012154      0x260 /opt/devkitpro/libogc/lib/wii/libbte.a(l2cap.o)
                0x80012154                l2cap_tmr
 .text.l2cap_process_sig
                0x800123b4     0x1334 /opt/devkitpro/libogc/lib/wii/libbte.a(l2cap.o)
                0x800123b4                l2cap_process_sig
 .text.l2cap_input
                0x800136e8      0x578 /opt/devkitpro/libogc/lib/wii/libbte.a(l2cap.o)
                0x800136e8                l2cap_input
 .text.l2ca_datawrite
                0x80013c60      0x128 /opt/devkitpro/libogc/lib/wii/libbte.a(l2cap.o)
                0x80013c60                l2ca_datawrite
 .text.lp_connect_cfm
                0x80013d88      0x184 /opt/devkitpro/libogc/lib/wii/libbte.a(l2cap.o)
                0x80013d88                lp_connect_cfm
 .text.lp_connect_ind
                0x80013f0c        0x4 /opt/devkitpro/libogc/lib/wii/libbte.a(l2cap.o)
                0x80013f0c                lp_connect_ind
 .text.lp_disconnect_ind
                0x80013f10      0x124 /opt/devkitpro/libogc/lib/wii/libbte.a(l2cap.o)
                0x80013f10                lp_disconnect_ind
 .text.l2cap_disconnect_bb
                0x80014034       0x10 /opt/devkitpro/libogc/lib/wii/libbte.a(l2cap.o)
                0x80014034                l2cap_disconnect_bb
 .text.l2cap_arg
                0x80014044        0x8 /opt/devkitpro/libogc/lib/wii/libbte.a(l2cap.o)
                0x80014044                l2cap_arg
 .text.l2cap_connect_ind
                0x8001404c      0x104 /opt/devkitpro/libogc/lib/wii/libbte.a(l2cap.o)
                0x8001404c                l2cap_connect_ind
 .text.l2cap_disconnect_ind
                0x80014150        0x8 /opt/devkitpro/libogc/lib/wii/libbte.a(l2cap.o)
                0x80014150                l2cap_disconnect_ind
 .text.l2cap_recv
                0x80014158        0x8 /opt/devkitpro/libogc/lib/wii/libbte.a(l2cap.o)
                0x80014158                l2cap_recv
 .text.btmemb_init
                0x80014160       0x24 /opt/devkitpro/libogc/lib/wii/libbte.a(btmemb.o)
                0x80014160                btmemb_init
 .text.btmemb_alloc
                0x80014184       0x98 /opt/devkitpro/libogc/lib/wii/libbte.a(btmemb.o)
                0x80014184                btmemb_alloc
 .text.btmemb_free
                0x8001421c      0x114 /opt/devkitpro/libogc/lib/wii/libbte.a(btmemb.o)
                0x8001421c                btmemb_free
 .text.plug_holes
                0x80014330       0xac /opt/devkitpro/libogc/lib/wii/libbte.a(btmemr.o)
 .text.btmemr_init
                0x800143dc       0xa4 /opt/devkitpro/libogc/lib/wii/libbte.a(btmemr.o)
                0x800143dc                btmemr_init
 .text.btmemr_malloc
                0x80014480      0x17c /opt/devkitpro/libogc/lib/wii/libbte.a(btmemr.o)
                0x80014480                btmemr_malloc
 .text.btmemr_free
                0x800145fc       0x98 /opt/devkitpro/libogc/lib/wii/libbte.a(btmemr.o)
                0x800145fc                btmemr_free
 .text.btmemr_realloc
                0x80014694      0x108 /opt/devkitpro/libogc/lib/wii/libbte.a(btmemr.o)
                0x80014694                btmemr_realloc
 .text.btpbuf_init
                0x8001479c       0x28 /opt/devkitpro/libogc/lib/wii/libbte.a(btpbuf.o)
                0x8001479c                btpbuf_init
 .text.btpbuf_free
                0x800147c4      0x11c /opt/devkitpro/libogc/lib/wii/libbte.a(btpbuf.o)
                0x800147c4                btpbuf_free
 .text.btpbuf_alloc
                0x800148e0      0x250 /opt/devkitpro/libogc/lib/wii/libbte.a(btpbuf.o)
                0x800148e0                btpbuf_alloc
 .text.btpbuf_realloc
                0x80014b30      0x110 /opt/devkitpro/libogc/lib/wii/libbte.a(btpbuf.o)
                0x80014b30                btpbuf_realloc
 .text.btpbuf_header
                0x80014c40       0x84 /opt/devkitpro/libogc/lib/wii/libbte.a(btpbuf.o)
                0x80014c40                btpbuf_header
 .text.btpbuf_ref
                0x80014cc4       0x48 /opt/devkitpro/libogc/lib/wii/libbte.a(btpbuf.o)
                0x80014cc4                btpbuf_ref
 .text.btpbuf_chain
                0x80014d0c       0x9c /opt/devkitpro/libogc/lib/wii/libbte.a(btpbuf.o)
                0x80014d0c                btpbuf_chain
 .text.btpbuf_dechain
                0x80014da8       0x7c /opt/devkitpro/libogc/lib/wii/libbte.a(btpbuf.o)
                0x80014da8                btpbuf_dechain
 .text.btpbuf_take
                0x80014e24      0x13c /opt/devkitpro/libogc/lib/wii/libbte.a(btpbuf.o)
                0x80014e24                btpbuf_take
 .text.__usb_closeCB
                0x80014f60       0x10 /opt/devkitpro/libogc/lib/wii/libbte.a(physbusif.o)
 .text.__writebulkmsgCB
                0x80014f70       0x3c /opt/devkitpro/libogc/lib/wii/libbte.a(physbusif.o)
 .text.__writectrlmsgCB
                0x80014fac       0x3c /opt/devkitpro/libogc/lib/wii/libbte.a(physbusif.o)
 .text.__issue_intrread.part.0
                0x80014fe8       0x80 /opt/devkitpro/libogc/lib/wii/libbte.a(physbusif.o)
 .text.__readintrdataCB
                0x80015068      0x148 /opt/devkitpro/libogc/lib/wii/libbte.a(physbusif.o)
 .text.__issue_bulkread.part.0
                0x800151b0       0x80 /opt/devkitpro/libogc/lib/wii/libbte.a(physbusif.o)
 .text.__readbulkdataCB
                0x80015230      0x148 /opt/devkitpro/libogc/lib/wii/libbte.a(physbusif.o)
 .text.physbusif_init
                0x80015378      0x1ec /opt/devkitpro/libogc/lib/wii/libbte.a(physbusif.o)
                0x80015378                physbusif_init
 .text.physbusif_close
                0x80015564       0x20 /opt/devkitpro/libogc/lib/wii/libbte.a(physbusif.o)
                0x80015564                physbusif_close
 .text.physbusif_shutdown
                0x80015584       0x24 /opt/devkitpro/libogc/lib/wii/libbte.a(physbusif.o)
                0x80015584                physbusif_shutdown
 .text.physbusif_reset_all
                0x800155a8        0x4 /opt/devkitpro/libogc/lib/wii/libbte.a(physbusif.o)
                0x800155a8                physbusif_reset_all
 .text.physbusif_output
                0x800155ac      0x1c4 /opt/devkitpro/libogc/lib/wii/libbte.a(physbusif.o)
                0x800155ac                physbusif_output
 .text.__lwp_queue_initialize
                0x80015770       0x98 /opt/devkitpro/libogc/lib/wii/libogc.a(lwp_queue.o)
                0x80015770                __lwp_queue_initialize
 .text.__lwp_queue_get
                0x80015808       0x74 /opt/devkitpro/libogc/lib/wii/libogc.a(lwp_queue.o)
                0x80015808                __lwp_queue_get
 .text.__lwp_queue_append
                0x8001587c       0x4c /opt/devkitpro/libogc/lib/wii/libogc.a(lwp_queue.o)
                0x8001587c                __lwp_queue_append
 .text.__syscall_getreent
                0x800158c8       0x24 /opt/devkitpro/libogc/lib/wii/libogc.a(lwp_threads.o)
                0x800158c8                __syscall_getreent
 .text.__lwp_isr_in_progress
                0x800158ec        0x8 /opt/devkitpro/libogc/lib/wii/libogc.a(lwp_threads.o)
                0x800158ec                __lwp_isr_in_progress
 .text.__thread_dispatch_fp
                0x800158f4       0x88 /opt/devkitpro/libogc/lib/wii/libogc.a(lwp_threads.o)
                0x800158f4                __thread_dispatch_fp
 .text.__thread_dispatch
                0x8001597c       0xf4 /opt/devkitpro/libogc/lib/wii/libogc.a(lwp_threads.o)
                0x8001597c                __thread_dispatch
 .text.__lwp_thread_resettimeslice
                0x80015a70       0xb4 /opt/devkitpro/libogc/lib/wii/libogc.a(lwp_threads.o)
                0x80015a70                __lwp_thread_resettimeslice
 .text.__lwp_thread_tickle_timeslice
                0x80015b24       0xc8 /opt/devkitpro/libogc/lib/wii/libogc.a(lwp_threads.o)
                0x80015b24                __lwp_thread_tickle_timeslice
 .text.__lwp_thread_setstate
                0x80015bec      0x16c /opt/devkitpro/libogc/lib/wii/libogc.a(lwp_threads.o)
                0x80015bec                __lwp_thread_setstate
 .text.__lwp_thread_clearstate
                0x80015d58       0xe4 /opt/devkitpro/libogc/lib/wii/libogc.a(lwp_threads.o)
                0x80015d58                __lwp_thread_clearstate
 .text.__lwp_thread_delayended
                0x80015e3c       0x48 /opt/devkitpro/libogc/lib/wii/libogc.a(lwp_threads.o)
                0x80015e3c                __lwp_thread_delayended
 .text.__lwp_thread_suspend
                0x80015e84      0x17c /opt/devkitpro/libogc/lib/wii/libogc.a(lwp_threads.o)
                0x80015e84                __lwp_thread_suspend
 .text.__lwp_thread_settransient
                0x80016000       0xb4 /opt/devkitpro/libogc/lib/wii/libogc.a(lwp_threads.o)
                0x80016000                __lwp_thread_settransient
 .text.__lwp_thread_changepriority
                0x800160b4      0x1f8 /opt/devkitpro/libogc/lib/wii/libogc.a(lwp_threads.o)
                0x800160b4                __lwp_thread_changepriority
 .text.__lwp_thread_resume
                0x800162ac      0x12c /opt/devkitpro/libogc/lib/wii/libogc.a(lwp_threads.o)
                0x800162ac                __lwp_thread_resume
 .text.__lwp_thread_ready
                0x800163d8       0xf0 /opt/devkitpro/libogc/lib/wii/libogc.a(lwp_threads.o)
                0x800163d8                __lwp_thread_ready
 .text.__lwp_thread_init
                0x800164c8      0x160 /opt/devkitpro/libogc/lib/wii/libogc.a(lwp_threads.o)
                0x800164c8                __lwp_thread_init
 .text.__lwp_thread_close
                0x80016628      0x144 /opt/devkitpro/libogc/lib/wii/libogc.a(lwp_threads.o)
                0x80016628                __lwp_thread_close
 .text.__lwp_thread_handler
                0x8001676c       0xc0 /opt/devkitpro/libogc/lib/wii/libogc.a(lwp_threads.o)
 .text.__lwp_thread_closeall
                0x8001682c       0xb0 /opt/devkitpro/libogc/lib/wii/libogc.a(lwp_threads.o)
                0x8001682c                __lwp_thread_closeall
 .text.__lwp_thread_start
                0x800168dc      0x150 /opt/devkitpro/libogc/lib/wii/libogc.a(lwp_threads.o)
                0x800168dc                __lwp_thread_start
 .text.__lwp_thread_startmultitasking
                0x80016a2c       0xac /opt/devkitpro/libogc/lib/wii/libogc.a(lwp_threads.o)
                0x80016a2c                __lwp_thread_startmultitasking
 .text.__lwp_thread_stopmultitasking
                0x80016ad8       0x58 /opt/devkitpro/libogc/lib/wii/libogc.a(lwp_threads.o)
                0x80016ad8                __lwp_thread_stopmultitasking
 .text.__lwp_thread_coreinit
                0x80016b30       0xc4 /opt/devkitpro/libogc/lib/wii/libogc.a(lwp_threads.o)
                0x80016b30                __lwp_thread_coreinit
 .text.idle_func
                0x80016bf4        0x4 /opt/devkitpro/libogc/lib/wii/libogc.a(lwp.o)
 .text.__lwp_sysinit
                0x80016bf8      0x114 /opt/devkitpro/libogc/lib/wii/libogc.a(lwp.o)
                0x80016bf8                __lwp_sysinit
 .text.LWP_SuspendThread
                0x80016d0c       0xc0 /opt/devkitpro/libogc/lib/wii/libogc.a(lwp.o)
                0x80016d0c                LWP_SuspendThread
 .text.LWP_ResumeThread
                0x80016dcc       0xd0 /opt/devkitpro/libogc/lib/wii/libogc.a(lwp.o)
                0x80016dcc                LWP_ResumeThread
 .text.LWP_GetSelf
                0x80016e9c       0x28 /opt/devkitpro/libogc/lib/wii/libogc.a(lwp.o)
                0x80016e9c                LWP_GetSelf
 .text.LWP_InitQueue
                0x80016ec4      0x140 /opt/devkitpro/libogc/lib/wii/libogc.a(lwp.o)
                0x80016ec4                LWP_InitQueue
 .text.LWP_CloseQueue
                0x80017004       0xd4 /opt/devkitpro/libogc/lib/wii/libogc.a(lwp.o)
                0x80017004                LWP_CloseQueue
 .text.LWP_ThreadSleep
                0x800170d8       0xf8 /opt/devkitpro/libogc/lib/wii/libogc.a(lwp.o)
                0x800170d8                LWP_ThreadSleep
 .text.LWP_ThreadBroadcast
                0x800171d0       0x88 /opt/devkitpro/libogc/lib/wii/libogc.a(lwp.o)
                0x800171d0                LWP_ThreadBroadcast
 .text.LWP_ThreadSignal
                0x80017258       0x74 /opt/devkitpro/libogc/lib/wii/libogc.a(lwp.o)
                0x80017258                LWP_ThreadSignal
 .text.__lwp_stack_allocate
                0x800172cc       0x60 /opt/devkitpro/libogc/lib/wii/libogc.a(lwp_stack.o)
                0x800172cc                __lwp_stack_allocate
 .text.__lwp_stack_free
                0x8001732c       0x1c /opt/devkitpro/libogc/lib/wii/libogc.a(lwp_stack.o)
                0x8001732c                __lwp_stack_free
 .text.__lwp_wd_settimer
                0x80017348       0xe0 /opt/devkitpro/libogc/lib/wii/libogc.a(lwp_watchdog.o)
 .text.__lwp_watchdog_init
                0x80017428       0x2c /opt/devkitpro/libogc/lib/wii/libogc.a(lwp_watchdog.o)
                0x80017428                __lwp_watchdog_init
 .text.__lwp_wd_insert
                0x80017454      0x194 /opt/devkitpro/libogc/lib/wii/libogc.a(lwp_watchdog.o)
                0x80017454                __lwp_wd_insert
 .text.__lwp_wd_remove
                0x800175e8      0x138 /opt/devkitpro/libogc/lib/wii/libogc.a(lwp_watchdog.o)
                0x800175e8                __lwp_wd_remove
 .text.__lwp_wd_tickle
                0x80017720      0x120 /opt/devkitpro/libogc/lib/wii/libogc.a(lwp_watchdog.o)
                0x80017720                __lwp_wd_tickle
 .text.__lwp_wkspace_init
                0x80017840       0xc0 /opt/devkitpro/libogc/lib/wii/libogc.a(lwp_wkspace.o)
                0x80017840                __lwp_wkspace_init
 .text.__lwp_objmgr_initinfo
                0x80017900      0x1a0 /opt/devkitpro/libogc/lib/wii/libogc.a(lwp_objmgr.o)
                0x80017900                __lwp_objmgr_initinfo
 .text.__lwp_objmgr_getisrdisable
                0x80017aa0       0x60 /opt/devkitpro/libogc/lib/wii/libogc.a(lwp_objmgr.o)
                0x80017aa0                __lwp_objmgr_getisrdisable
 .text.__lwp_objmgr_getnoprotection
                0x80017b00       0x24 /opt/devkitpro/libogc/lib/wii/libogc.a(lwp_objmgr.o)
                0x80017b00                __lwp_objmgr_getnoprotection
 .text.__lwp_objmgr_get
                0x80017b24       0x6c /opt/devkitpro/libogc/lib/wii/libogc.a(lwp_objmgr.o)
                0x80017b24                __lwp_objmgr_get
 .text.__lwp_objmgr_allocate
                0x80017b90       0x88 /opt/devkitpro/libogc/lib/wii/libogc.a(lwp_objmgr.o)
                0x80017b90                __lwp_objmgr_allocate
 .text.__lwp_objmgr_free
                0x80017c18       0x60 /opt/devkitpro/libogc/lib/wii/libogc.a(lwp_objmgr.o)
                0x80017c18                __lwp_objmgr_free
 .text.__lwp_heap_init
                0x80017c78       0xa4 /opt/devkitpro/libogc/lib/wii/libogc.a(lwp_heap.o)
                0x80017c78                __lwp_heap_init
 .text.__lwp_heap_allocate
                0x80017d1c      0x160 /opt/devkitpro/libogc/lib/wii/libogc.a(lwp_heap.o)
                0x80017d1c                __lwp_heap_allocate
 .text.__lwp_heap_free
                0x80017e7c      0x188 /opt/devkitpro/libogc/lib/wii/libogc.a(lwp_heap.o)
                0x80017e7c                __lwp_heap_free
 .text.__SetInterrupts
                0x80018004      0x268 /opt/devkitpro/libogc/lib/wii/libogc.a(irq.o)
 .text.c_irqdispatcher
                0x8001826c      0x278 /opt/devkitpro/libogc/lib/wii/libogc.a(irq.o)
                0x8001826c                c_irqdispatcher
 .text.__UnmaskIrq
                0x800184e4       0x84 /opt/devkitpro/libogc/lib/wii/libogc.a(irq.o)
                0x800184e4                __UnmaskIrq
 .text.__MaskIrq
                0x80018568       0x84 /opt/devkitpro/libogc/lib/wii/libogc.a(irq.o)
                0x80018568                __MaskIrq
 .text.__irq_init
                0x800185ec       0x9c /opt/devkitpro/libogc/lib/wii/libogc.a(irq.o)
                0x800185ec                __irq_init
 .text.IRQ_Request
                0x80018688       0x50 /opt/devkitpro/libogc/lib/wii/libogc.a(irq.o)
                0x80018688                IRQ_Request
 .text.IRQ_GetHandler
                0x800186d8       0x44 /opt/devkitpro/libogc/lib/wii/libogc.a(irq.o)
                0x800186d8                IRQ_GetHandler
 .text.IRQ_Disable
                0x8001871c       0x1c /opt/devkitpro/libogc/lib/wii/libogc.a(irq.o)
                0x8001871c                IRQ_Disable
 .text.IRQ_Restore
                0x80018738       0x1c /opt/devkitpro/libogc/lib/wii/libogc.a(irq.o)
                0x80018738                IRQ_Restore
 .text.__VISendI2CData.constprop.0.isra.0
                0x80018754      0x450 /opt/devkitpro/libogc/lib/wii/libogc.a(video.o)
 .text.__setFbbRegs.constprop.0
                0x80018ba4      0x190 /opt/devkitpro/libogc/lib/wii/libogc.a(video.o)
 .text.__VISetYUVSEL
                0x80018d34       0xb8 /opt/devkitpro/libogc/lib/wii/libogc.a(video.o)
 .text.VIDEO_Configure
                0x80018dec      0x5ec /opt/devkitpro/libogc/lib/wii/libogc.a(video.o)
                0x80018dec                VIDEO_Configure
 .text.VIDEO_WaitVSync
                0x800193d8       0x74 /opt/devkitpro/libogc/lib/wii/libogc.a(video.o)
                0x800193d8                VIDEO_WaitVSync
 .text.VIDEO_SetFramebuffer
                0x8001944c      0x108 /opt/devkitpro/libogc/lib/wii/libogc.a(video.o)
                0x8001944c                VIDEO_SetFramebuffer
 .text.VIDEO_SetNextFramebuffer
                0x80019554       0x70 /opt/devkitpro/libogc/lib/wii/libogc.a(video.o)
                0x80019554                VIDEO_SetNextFramebuffer
 .text.VIDEO_Flush
                0x800195c4       0xf4 /opt/devkitpro/libogc/lib/wii/libogc.a(video.o)
                0x800195c4                VIDEO_Flush
 .text.VIDEO_SetBlack
                0x800196b8      0x15c /opt/devkitpro/libogc/lib/wii/libogc.a(video.o)
                0x800196b8                VIDEO_SetBlack
 .text.VIDEO_GetCurrentTvMode
                0x80019814       0x78 /opt/devkitpro/libogc/lib/wii/libogc.a(video.o)
                0x80019814                VIDEO_GetCurrentTvMode
 .text.__VIRetraceHandler
                0x8001988c      0x298 /opt/devkitpro/libogc/lib/wii/libogc.a(video.o)
 .text.__VISetupEncoder
                0x80019b24      0x2cc /opt/devkitpro/libogc/lib/wii/libogc.a(video.o)
 .text.VIDEO_Init
                0x80019df0      0x4e4 /opt/devkitpro/libogc/lib/wii/libogc.a(video.o)
                0x80019df0                VIDEO_Init
 .text.VIDEO_GetPreferredMode
                0x8001a2d4      0x108 /opt/devkitpro/libogc/lib/wii/libogc.a(video.o)
                0x8001a2d4                VIDEO_GetPreferredMode
 .text.VIDEO_GetCurrentLine
                0x8001a3dc       0x9c /opt/devkitpro/libogc/lib/wii/libogc.a(video.o)
                0x8001a3dc                VIDEO_GetCurrentLine
 .text.VIDEO_GetFrameBufferSize
                0x8001a478       0x34 /opt/devkitpro/libogc/lib/wii/libogc.a(video.o)
                0x8001a478                VIDEO_GetFrameBufferSize
 .text.__call_resetfuncs
                0x8001a4ac       0xbc /opt/devkitpro/libogc/lib/wii/libogc.a(system.o)
 .text.__MEMInterruptHandler
                0x8001a568       0x14 /opt/devkitpro/libogc/lib/wii/libogc.a(system.o)
 .text.__RSWDefaultHandler
                0x8001a57c        0x4 /opt/devkitpro/libogc/lib/wii/libogc.a(system.o)
 .text.__POWDefaultHandler
                0x8001a580        0x4 /opt/devkitpro/libogc/lib/wii/libogc.a(system.o)
 .text.__STMEventHandler
                0x8001a584      0x104 /opt/devkitpro/libogc/lib/wii/libogc.a(system.o)
 .text.__getrtc
                0x8001a688      0x13c /opt/devkitpro/libogc/lib/wii/libogc.a(system.o)
 .text.__sram_write
                0x8001a7c4      0x130 /opt/devkitpro/libogc/lib/wii/libogc.a(system.o)
 .text.__sram_writecallback
                0x8001a8f4       0x54 /opt/devkitpro/libogc/lib/wii/libogc.a(system.o)
 .text.__mem_onreset
                0x8001a948       0x48 /opt/devkitpro/libogc/lib/wii/libogc.a(system.o)
 .text.__unlocksram
                0x8001a990      0x174 /opt/devkitpro/libogc/lib/wii/libogc.a(system.o)
 .text.__sys_alarmhandler
                0x8001ab04      0x154 /opt/devkitpro/libogc/lib/wii/libogc.a(system.o)
 .text.__syscall_malloc_lock
                0x8001ac58        0x4 /opt/devkitpro/libogc/lib/wii/libogc.a(system.o)
                0x8001ac58                __syscall_malloc_lock
 .text.__syscall_malloc_unlock
                0x8001ac5c        0x4 /opt/devkitpro/libogc/lib/wii/libogc.a(system.o)
                0x8001ac5c                __syscall_malloc_unlock
 .text.__syscall_gettod_r
                0x8001ac60        0x4 /opt/devkitpro/libogc/lib/wii/libogc.a(system.o)
                0x8001ac60                __syscall_gettod_r
 .text.__syscall_nanosleep
                0x8001ac64        0x4 /opt/devkitpro/libogc/lib/wii/libogc.a(system.o)
                0x8001ac64                __syscall_nanosleep
 .text.__SYS_GetRTC
                0x8001ac68       0xa0 /opt/devkitpro/libogc/lib/wii/libogc.a(system.o)
                0x8001ac68                __SYS_GetRTC
 .text.__SYS_SetBootTime
                0x8001ad08      0x108 /opt/devkitpro/libogc/lib/wii/libogc.a(system.o)
                0x8001ad08                __SYS_SetBootTime
 .text.__SYS_GetIPCBufferLo
                0x8001ae10        0x8 /opt/devkitpro/libogc/lib/wii/libogc.a(system.o)
                0x8001ae10                __SYS_GetIPCBufferLo
 .text.__SYS_GetIPCBufferHi
                0x8001ae18        0x8 /opt/devkitpro/libogc/lib/wii/libogc.a(system.o)
                0x8001ae18                __SYS_GetIPCBufferHi
 .text.__SYS_DoPowerCB
                0x8001ae20       0x74 /opt/devkitpro/libogc/lib/wii/libogc.a(system.o)
                0x8001ae20                __SYS_DoPowerCB
 .text.__SYS_PreInit
                0x8001ae94        0x4 /opt/devkitpro/libogc/lib/wii/libogc.a(system.o)
                0x8001ae94                __SYS_PreInit
 .text.SYS_PreMain
                0x8001ae98       0x7c /opt/devkitpro/libogc/lib/wii/libogc.a(system.o)
                0x8001ae98                SYS_PreMain
 .text.SYS_ResetButtonDown
                0x8001af14       0x18 /opt/devkitpro/libogc/lib/wii/libogc.a(system.o)
                0x8001af14                SYS_ResetButtonDown
 .text.SYS_ResetSystem
                0x8001af2c      0x210 /opt/devkitpro/libogc/lib/wii/libogc.a(system.o)
                0x8001af2c                SYS_ResetSystem
 .text.__reload
                0x8001b13c       0x80 /opt/devkitpro/libogc/lib/wii/libogc.a(system.o)
                0x8001b13c                __reload
 .text.__syscall_exit
                0x8001b1bc       0x88 /opt/devkitpro/libogc/lib/wii/libogc.a(system.o)
                0x8001b1bc                __syscall_exit
 .text.SYS_RegisterResetFunc
                0x8001b244       0x78 /opt/devkitpro/libogc/lib/wii/libogc.a(system.o)
                0x8001b244                SYS_RegisterResetFunc
 .text.SYS_SetArena1Lo
                0x8001b2bc       0x38 /opt/devkitpro/libogc/lib/wii/libogc.a(system.o)
                0x8001b2bc                SYS_SetArena1Lo
 .text.SYS_GetArena1Lo
                0x8001b2f4       0x38 /opt/devkitpro/libogc/lib/wii/libogc.a(system.o)
                0x8001b2f4                SYS_GetArena1Lo
 .text.SYS_GetArena1Hi
                0x8001b32c       0x38 /opt/devkitpro/libogc/lib/wii/libogc.a(system.o)
                0x8001b32c                SYS_GetArena1Hi
 .text.SYS_SetArena2Lo
                0x8001b364       0x38 /opt/devkitpro/libogc/lib/wii/libogc.a(system.o)
                0x8001b364                SYS_SetArena2Lo
 .text.SYS_GetArena2Lo
                0x8001b39c       0x38 /opt/devkitpro/libogc/lib/wii/libogc.a(system.o)
                0x8001b39c                SYS_GetArena2Lo
 .text.SYS_SetArena2Hi
                0x8001b3d4       0x38 /opt/devkitpro/libogc/lib/wii/libogc.a(system.o)
                0x8001b3d4                SYS_SetArena2Hi
 .text.SYS_GetArena2Hi
                0x8001b40c       0x38 /opt/devkitpro/libogc/lib/wii/libogc.a(system.o)
                0x8001b40c                SYS_GetArena2Hi
 .text.SYS_AllocateFramebuffer
                0x8001b444       0x28 /opt/devkitpro/libogc/lib/wii/libogc.a(system.o)
                0x8001b444                SYS_AllocateFramebuffer
 .text.SYS_CreateAlarm
                0x8001b46c       0xf0 /opt/devkitpro/libogc/lib/wii/libogc.a(system.o)
                0x8001b46c                SYS_CreateAlarm
 .text.SYS_SetAlarm
                0x8001b55c      0x1e0 /opt/devkitpro/libogc/lib/wii/libogc.a(system.o)
                0x8001b55c                SYS_SetAlarm
 .text.SYS_SetPeriodicAlarm
                0x8001b73c      0x270 /opt/devkitpro/libogc/lib/wii/libogc.a(system.o)
                0x8001b73c                SYS_SetPeriodicAlarm
 .text.SYS_RemoveAlarm
                0x8001b9ac      0x10c /opt/devkitpro/libogc/lib/wii/libogc.a(system.o)
                0x8001b9ac                SYS_RemoveAlarm
 .text.SYS_CancelAlarm
                0x8001bab8       0xbc /opt/devkitpro/libogc/lib/wii/libogc.a(system.o)
                0x8001bab8                SYS_CancelAlarm
 .text.SYS_GetWirelessID
                0x8001bb74       0x94 /opt/devkitpro/libogc/lib/wii/libogc.a(system.o)
                0x8001bb74                SYS_GetWirelessID
 .text.SYS_SetWirelessID
                0x8001bc08       0x90 /opt/devkitpro/libogc/lib/wii/libogc.a(system.o)
                0x8001bc08                SYS_SetWirelessID
 .text.SYS_SetGBSMode
                0x8001bc98       0xa8 /opt/devkitpro/libogc/lib/wii/libogc.a(system.o)
                0x8001bc98                SYS_SetGBSMode
 .text.__sram_init
                0x8001bd40      0x1b8 /opt/devkitpro/libogc/lib/wii/libogc.a(system.o)
                0x8001bd40                __sram_init
 .text.SYS_Init
                0x8001bef8      0x5e8 /opt/devkitpro/libogc/lib/wii/libogc.a(system.o)
                0x8001bef8                SYS_Init
 .text.SYS_GetHollywoodRevision
                0x8001c4e0       0x3c /opt/devkitpro/libogc/lib/wii/libogc.a(system.o)
                0x8001c4e0                SYS_GetHollywoodRevision
 .text.SYS_Time
                0x8001c51c       0x78 /opt/devkitpro/libogc/lib/wii/libogc.a(system.o)
                0x8001c51c                SYS_Time
 .text.__lwp_cond_init
                0x8001c594       0x14 /opt/devkitpro/libogc/lib/wii/libogc.a(cond.o)
                0x8001c594                __lwp_cond_init
 .text.__GX_InitRevBits
                0x8001c5a8       0x98 /opt/devkitpro/libogc/lib/wii/libogc.a(gx.o)
 .text.__GXTokenInterruptHandler
                0x8001c640       0x6c /opt/devkitpro/libogc/lib/wii/libogc.a(gx.o)
 .text.__GXDefTexRegionCallback
                0x8001c6ac       0x80 /opt/devkitpro/libogc/lib/wii/libogc.a(gx.o)
 .text.__GXDefTlutRegionCallback
                0x8001c72c       0x18 /opt/devkitpro/libogc/lib/wii/libogc.a(gx.o)
 .text.__SetSURegs
                0x8001c744       0x90 /opt/devkitpro/libogc/lib/wii/libogc.a(gx.o)
 .text.__SETVCDATTR
                0x8001c7d4      0x230 /opt/devkitpro/libogc/lib/wii/libogc.a(gx.o)
 .text.__SETVCDFMT
                0x8001ca04      0x4cc /opt/devkitpro/libogc/lib/wii/libogc.a(gx.o)
 .text.__GXCPInterruptHandler
                0x8001ced0      0x17c /opt/devkitpro/libogc/lib/wii/libogc.a(gx.o)
 .text.__GXFinishInterruptHandler
                0x8001d04c       0x58 /opt/devkitpro/libogc/lib/wii/libogc.a(gx.o)
 .text.GX_SetTexCoordGen2.part.0
                0x8001d0a4      0x254 /opt/devkitpro/libogc/lib/wii/libogc.a(gx.o)
 .text.GX_InitTexObj.part.0
                0x8001d2f8      0x19c /opt/devkitpro/libogc/lib/wii/libogc.a(gx.o)
 .text.__GX_SetDirtyState
                0x8001d494      0x610 /opt/devkitpro/libogc/lib/wii/libogc.a(gx.o)
 .text.GX_SetCPUFifo
                0x8001daa4      0x244 /opt/devkitpro/libogc/lib/wii/libogc.a(gx.o)
                0x8001daa4                GX_SetCPUFifo
 .text.GX_SetGPFifo
                0x8001dce8      0x2ec /opt/devkitpro/libogc/lib/wii/libogc.a(gx.o)
                0x8001dce8                GX_SetGPFifo
 .text.GX_AbortFrame
                0x8001dfd4      0x3d8 /opt/devkitpro/libogc/lib/wii/libogc.a(gx.o)
                0x8001dfd4                GX_AbortFrame
 .text.__gx_onreset
                0x8001e3ac       0x7c /opt/devkitpro/libogc/lib/wii/libogc.a(gx.o)
 .text.GX_DrawDone
                0x8001e428       0xf8 /opt/devkitpro/libogc/lib/wii/libogc.a(gx.o)
                0x8001e428                GX_DrawDone
 .text.GX_SetViewport
                0x8001e520       0x78 /opt/devkitpro/libogc/lib/wii/libogc.a(gx.o)
                0x8001e520                GX_SetViewport
 .text.GX_LoadProjectionMtx
                0x8001e598       0xf0 /opt/devkitpro/libogc/lib/wii/libogc.a(gx.o)
                0x8001e598                GX_LoadProjectionMtx
 .text.GX_SetCopyClear
                0x8001e688       0x4c /opt/devkitpro/libogc/lib/wii/libogc.a(gx.o)
                0x8001e688                GX_SetCopyClear
 .text.GX_SetDispCopyGamma
                0x8001e6d4       0x18 /opt/devkitpro/libogc/lib/wii/libogc.a(gx.o)
                0x8001e6d4                GX_SetDispCopyGamma
 .text.GX_SetCopyFilter
                0x8001e6ec      0x268 /opt/devkitpro/libogc/lib/wii/libogc.a(gx.o)
                0x8001e6ec                GX_SetCopyFilter
 .text.GX_SetDispCopyYScale
                0x8001e954       0xf8 /opt/devkitpro/libogc/lib/wii/libogc.a(gx.o)
                0x8001e954                GX_SetDispCopyYScale
 .text.GX_SetDispCopyDst
                0x8001ea4c       0x20 /opt/devkitpro/libogc/lib/wii/libogc.a(gx.o)
                0x8001ea4c                GX_SetDispCopyDst
 .text.GX_SetDispCopySrc
                0x8001ea6c       0x38 /opt/devkitpro/libogc/lib/wii/libogc.a(gx.o)
                0x8001ea6c                GX_SetDispCopySrc
 .text.GX_CopyDisp
                0x8001eaa4      0x124 /opt/devkitpro/libogc/lib/wii/libogc.a(gx.o)
                0x8001eaa4                GX_CopyDisp
 .text.GX_SetVtxDesc
                0x8001ebc8       0x34 /opt/devkitpro/libogc/lib/wii/libogc.a(gx.o)
                0x8001ebc8                GX_SetVtxDesc
 .text.GX_SetVtxAttrFmt
                0x8001ebfc       0x54 /opt/devkitpro/libogc/lib/wii/libogc.a(gx.o)
                0x8001ebfc                GX_SetVtxAttrFmt
 .text.GX_Begin
                0x8001ec50       0x7c /opt/devkitpro/libogc/lib/wii/libogc.a(gx.o)
                0x8001ec50                GX_Begin
 .text.GX_SetTexCoordGen
                0x8001eccc       0x14 /opt/devkitpro/libogc/lib/wii/libogc.a(gx.o)
                0x8001eccc                GX_SetTexCoordGen
 .text.GX_LoadPosMtxImm
                0x8001ece0       0x50 /opt/devkitpro/libogc/lib/wii/libogc.a(gx.o)
                0x8001ece0                GX_LoadPosMtxImm
 .text.GX_SetNumTexGens
                0x8001ed30       0x28 /opt/devkitpro/libogc/lib/wii/libogc.a(gx.o)
                0x8001ed30                GX_SetNumTexGens
 .text.GX_InvVtxCache
                0x8001ed58       0x14 /opt/devkitpro/libogc/lib/wii/libogc.a(gx.o)
                0x8001ed58                GX_InvVtxCache
 .text.GX_SetZMode
                0x8001ed6c       0x38 /opt/devkitpro/libogc/lib/wii/libogc.a(gx.o)
                0x8001ed6c                GX_SetZMode
 .text.GX_InitTexObj
                0x8001eda4        0xc /opt/devkitpro/libogc/lib/wii/libogc.a(gx.o)
                0x8001eda4                GX_InitTexObj
 .text.GX_InitTexObjLOD
                0x8001edb0      0x214 /opt/devkitpro/libogc/lib/wii/libogc.a(gx.o)
                0x8001edb0                GX_InitTexObjLOD
 .text.GX_LoadTexObjPreloaded
                0x8001efc4      0x158 /opt/devkitpro/libogc/lib/wii/libogc.a(gx.o)
                0x8001efc4                GX_LoadTexObjPreloaded
 .text.GX_LoadTexObj
                0x8001f11c       0x5c /opt/devkitpro/libogc/lib/wii/libogc.a(gx.o)
                0x8001f11c                GX_LoadTexObj
 .text.GX_InvalidateTexAll
                0x8001f178       0x50 /opt/devkitpro/libogc/lib/wii/libogc.a(gx.o)
                0x8001f178                GX_InvalidateTexAll
 .text.GX_SetBlendMode
                0x8001f1c8       0xcc /opt/devkitpro/libogc/lib/wii/libogc.a(gx.o)
                0x8001f1c8                GX_SetBlendMode
 .text.GX_ClearVtxDesc
                0x8001f294       0x38 /opt/devkitpro/libogc/lib/wii/libogc.a(gx.o)
                0x8001f294                GX_ClearVtxDesc
 .text.GX_SetTevColorIn
                0x8001f2cc       0x44 /opt/devkitpro/libogc/lib/wii/libogc.a(gx.o)
                0x8001f2cc                GX_SetTevColorIn
 .text.GX_SetTevAlphaIn
                0x8001f310       0x44 /opt/devkitpro/libogc/lib/wii/libogc.a(gx.o)
                0x8001f310                GX_SetTevAlphaIn
 .text.GX_SetTevColorOp
                0x8001f354       0x98 /opt/devkitpro/libogc/lib/wii/libogc.a(gx.o)
                0x8001f354                GX_SetTevColorOp
 .text.GX_SetTevAlphaOp
                0x8001f3ec       0x98 /opt/devkitpro/libogc/lib/wii/libogc.a(gx.o)
                0x8001f3ec                GX_SetTevAlphaOp
 .text.GX_SetTevOp
                0x8001f484      0x16c /opt/devkitpro/libogc/lib/wii/libogc.a(gx.o)
                0x8001f484                GX_SetTevOp
 .text.GX_SetCullMode
                0x8001f5f0       0x2c /opt/devkitpro/libogc/lib/wii/libogc.a(gx.o)
                0x8001f5f0                GX_SetCullMode
 .text.GX_SetScissor
                0x8001f61c       0x78 /opt/devkitpro/libogc/lib/wii/libogc.a(gx.o)
                0x8001f61c                GX_SetScissor
 .text.GX_SetNumChans
                0x8001f694       0x28 /opt/devkitpro/libogc/lib/wii/libogc.a(gx.o)
                0x8001f694                GX_SetNumChans
 .text.GX_SetTevOrder
                0x8001f6bc      0x17c /opt/devkitpro/libogc/lib/wii/libogc.a(gx.o)
                0x8001f6bc                GX_SetTevOrder
 .text.GX_SetTevKColorSel
                0x8001f838       0x54 /opt/devkitpro/libogc/lib/wii/libogc.a(gx.o)
                0x8001f838                GX_SetTevKColorSel
 .text.GX_SetTevKAlphaSel
                0x8001f88c       0x54 /opt/devkitpro/libogc/lib/wii/libogc.a(gx.o)
                0x8001f88c                GX_SetTevKAlphaSel
 .text.GX_SetTevSwapModeTable
                0x8001f8e0       0x64 /opt/devkitpro/libogc/lib/wii/libogc.a(gx.o)
                0x8001f8e0                GX_SetTevSwapModeTable
 .text.GX_SetFog
                0x8001f944      0x244 /opt/devkitpro/libogc/lib/wii/libogc.a(gx.o)
                0x8001f944                GX_SetFog
 .text.GX_SetColorUpdate
                0x8001fb88       0x30 /opt/devkitpro/libogc/lib/wii/libogc.a(gx.o)
                0x8001fb88                GX_SetColorUpdate
 .text.GX_SetAlphaUpdate
                0x8001fbb8       0x30 /opt/devkitpro/libogc/lib/wii/libogc.a(gx.o)
                0x8001fbb8                GX_SetAlphaUpdate
 .text.GX_SetPixelFmt
                0x8001fbe8       0xe0 /opt/devkitpro/libogc/lib/wii/libogc.a(gx.o)
                0x8001fbe8                GX_SetPixelFmt
 .text.GX_SetFieldMode
                0x8001fcc8       0x58 /opt/devkitpro/libogc/lib/wii/libogc.a(gx.o)
                0x8001fcc8                GX_SetFieldMode
 .text.GX_SetGPMetric
                0x8001fd20      0x7fc /opt/devkitpro/libogc/lib/wii/libogc.a(gx.o)
                0x8001fd20                GX_SetGPMetric
 .text.GX_Init  0x8002051c     0x1194 /opt/devkitpro/libogc/lib/wii/libogc.a(gx.o)
                0x8002051c                GX_Init
 .text.GX_GetYScaleFactor
                0x800216b0      0x2b4 /opt/devkitpro/libogc/lib/wii/libogc.a(gx.o)
                0x800216b0                GX_GetYScaleFactor
 .text.guOrtho  0x80021964       0x98 /opt/devkitpro/libogc/lib/wii/libogc.a(gu.o)
                0x80021964                guOrtho
 .text.__decrementer_init
                0x800219fc        0x4 /opt/devkitpro/libogc/lib/wii/libogc.a(decrementer.o)
                0x800219fc                __decrementer_init
 .text.c_decrementer_handler
                0x80021a00        0xc /opt/devkitpro/libogc/lib/wii/libogc.a(decrementer.o)
                0x80021a00                c_decrementer_handler
 .text.__lwp_mqbox_init
                0x80021a0c       0x14 /opt/devkitpro/libogc/lib/wii/libogc.a(message.o)
                0x80021a0c                __lwp_mqbox_init
 .text.__si_transfer
                0x80021a20      0x1a4 /opt/devkitpro/libogc/lib/wii/libogc.a(si.o)
 .text.__si_alarmhandler
                0x80021bc4       0xdc /opt/devkitpro/libogc/lib/wii/libogc.a(si.o)
 .text.__si_completetransfer
                0x80021ca0      0x1fc /opt/devkitpro/libogc/lib/wii/libogc.a(si.o)
 .text.__si_transfernext
                0x80021e9c       0xe0 /opt/devkitpro/libogc/lib/wii/libogc.a(si.o)
 .text.SI_Busy  0x80021f7c       0x18 /opt/devkitpro/libogc/lib/wii/libogc.a(si.o)
                0x80021f7c                SI_Busy
 .text.SI_IsChanBusy
                0x80021f94       0x38 /opt/devkitpro/libogc/lib/wii/libogc.a(si.o)
                0x80021f94                SI_IsChanBusy
 .text.SI_SetXY
                0x80021fcc       0x64 /opt/devkitpro/libogc/lib/wii/libogc.a(si.o)
                0x80021fcc                SI_SetXY
 .text.SI_EnablePolling
                0x80022030       0x80 /opt/devkitpro/libogc/lib/wii/libogc.a(si.o)
                0x80022030                SI_EnablePolling
 .text.SI_DisablePolling
                0x800220b0       0x58 /opt/devkitpro/libogc/lib/wii/libogc.a(si.o)
                0x800220b0                SI_DisablePolling
 .text.SI_SetSamplingRate
                0x80022108       0xd8 /opt/devkitpro/libogc/lib/wii/libogc.a(si.o)
                0x80022108                SI_SetSamplingRate
 .text.SI_RefreshSamplingRate
                0x800221e0        0x8 /opt/devkitpro/libogc/lib/wii/libogc.a(si.o)
                0x800221e0                SI_RefreshSamplingRate
 .text.SI_GetStatus
                0x800221e8       0x78 /opt/devkitpro/libogc/lib/wii/libogc.a(si.o)
                0x800221e8                SI_GetStatus
 .text.SI_GetResponseRaw
                0x80022260       0xe8 /opt/devkitpro/libogc/lib/wii/libogc.a(si.o)
                0x80022260                SI_GetResponseRaw
 .text.SI_GetResponse
                0x80022348       0xb8 /opt/devkitpro/libogc/lib/wii/libogc.a(si.o)
                0x80022348                SI_GetResponse
 .text.SI_SetCommand
                0x80022400       0x10 /opt/devkitpro/libogc/lib/wii/libogc.a(si.o)
                0x80022400                SI_SetCommand
 .text.SI_Transfer
                0x80022410      0x26c /opt/devkitpro/libogc/lib/wii/libogc.a(si.o)
                0x80022410                SI_Transfer
 .text.__si_gettypecallback
                0x8002267c      0x2c0 /opt/devkitpro/libogc/lib/wii/libogc.a(si.o)
 .text.__si_interrupthandler
                0x8002293c      0x268 /opt/devkitpro/libogc/lib/wii/libogc.a(si.o)
 .text.SI_GetType
                0x80022ba4      0x1f4 /opt/devkitpro/libogc/lib/wii/libogc.a(si.o)
                0x80022ba4                SI_GetType
 .text.SI_GetTypeAsync
                0x80022d98      0x138 /opt/devkitpro/libogc/lib/wii/libogc.a(si.o)
                0x80022d98                SI_GetTypeAsync
 .text.SI_EnablePollingInterrupt
                0x80022ed0       0x8c /opt/devkitpro/libogc/lib/wii/libogc.a(si.o)
                0x80022ed0                SI_EnablePollingInterrupt
 .text.SI_UnregisterPollingHandler
                0x80022f5c       0xe0 /opt/devkitpro/libogc/lib/wii/libogc.a(si.o)
                0x80022f5c                SI_UnregisterPollingHandler
 .text.__si_init
                0x8002303c       0xe8 /opt/devkitpro/libogc/lib/wii/libogc.a(si.o)
                0x8002303c                __si_init
 .text.TPL_GetTextureSize
                0x80023124       0x9c /opt/devkitpro/libogc/lib/wii/libogc.a(tpl.o)
 .text.TPL_OpenTPLFromMemory
                0x800231c0       0xa4 /opt/devkitpro/libogc/lib/wii/libogc.a(tpl.o)
                0x800231c0                TPL_OpenTPLFromMemory
 .text.TPL_GetTexture
                0x80023264      0x200 /opt/devkitpro/libogc/lib/wii/libogc.a(tpl.o)
                0x80023264                TPL_GetTexture
 .text.__ipc_sendrequest
                0x80023464      0x104 /opt/devkitpro/libogc/lib/wii/libogc.a(ipc.o)
 .text.__ipc_syncrequest
                0x80023568       0xe4 /opt/devkitpro/libogc/lib/wii/libogc.a(ipc.o)
 .text.__ioctlvfmtCB
                0x8002364c      0x158 /opt/devkitpro/libogc/lib/wii/libogc.a(ipc.o)
 .text.__ios_ioctlvformat_parse
                0x800237a4      0x820 /opt/devkitpro/libogc/lib/wii/libogc.a(ipc.o)
 .text.__ipc_asyncrequest
                0x80023fc4      0x13c /opt/devkitpro/libogc/lib/wii/libogc.a(ipc.o)
 .text.__ipc_interrupthandler
                0x80024100      0x34c /opt/devkitpro/libogc/lib/wii/libogc.a(ipc.o)
 .text.iosCreateHeap
                0x8002444c      0x130 /opt/devkitpro/libogc/lib/wii/libogc.a(ipc.o)
                0x8002444c                iosCreateHeap
 .text.iosAlloc
                0x8002457c       0x30 /opt/devkitpro/libogc/lib/wii/libogc.a(ipc.o)
                0x8002457c                iosAlloc
 .text.iosFree  0x800245ac       0x28 /opt/devkitpro/libogc/lib/wii/libogc.a(ipc.o)
                0x800245ac                iosFree
 .text.__IPC_ClntInit
                0x800245d4       0xc8 /opt/devkitpro/libogc/lib/wii/libogc.a(ipc.o)
                0x800245d4                __IPC_ClntInit
 .text.IOS_Open
                0x8002469c      0x110 /opt/devkitpro/libogc/lib/wii/libogc.a(ipc.o)
                0x8002469c                IOS_Open
 .text.IOS_Close
                0x800247ac       0xf0 /opt/devkitpro/libogc/lib/wii/libogc.a(ipc.o)
                0x800247ac                IOS_Close
 .text.IOS_CloseAsync
                0x8002489c       0xb4 /opt/devkitpro/libogc/lib/wii/libogc.a(ipc.o)
                0x8002489c                IOS_CloseAsync
 .text.IOS_Read
                0x80024950      0x10c /opt/devkitpro/libogc/lib/wii/libogc.a(ipc.o)
                0x80024950                IOS_Read
 .text.IOS_Write
                0x80024a5c      0x10c /opt/devkitpro/libogc/lib/wii/libogc.a(ipc.o)
                0x80024a5c                IOS_Write
 .text.IOS_Ioctl
                0x80024b68      0x158 /opt/devkitpro/libogc/lib/wii/libogc.a(ipc.o)
                0x80024b68                IOS_Ioctl
 .text.IOS_IoctlAsync
                0x80024cc0      0x148 /opt/devkitpro/libogc/lib/wii/libogc.a(ipc.o)
                0x80024cc0                IOS_IoctlAsync
 .text.IOS_Ioctlv
                0x80024e08      0x1f0 /opt/devkitpro/libogc/lib/wii/libogc.a(ipc.o)
                0x80024e08                IOS_Ioctlv
 .text.IOS_IoctlvAsync
                0x80024ff8      0x1d4 /opt/devkitpro/libogc/lib/wii/libogc.a(ipc.o)
                0x80024ff8                IOS_IoctlvAsync
 .text.IOS_IoctlvFormat
                0x800251cc      0x16c /opt/devkitpro/libogc/lib/wii/libogc.a(ipc.o)
                0x800251cc                IOS_IoctlvFormat
 .text.IOS_IoctlvReboot
                0x80025338      0x1f4 /opt/devkitpro/libogc/lib/wii/libogc.a(ipc.o)
                0x80025338                IOS_IoctlvReboot
 .text.gettick  0x8002552c        0x8 /opt/devkitpro/libogc/lib/wii/libogc.a(timesupp.o)
                0x8002552c                gettick
 .text.gettime  0x80025534       0x18 /opt/devkitpro/libogc/lib/wii/libogc.a(timesupp.o)
                0x80025534                gettime
 .text.settime  0x8002554c       0x14 /opt/devkitpro/libogc/lib/wii/libogc.a(timesupp.o)
                0x8002554c                settime
 .text.diff_usec
                0x80025560       0x88 /opt/devkitpro/libogc/lib/wii/libogc.a(timesupp.o)
                0x80025560                diff_usec
 .text.__timesystem_init
                0x800255e8       0x1c /opt/devkitpro/libogc/lib/wii/libogc.a(timesupp.o)
                0x800255e8                __timesystem_init
 .text.udelay   0x80025604       0xac /opt/devkitpro/libogc/lib/wii/libogc.a(timesupp.o)
                0x80025604                udelay
 .text.__libogc_nanosleep
                0x800256b0      0x144 /opt/devkitpro/libogc/lib/wii/libogc.a(timesupp.o)
                0x800256b0                __libogc_nanosleep
 .text.__libogc_gettod_r
                0x800257f4       0xd4 /opt/devkitpro/libogc/lib/wii/libogc.a(timesupp.o)
                0x800257f4                __libogc_gettod_r
 .text.__syscall_lock_init
                0x800258c8       0x6c /opt/devkitpro/libogc/lib/wii/libogc.a(lock_supp.o)
                0x800258c8                __syscall_lock_init
 .text.__syscall_lock_init_recursive
                0x80025934       0x6c /opt/devkitpro/libogc/lib/wii/libogc.a(lock_supp.o)
                0x80025934                __syscall_lock_init_recursive
 .text.__syscall_lock_close
                0x800259a0       0x68 /opt/devkitpro/libogc/lib/wii/libogc.a(lock_supp.o)
                0x800259a0                __syscall_lock_close
 .text.__syscall_lock_acquire
                0x80025a08       0x18 /opt/devkitpro/libogc/lib/wii/libogc.a(lock_supp.o)
                0x80025a08                __syscall_lock_acquire
 .text.__syscall_lock_release
                0x80025a20       0x18 /opt/devkitpro/libogc/lib/wii/libogc.a(lock_supp.o)
                0x80025a20                __syscall_lock_release
 .text._sbrk_r  0x80025a38      0x28c /opt/devkitpro/libogc/lib/wii/libogc.a(sbrk.o)
                0x80025a38                _sbrk_r
 .text.__memlock_init
                0x80025cc4       0x7c /opt/devkitpro/libogc/lib/wii/libogc.a(malloc_lock.o)
                0x80025cc4                __memlock_init
 .text.__libogc_malloc_lock
                0x80025d40      0x1fc /opt/devkitpro/libogc/lib/wii/libogc.a(malloc_lock.o)
                0x80025d40                __libogc_malloc_lock
 .text.__libogc_malloc_unlock
                0x80025f3c       0x64 /opt/devkitpro/libogc/lib/wii/libogc.a(malloc_lock.o)
                0x80025f3c                __libogc_malloc_unlock
 .text.__STM_SetEventHook
                0x80025fa0       0xb0 /opt/devkitpro/libogc/lib/wii/libogc.a(stm.o)
                0x80025fa0                __STM_SetEventHook
 .text.__STM_Init
                0x80026050       0x8c /opt/devkitpro/libogc/lib/wii/libogc.a(stm.o)
                0x80026050                __STM_Init
 .text.__STMEventHandler
                0x800260dc       0x64 /opt/devkitpro/libogc/lib/wii/libogc.a(stm.o)
 .text.__STM_ReleaseEventHook
                0x80026140       0x80 /opt/devkitpro/libogc/lib/wii/libogc.a(stm.o)
                0x80026140                __STM_ReleaseEventHook
 .text.__STM_Close
                0x800261c0       0xac /opt/devkitpro/libogc/lib/wii/libogc.a(stm.o)
                0x800261c0                __STM_Close
 .text.STM_RegisterEventHandler
                0x8002626c       0x10 /opt/devkitpro/libogc/lib/wii/libogc.a(stm.o)
                0x8002626c                STM_RegisterEventHandler
 .text.STM_ShutdownToStandby
                0x8002627c       0x50 /opt/devkitpro/libogc/lib/wii/libogc.a(stm.o)
                0x8002627c                STM_ShutdownToStandby
 .text.STM_ShutdownToIdle
                0x800262cc       0x70 /opt/devkitpro/libogc/lib/wii/libogc.a(stm.o)
                0x800262cc                STM_ShutdownToIdle
 .text.STM_SetLedMode
                0x8002633c       0x40 /opt/devkitpro/libogc/lib/wii/libogc.a(stm.o)
                0x8002633c                STM_SetLedMode
 .text.STM_RebootSystem
                0x8002637c       0x50 /opt/devkitpro/libogc/lib/wii/libogc.a(stm.o)
                0x8002637c                STM_RebootSystem
 .text.__IOS_InitializeSubsystems
                0x800263cc       0x44 /opt/devkitpro/libogc/lib/wii/libogc.a(ios.o)
                0x800263cc                __IOS_InitializeSubsystems
 .text.__IOS_ShutdownSubsystems
                0x80026410       0x44 /opt/devkitpro/libogc/lib/wii/libogc.a(ios.o)
                0x80026410                __IOS_ShutdownSubsystems
 .text.__IOS_LoadStartupIOS
                0x80026454        0x8 /opt/devkitpro/libogc/lib/wii/libogc.a(ios.o)
                0x80026454                __IOS_LoadStartupIOS
 .text._ES_fstat_r
                0x8002645c      0x120 /opt/devkitpro/libogc/lib/wii/libogc.a(es.o)
 .text._ES_seek_r
                0x8002657c       0xdc /opt/devkitpro/libogc/lib/wii/libogc.a(es.o)
 .text._ES_close_r
                0x80026658       0xac /opt/devkitpro/libogc/lib/wii/libogc.a(es.o)
 .text.__ES_Init
                0x80026704       0x78 /opt/devkitpro/libogc/lib/wii/libogc.a(es.o)
                0x80026704                __ES_Init
 .text.__ES_Close
                0x8002677c       0x54 /opt/devkitpro/libogc/lib/wii/libogc.a(es.o)
                0x8002677c                __ES_Close
 .text.ES_GetTitleID
                0x800267d0       0x94 /opt/devkitpro/libogc/lib/wii/libogc.a(es.o)
                0x800267d0                ES_GetTitleID
 .text.ES_LaunchTitle
                0x80026864       0xa4 /opt/devkitpro/libogc/lib/wii/libogc.a(es.o)
                0x80026864                ES_LaunchTitle
 .text.ES_GetNumTicketViews
                0x80026908       0x98 /opt/devkitpro/libogc/lib/wii/libogc.a(es.o)
                0x80026908                ES_GetNumTicketViews
 .text.ES_GetTicketViews
                0x800269a0       0x8c /opt/devkitpro/libogc/lib/wii/libogc.a(es.o)
                0x800269a0                ES_GetTicketViews
 .text.ES_GetStoredTMD
                0x80026a2c       0x90 /opt/devkitpro/libogc/lib/wii/libogc.a(es.o)
                0x80026a2c                ES_GetStoredTMD
 .text._ES_decodepath
                0x80026abc      0x440 /opt/devkitpro/libogc/lib/wii/libogc.a(es.o)
 .text._ES_stat_r
                0x80026efc       0xf4 /opt/devkitpro/libogc/lib/wii/libogc.a(es.o)
 .text._ES_open_r
                0x80026ff0      0x1d0 /opt/devkitpro/libogc/lib/wii/libogc.a(es.o)
 .text.ES_ReadContent
                0x800271c0       0x6c /opt/devkitpro/libogc/lib/wii/libogc.a(es.o)
                0x800271c0                ES_ReadContent
 .text._ES_read_r
                0x8002722c      0x17c /opt/devkitpro/libogc/lib/wii/libogc.a(es.o)
 .text.__usbv5_devicechangeCB
                0x800273a8      0x180 /opt/devkitpro/libogc/lib/wii/libogc.a(usb.o)
 .text.__usbv5_attachfinishCB
                0x80027528       0xcc /opt/devkitpro/libogc/lib/wii/libogc.a(usb.o)
 .text.__usbv5_messageCB
                0x800275f4       0x5c /opt/devkitpro/libogc/lib/wii/libogc.a(usb.o)
 .text.__usbv0_messageCB
                0x80027650       0xa8 /opt/devkitpro/libogc/lib/wii/libogc.a(usb.o)
 .text.__usb_control_message
                0x800276f8      0x428 /opt/devkitpro/libogc/lib/wii/libogc.a(usb.o)
 .text.__usb_interrupt_bulk_message
                0x80027b20      0x2c0 /opt/devkitpro/libogc/lib/wii/libogc.a(usb.o)
 .text.USB_FreeDescriptors.part.0
                0x80027de0       0xfc /opt/devkitpro/libogc/lib/wii/libogc.a(usb.o)
 .text.USB_GetDescriptors.part.0
                0x80027edc      0x674 /opt/devkitpro/libogc/lib/wii/libogc.a(usb.o)
 .text.USBV5_SuspendResume
                0x80028550      0x138 /opt/devkitpro/libogc/lib/wii/libogc.a(usb.o)
 .text.USBV5_GetDescriptors
                0x80028688      0x518 /opt/devkitpro/libogc/lib/wii/libogc.a(usb.o)
 .text.USB_Deinitialize
                0x80028ba0       0xc8 /opt/devkitpro/libogc/lib/wii/libogc.a(usb.o)
                0x80028ba0                USB_Deinitialize
 .text.USB_Initialize
                0x80028c68      0x2f8 /opt/devkitpro/libogc/lib/wii/libogc.a(usb.o)
                0x80028c68                USB_Initialize
 .text.USB_OpenDevice
                0x80028f60      0x2b8 /opt/devkitpro/libogc/lib/wii/libogc.a(usb.o)
                0x80028f60                USB_OpenDevice
 .text.USBV5_CloseDevice
                0x80029218      0x128 /opt/devkitpro/libogc/lib/wii/libogc.a(usb.o)
                0x80029218                USBV5_CloseDevice
 .text.USB_CloseDeviceAsync
                0x80029340       0xd0 /opt/devkitpro/libogc/lib/wii/libogc.a(usb.o)
                0x80029340                USB_CloseDeviceAsync
 .text.USB_ReadIntrMsgAsync
                0x80029410       0x28 /opt/devkitpro/libogc/lib/wii/libogc.a(usb.o)
                0x80029410                USB_ReadIntrMsgAsync
 .text.USB_ReadBlkMsgAsync
                0x80029438       0x28 /opt/devkitpro/libogc/lib/wii/libogc.a(usb.o)
                0x80029438                USB_ReadBlkMsgAsync
 .text.USB_WriteBlkMsgAsync
                0x80029460       0x28 /opt/devkitpro/libogc/lib/wii/libogc.a(usb.o)
                0x80029460                USB_WriteBlkMsgAsync
 .text.USB_WriteCtrlMsgAsync
                0x80029488        0x4 /opt/devkitpro/libogc/lib/wii/libogc.a(usb.o)
                0x80029488                USB_WriteCtrlMsgAsync
 .text.__CheckARGV
                0x8002948c       0x80 /opt/devkitpro/libogc/lib/wii/libogc.a(argv.o)
                0x8002948c                __CheckARGV
 .text.CONF_Init
                0x8002950c      0x184 /opt/devkitpro/libogc/lib/wii/libogc.a(conf.o)
                0x8002950c                CONF_Init
 .text.__CONF_GetTxt
                0x80029690      0x208 /opt/devkitpro/libogc/lib/wii/libogc.a(conf.o)
                0x80029690                __CONF_GetTxt
 .text.__CONF_Find
                0x80029898       0xfc /opt/devkitpro/libogc/lib/wii/libogc.a(conf.o)
                0x80029898                __CONF_Find
 .text.CONF_GetLength
                0x80029994      0x12c /opt/devkitpro/libogc/lib/wii/libogc.a(conf.o)
                0x80029994                CONF_GetLength
 .text.CONF_Get
                0x80029ac0      0x140 /opt/devkitpro/libogc/lib/wii/libogc.a(conf.o)
                0x80029ac0                CONF_Get
 .text.CONF_GetShutdownMode
                0x80029c00       0x54 /opt/devkitpro/libogc/lib/wii/libogc.a(conf.o)
                0x80029c00                CONF_GetShutdownMode
 .text.CONF_GetIdleLedMode
                0x80029c54       0x54 /opt/devkitpro/libogc/lib/wii/libogc.a(conf.o)
                0x80029c54                CONF_GetIdleLedMode
 .text.CONF_GetProgressiveScan
                0x80029ca8       0x54 /opt/devkitpro/libogc/lib/wii/libogc.a(conf.o)
                0x80029ca8                CONF_GetProgressiveScan
 .text.CONF_GetEuRGB60
                0x80029cfc       0x54 /opt/devkitpro/libogc/lib/wii/libogc.a(conf.o)
                0x80029cfc                CONF_GetEuRGB60
 .text.CONF_GetIRSensitivity
                0x80029d50       0x54 /opt/devkitpro/libogc/lib/wii/libogc.a(conf.o)
                0x80029d50                CONF_GetIRSensitivity
 .text.CONF_GetSensorBarPosition
                0x80029da4       0x54 /opt/devkitpro/libogc/lib/wii/libogc.a(conf.o)
                0x80029da4                CONF_GetSensorBarPosition
 .text.CONF_GetCounterBias
                0x80029df8       0x4c /opt/devkitpro/libogc/lib/wii/libogc.a(conf.o)
                0x80029df8                CONF_GetCounterBias
 .text.CONF_GetDisplayOffsetH
                0x80029e44       0x4c /opt/devkitpro/libogc/lib/wii/libogc.a(conf.o)
                0x80029e44                CONF_GetDisplayOffsetH
 .text.CONF_GetPadDevices
                0x80029e90       0x4c /opt/devkitpro/libogc/lib/wii/libogc.a(conf.o)
                0x80029e90                CONF_GetPadDevices
 .text.CONF_GetVideo
                0x80029edc       0x88 /opt/devkitpro/libogc/lib/wii/libogc.a(conf.o)
                0x80029edc                CONF_GetVideo
 .text.__WII_WriteNANDBootInfo.isra.0
                0x80029f64       0xbc /opt/devkitpro/libogc/lib/wii/libogc.a(wiilaunch.o)
 .text.__WII_WriteStateFlags.isra.0
                0x8002a020       0x94 /opt/devkitpro/libogc/lib/wii/libogc.a(wiilaunch.o)
 .text.WII_Initialize
                0x8002a0b4      0x188 /opt/devkitpro/libogc/lib/wii/libogc.a(wiilaunch.o)
                0x8002a0b4                WII_Initialize
 .text.WII_LaunchTitle
                0x8002a23c      0x1ac /opt/devkitpro/libogc/lib/wii/libogc.a(wiilaunch.o)
                0x8002a23c                WII_LaunchTitle
 .text.WII_ReturnToMenu
                0x8002a3e8       0x58 /opt/devkitpro/libogc/lib/wii/libogc.a(wiilaunch.o)
                0x8002a3e8                WII_ReturnToMenu
 .text.__lwp_priority_init
                0x8002a440       0x1c /opt/devkitpro/libogc/lib/wii/libogc.a(lwp_priority.o)
                0x8002a440                __lwp_priority_init
 .text.__lwp_threadqueue_enqueuefifo
                0x8002a45c      0x12c /opt/devkitpro/libogc/lib/wii/libogc.a(lwp_threadq.o)
                0x8002a45c                __lwp_threadqueue_enqueuefifo
 .text.__lwp_threadqueue_dequeuefifo
                0x8002a588      0x134 /opt/devkitpro/libogc/lib/wii/libogc.a(lwp_threadq.o)
                0x8002a588                __lwp_threadqueue_dequeuefifo
 .text.__lwp_threadqueue_enqueuepriority
                0x8002a6bc      0x334 /opt/devkitpro/libogc/lib/wii/libogc.a(lwp_threadq.o)
                0x8002a6bc                __lwp_threadqueue_enqueuepriority
 .text.__lwp_threadqueue_dequeuepriority
                0x8002a9f0      0x1d8 /opt/devkitpro/libogc/lib/wii/libogc.a(lwp_threadq.o)
                0x8002a9f0                __lwp_threadqueue_dequeuepriority
 .text.__lwp_threadqueue_init
                0x8002abc8       0x64 /opt/devkitpro/libogc/lib/wii/libogc.a(lwp_threadq.o)
                0x8002abc8                __lwp_threadqueue_init
 .text.__lwp_threadqueue_enqueue
                0x8002ac2c      0x138 /opt/devkitpro/libogc/lib/wii/libogc.a(lwp_threadq.o)
                0x8002ac2c                __lwp_threadqueue_enqueue
 .text.__lwp_threadqueue_dequeue
                0x8002ad64       0x24 /opt/devkitpro/libogc/lib/wii/libogc.a(lwp_threadq.o)
                0x8002ad64                __lwp_threadqueue_dequeue
 .text.__lwp_threadqueue_flush
                0x8002ad88       0x68 /opt/devkitpro/libogc/lib/wii/libogc.a(lwp_threadq.o)
                0x8002ad88                __lwp_threadqueue_flush
 .text.__lwp_threadqueue_extractfifo
                0x8002adf0       0xe8 /opt/devkitpro/libogc/lib/wii/libogc.a(lwp_threadq.o)
                0x8002adf0                __lwp_threadqueue_extractfifo
 .text.__lwp_threadqueue_extractpriority
                0x8002aed8      0x148 /opt/devkitpro/libogc/lib/wii/libogc.a(lwp_threadq.o)
                0x8002aed8                __lwp_threadqueue_extractpriority
 .text.__lwp_threadqueue_timeout