Archive member included to satisfy reference by file (symbol)

/opt/devkitpro/libogc/lib/wii/libwiiuse.a(wpad.o)
                              gxsprites.o (WPAD_Init)
/opt/devkitpro/libogc/lib/wii/libwiiuse.a(motion_plus.o)
                              /opt/devkitpro/libogc/lib/wii/libwiiuse.a(wpad.o) (wiiuse_set_motion_plus)
/opt/devkitpro/libogc/lib/wii/libwiiuse.a(dynamics.o)
                              /opt/devkitpro/libogc/lib/wii/libwiiuse.a(wpad.o) (calculate_gforce)
/opt/devkitpro/libogc/lib/wii/libwiiuse.a(io.o)
                              /opt/devkitpro/libogc/lib/wii/libwiiuse.a(motion_plus.o) (wiiuse_disable_expansion)
/opt/devkitpro/libogc/lib/wii/libwiiuse.a(io_wii.o)
                              /opt/devkitpro/libogc/lib/wii/libwiiuse.a(wpad.o) (__wiiuse_sensorbar_enable)
/opt/devkitpro/libogc/lib/wii/libwiiuse.a(ir.o)
                              /opt/devkitpro/libogc/lib/wii/libwiiuse.a(motion_plus.o) (wiiuse_set_ir_mode)
/opt/devkitpro/libogc/lib/wii/libwiiuse.a(nunchuk.o)
                              /opt/devkitpro/libogc/lib/wii/libwiiuse.a(io.o) (nunchuk_handshake)
/opt/devkitpro/libogc/lib/wii/libwiiuse.a(wiiboard.o)
                              /opt/devkitpro/libogc/lib/wii/libwiiuse.a(io.o) (wii_board_handshake)
/opt/devkitpro/libogc/lib/wii/libwiiuse.a(wiiuse.o)
                              /opt/devkitpro/libogc/lib/wii/libwiiuse.a(wpad.o) (wiiuse_init)
/opt/devkitpro/libogc/lib/wii/libwiiuse.a(speaker.o)
                              /opt/devkitpro/libogc/lib/wii/libwiiuse.a(wpad.o) (wencdata)
/opt/devkitpro/libogc/lib/wii/libwiiuse.a(classic.o)
                              /opt/devkitpro/libogc/lib/wii/libwiiuse.a(io.o) (classic_ctrl_handshake)
/opt/devkitpro/libogc/lib/wii/libwiiuse.a(events.o)
                              /opt/devkitpro/libogc/lib/wii/libwiiuse.a(io_wii.o) (parse_event)
/opt/devkitpro/libogc/lib/wii/libwiiuse.a(guitar_hero_3.o)
                              /opt/devkitpro/libogc/lib/wii/libwiiuse.a(io.o) (guitar_hero_3_handshake)
/opt/devkitpro/libogc/lib/wii/libbte.a(bte.o)
                              /opt/devkitpro/libogc/lib/wii/libwiiuse.a(wpad.o) (BTE_Init)
/opt/devkitpro/libogc/lib/wii/libbte.a(hci.o)
                              /opt/devkitpro/libogc/lib/wii/libbte.a(bte.o) (hci_init)
/opt/devkitpro/libogc/lib/wii/libbte.a(l2cap.o)
                              /opt/devkitpro/libogc/lib/wii/libbte.a(bte.o) (l2cap_init)
/opt/devkitpro/libogc/lib/wii/libbte.a(btmemb.o)
                              /opt/devkitpro/libogc/lib/wii/libbte.a(bte.o) (btmemb_init)
/opt/devkitpro/libogc/lib/wii/libbte.a(btmemr.o)
                              /opt/devkitpro/libogc/lib/wii/libbte.a(hci.o) (btmemr_init)
/opt/devkitpro/libogc/lib/wii/libbte.a(btpbuf.o)
                              /opt/devkitpro/libogc/lib/wii/libbte.a(hci.o) (btpbuf_init)
/opt/devkitpro/libogc/lib/wii/libbte.a(physbusif.o)
                              /opt/devkitpro/libogc/lib/wii/libbte.a(bte.o) (physbusif_init)
/opt/devkitpro/libogc/lib/wii/libogc.a(lwp_queue.o)
                              /opt/devkitpro/libogc/lib/wii/libwiiuse.a(io_wii.o) (__lwp_queue_initialize)
/opt/devkitpro/libogc/lib/wii/libogc.a(lwp_threads.o)
                              /opt/devkitpro/libogc/lib/wii/libwiiuse.a(wpad.o) (_thread_dispatch_disable_level)
/opt/devkitpro/libogc/lib/wii/libogc.a(lwp.o)
                              /opt/devkitpro/libogc/lib/wii/libbte.a(bte.o) (LWP_InitQueue)
/opt/devkitpro/libogc/lib/wii/libogc.a(lwp_handler.o)
                              /opt/devkitpro/libogc/lib/wii/libogc.a(lwp_threads.o) (_cpu_context_save_fp)
/opt/devkitpro/libogc/lib/wii/libogc.a(lwp_stack.o)
                              /opt/devkitpro/libogc/lib/wii/libogc.a(lwp_threads.o) (__lwp_stack_allocate)
/opt/devkitpro/libogc/lib/wii/libogc.a(lwp_watchdog.o)
                              /opt/devkitpro/libogc/lib/wii/libogc.a(lwp_threads.o) (_wd_ticks_queue)
/opt/devkitpro/libogc/lib/wii/libogc.a(lwp_wkspace.o)
                              /opt/devkitpro/libogc/lib/wii/libwiiuse.a(motion_plus.o) (__wkspace_heap)
/opt/devkitpro/libogc/lib/wii/libogc.a(lwp_objmgr.o)
                              /opt/devkitpro/libogc/lib/wii/libogc.a(lwp.o) (__lwp_objmgr_initinfo)
/opt/devkitpro/libogc/lib/wii/libogc.a(lwp_heap.o)
                              /opt/devkitpro/libogc/lib/wii/libogc.a(lwp_wkspace.o) (__lwp_heap_init)
/opt/devkitpro/libogc/lib/wii/libogc.a(sys_state.o)
                              /opt/devkitpro/libogc/lib/wii/libogc.a(lwp_threads.o) (_sys_state_curr)
/opt/devkitpro/libogc/lib/wii/libogc.a(irq.o)
                              /opt/devkitpro/libogc/lib/wii/libwiiuse.a(io_wii.o) (IRQ_Disable)
/opt/devkitpro/libogc/lib/wii/libogc.a(video.o)
                              gxsprites.o (VIDEO_Configure)
/opt/devkitpro/libogc/lib/wii/libogc.a(system.o)
                              /opt/devkitpro/libogc/lib/wii/libwiiuse.a(wpad.o) (__SYS_DoPowerCB)
/opt/devkitpro/libogc/lib/wii/libogc.a(system_asm.o)
[...]
Memory Configuration

Name             Origin             Length             Attributes
*default*        0x00000000         0xffffffff

Linker script and memory map

                0x00003400                        . = 0x3400

.stub
 *(.stub)
                0x80004000                        . = 0x80004000

.init           0x80004000      0x194
 *crt0.o(*.init)
 .init          0x80004000      0x170 /opt/devkitpro/libogc/lib/wii/libogc.a(ogc_crt0.o)
                0x80004000                _start
                0x80004140                _memset
 *(.init)
 .init          0x80004170        0xc /opt/devkitpro/devkitPPC/bin/../lib/gcc/powerpc-eabi/13.2.0/ecrti.o
                0x80004170                __init
 .init          0x8000417c        0x4 /opt/devkitpro/devkitPPC/bin/../lib/gcc/powerpc-eabi/13.2.0/crtbegin.o
 .init          0x80004180        0x4 /opt/devkitpro/devkitPPC/bin/../lib/gcc/powerpc-eabi/13.2.0/crtend.o
 .init          0x80004184       0x10 /opt/devkitpro/devkitPPC/bin/../lib/gcc/powerpc-eabi/13.2.0/ecrtn.o

.rela.dyn       0x80004194        0x0
 .rela.iplt     0x80004194        0x0 /opt/devkitpro/devkitPPC/bin/../lib/gcc/powerpc-eabi/13.2.0/crtbegin.o

.plt
 *(.plt)

.interp
 *(.interp)

.hash
 *(.hash)

.dynsym
 *(.dynsym)

.dynstr
 *(.dynstr)

.gnu.version
 *(.gnu.version)

.gnu.version_d
 *(.gnu.version_d)

.gnu.version_r
 *(.gnu.version_r)

.rel.init
 *(.rel.init)

.rela.init
 *(.rela.init)

.rel.text
 *(.rel.text .rel.text.* .rel.gnu.linkonce.t.*)

.rela.text      0x80004194        0x0
 *(.rela.text .rela.text.* .rela.gnu.linkonce.t.*)
 .rela.text.__do_global_dtors_aux
                0x80004194        0x0 /opt/devkitpro/devkitPPC/bin/../lib/gcc/powerpc-eabi/13.2.0/crtbegin.o
 .rela.text.frame_dummy
                0x80004194        0x0 /opt/devkitpro/devkitPPC/bin/../lib/gcc/powerpc-eabi/13.2.0/crtbegin.o

.rel.fini
 *(.rel.fini)

.rela.fini
 *(.rela.fini)

.rel.rodata
 *(.rel.rodata .rel.rodata.* .rel.gnu.linkonce.r.*)

.rela.rodata
 *(.rela.rodata .rela.rodata.* .rela.gnu.linkonce.r.*)

.rel.data
 *(.rel.data .rel.data.* .rel.gnu.linkonce.d.*)

.rela.data
 *(.rela.data .rela.data.* .rela.gnu.linkonce.d.*)

.rel.tdata
 *(.rel.tdata .rel.tdata.* .rel.gnu.linkonce.td.*)

.rela.tdata
 *(.rela.tdata .rela.tdata.* .rela.gnu.linkonce.td.*)

.rel.tbss
 *(.rel.tbss .rel.tbss.* .rel.gnu.linkonce.tb.*)

.rela.tbss
 *(.rela.tbss .rela.tbss.* .rela.gnu.linkonce.tb.*)

.rel.ctors
 *(.rel.ctors)

.rela.ctors
 *(.rela.ctors)

.rel.dtors
 *(.rel.dtors)

.rela.dtors
 *(.rela.dtors)

.rel.got
 *(.rel.got)

.rela.got
 *(.rela.got)

.rela.got1
 *(.rela.got1)

.rela.got2
 *(.rela.got2)

.rel.sdata
 *(.rel.sdata .rel.sdata.* .rel.gnu.linkonce.s.*)

.rela.sdata
 *(.rela.sdata .rela.sdata.* .rela.gnu.linkonce.s.*)

.rel.sbss
 *(.rel.sbss .rel.sbss.* .rel.gnu.linkonce.sb.*)

.rela.sbss
 *(.rela.sbss .rela.sbss.* .rel.gnu.linkonce.sb.*)

.rel.sdata2
 *(.rel.sdata2 .rel.sdata2.* .rel.gnu.linkonce.s2.*)

.rela.sdata2
 *(.rela.sdata2 .rela.sdata2.* .rela.gnu.linkonce.s2.*)

.rel.sbss2
 *(.rel.sbss2 .rel.sbss2.* .rel.gnu.linkonce.sb2.*)

.rela.sbss2
 *(.rela.sbss2 .rela.sbss2.* .rela.gnu.linkonce.sb2.*)

.rel.bss
 *(.rel.bss .rel.bss.* .rel.gnu.linkonce.b.*)

.rela.bss
 *(.rela.bss .rela.bss.* .rela.gnu.linkonce.b.*)

.rel.plt
 *(.rel.plt)

.rela.plt
 *(.rela.plt)

.text           0x800041a0    0x40e40
 *(.text)
 .text          0x800041a0      0x44c /opt/devkitpro/libogc/lib/wii/libogc.a(lwp_handler.o)
                0x800041a0                _cpu_context_save_fp
                0x800042e0                _cpu_context_restore_fp
                0x80004420                _cpu_context_switch
                0x80004500                _cpu_context_save
                0x80004580                _cpu_context_restore
 .text          0x800045ec      0x4a0 /opt/devkitpro/libogc/lib/wii/libogc.a(system_asm.o)
                0x800045ec                __realmode
                0x80004604                __configBATS
                0x80004734                __InitFPRS
                0x80004860                __InitPS
                0x800048bc                __InitCache
                0x80004914                __InitSystem
                0x8000499c                __flush_cache
                0x800049d0                __reset
                0x80004a40                __InitBATS
                0x80004a5c                SYS_SwitchFiber
 .text          0x80004a8c      0x8dc /opt/devkitpro/libogc/lib/wii/libogc.a(gu_psasm.o)
                0x80004a8c                ps_guMtxConcat
                0x80004b50                ps_guMtxIdentity
                0x80004b7c                ps_guMtxCopy
                0x80004bb0                ps_guMtxTranspose
                0x80004c00                ps_guMtxInverse
                0x80004cf8                ps_guMtxInvXpose
                0x80004dc0                ps_guMtxScale
                0x80004de8                ps_guMtxScaleApply
                0x80004e40                ps_guMtxApplyScale
                0x80004ea4                ps_guMtxTrans
                0x80004ed8                ps_guMtxTransApply
                0x80004f24                ps_guMtxApplyTrans
                0x80004fa0                ps_guMtxRotTrig
                0x80005050                __ps_guMtxRotAxisRadInternal
                0x80005110                ps_guMtxReflect
                0x80005180                ps_guVecAdd
                0x800051a4                ps_guVecSub
                0x800051c8                ps_guVecScale
                0x800051e4                ps_guVecNormalize
                0x80005228                ps_guVecCross
                0x80005264                ps_guVecDotProduct
                0x80005284                ps_guVecMultiply
                0x800052d8                ps_guVecMultiplySR
                0x80005348                ps_guQuatDotProduct
 .text          0x80005368      0x1ac /opt/devkitpro/libogc/lib/wii/libogc.a(irq_handler.o)
                0x80005368                irq_exceptionhandler
 .text          0x80005514      0x4f4 /opt/devkitpro/libogc/lib/wii/libogc.a(cache_asm.o)
                0x80005514                DCFlashInvalidate
                0x80005528                DCEnable
                0x8000553c                DCDisable
                0x80005550                DCFreeze
                0x80005564                DCUnfreeze
                0x80005578                DCTouchLoad
                0x80005580                DCBlockZero
                0x80005588                DCBlockStore
                0x80005590                DCBlockFlush
                0x80005598                DCBlockInvalidate
                0x800055a0                DCInvalidateRange
                0x800055d0                DCFlushRange
                0x80005604                DCStoreRange
                0x80005638                DCFlushRangeNoSync
                0x80005668                DCStoreRangeNoSync
                0x80005698                DCZeroRange
                0x800056c8                DCTouchRange
                0x800056f8                ICInvalidateRange
                0x80005730                ICFlashInvalidate
                0x80005744                ICEnable
                0x80005758                ICDisable
                0x8000576c                ICFreeze
                0x80005780                ICUnfreeze
                0x80005794                ICBlockInvalidate
                0x8000579c                ICSync
                0x800057a4                L2Init
                0x800057ec                L2Enable
                0x80005808                L2Disable
                0x80005820                L2GlobalInvalidate
                0x80005878                __LCEnable
                0x80005944                LCDisable
                0x8000596c                LCAllocOneTag
                0x80005980                LCAllocTags
                0x800059c0                LCLoadBlocks
                0x800059e4                LCStoreBlocks
 .text          0x80005a08      0x1ac /opt/devkitpro/libogc/lib/wii/libogc.a(decrementer_handler.o)
                0x80005a08                dec_exceptionhandler
 .text          0x80005bb4      0x35c /opt/devkitpro/libogc/lib/wii/libogc.a(exception_handler.o)
                0x80005bb4                exceptionhandler_start
                0x80005c30                exceptionhandler_patch
                0x80005c64                exceptionhandler_end
                0x80005c68                default_exceptionhandler
                0x80005d98                fpu_exceptionhandler
                0x80005ee0                systemcallhandler_start
                0x80005f0c                systemcallhandler_end
 .text          0x80005f10       0x48 /opt/devkitpro/devkitPPC/bin/../lib/gcc/powerpc-eabi/13.2.0/libgcc.a(eabi.o)
                0x80005f10                __eabi
 .text          0x80005f58       0x58 /opt/devkitpro/devkitPPC/bin/../lib/gcc/powerpc-eabi/13.2.0/libgcc.a(crtresxfpr.o)
                0x80005f58                _restfpr_14_x
                0x80005f5c                _restfpr_15_x
                0x80005f60                _restfpr_16_x
                0x80005f64                _restfpr_17_x
                0x80005f68                _restfpr_18_x
                0x80005f6c                _restfpr_19_x
                0x80005f70                _restfpr_20_x
                0x80005f74                _restfpr_21_x
                0x80005f78                _restfpr_22_x
                0x80005f7c                _restfpr_23_x
                0x80005f80                _restfpr_24_x
                0x80005f84                _restfpr_25_x
                0x80005f88                _restfpr_26_x
                0x80005f8c                _restfpr_27_x
                0x80005f90                _restfpr_28_x
                0x80005f94                _restfpr_29_x
                0x80005f98                _restfpr_30_x
                0x80005f9c                _restfpr_31_x
 .text          0x80005fb0       0x58 /opt/devkitpro/devkitPPC/bin/../lib/gcc/powerpc-eabi/13.2.0/libgcc.a(crtresxgpr.o)
                0x80005fb0                _restgpr_14_x
                0x80005fb4                _restgpr_15_x
                0x80005fb8                _restgpr_16_x
                0x80005fbc                _restgpr_17_x
                0x80005fc0                _restgpr_18_x
                0x80005fc4                _restgpr_19_x
                0x80005fc8                _restgpr_20_x
                0x80005fcc                _restgpr_21_x
                0x80005fd0                _restgpr_22_x
                0x80005fd4                _restgpr_23_x
                0x80005fd8                _restgpr_24_x
                0x80005fdc                _restgpr_25_x
                0x80005fe0                _restgpr_26_x
                0x80005fe4                _restgpr_27_x
                0x80005fe8                _restgpr_28_x
                0x80005fec                _restgpr_29_x
                0x80005ff0                _restgpr_30_x
                0x80005ff4                _restgpr_31_x
 *(.text.*)
 .text.__do_global_dtors_aux
                0x80006008       0xcc /opt/devkitpro/devkitPPC/bin/../lib/gcc/powerpc-eabi/13.2.0/crtbegin.o
 .text.frame_dummy
                0x800060d4       0x24 /opt/devkitpro/devkitPPC/bin/../lib/gcc/powerpc-eabi/13.2.0/crtbegin.o
 .text.__crtmain
                0x800060f8       0x44 /opt/devkitpro/devkitPPC/bin/../lib/gcc/powerpc-eabi/13.2.0/../../../../powerpc-eabi/lib/crtmain.o
                0x800060fc                __crtmain
 .text.drawSpriteTex
                0x8000613c      0x19c gxsprites.o
                0x8000613c                drawSpriteTex
 .text.startup.main
                0x800062d8      0x5dc gxsprites.o
                0x800062d8                main
 .text.__wpad_assign_slot
                0x800068b4      0x254 /opt/devkitpro/libogc/lib/wii/libwiiuse.a(wpad.o)
                0x800068b4                __wpad_assign_slot
 .text.__wpad_def_powcb
                0x80006b08        0x4 /opt/devkitpro/libogc/lib/wii/libwiiuse.a(wpad.o)
 .text.__readlinkkey_finished
                0x80006b0c       0x34 /opt/devkitpro/libogc/lib/wii/libwiiuse.a(wpad.o)
 .text.__wpad_patch_finished
                0x80006b40       0x2c /opt/devkitpro/libogc/lib/wii/libwiiuse.a(wpad.o)
 .text.__wpad_setfmt
                0x80006b6c      0x14c /opt/devkitpro/libogc/lib/wii/libwiiuse.a(wpad.o)
 .text.__wpad_eventCB
                0x80006cb8      0xad4 /opt/devkitpro/libogc/lib/wii/libwiiuse.a(wpad.o)
 .text.__wpad_disconnectCB
                0x8000778c       0xd4 /opt/devkitpro/libogc/lib/wii/libwiiuse.a(wpad.o)
                0x8000778c                __wpad_disconnectCB
 .text.__wpad_timeouthandler
                0x80007860       0xa8 /opt/devkitpro/libogc/lib/wii/libwiiuse.a(wpad.o)
 .text.__initcore_finished
                0x80007908       0x48 /opt/devkitpro/libogc/lib/wii/libwiiuse.a(wpad.o)
 .text.__wpad_init_finished
                0x80007950      0x194 /opt/devkitpro/libogc/lib/wii/libwiiuse.a(wpad.o)
 .text.WPAD_ReadEvent
                0x80007ae4      0x68c /opt/devkitpro/libogc/lib/wii/libwiiuse.a(wpad.o)
                0x80007ae4                WPAD_ReadEvent
 .text.WPAD_ReadPending
                0x80008170      0x1a0 /opt/devkitpro/libogc/lib/wii/libwiiuse.a(wpad.o)
                0x80008170                WPAD_ReadPending
 .text.WPAD_Shutdown
                0x80008310      0x114 /opt/devkitpro/libogc/lib/wii/libwiiuse.a(wpad.o)
                0x80008310                WPAD_Shutdown
 .text.WPAD_Init
                0x80008424      0x2c4 /opt/devkitpro/libogc/lib/wii/libwiiuse.a(wpad.o)
                0x80008424                WPAD_Init
 .text.__wpad_onreset
                0x800086e8       0x34 /opt/devkitpro/libogc/lib/wii/libwiiuse.a(wpad.o)
 .text.WPAD_ScanPads
                0x8000871c       0x90 /opt/devkitpro/libogc/lib/wii/libwiiuse.a(wpad.o)
                0x8000871c                WPAD_ScanPads
 .text.WPAD_ButtonsDown
                0x800087ac       0x28 /opt/devkitpro/libogc/lib/wii/libwiiuse.a(wpad.o)
                0x800087ac                WPAD_ButtonsDown
 .text.motion_plus_disconnected
                0x800087d4       0x10 /opt/devkitpro/libogc/lib/wii/libwiiuse.a(motion_plus.o)
                0x800087d4                motion_plus_disconnected
 .text.motion_plus_event
                0x800087e4       0x64 /opt/devkitpro/libogc/lib/wii/libwiiuse.a(motion_plus.o)
                0x800087e4                motion_plus_event
 .text.calculate_gforce
                0x80008848      0x114 /opt/devkitpro/libogc/lib/wii/libwiiuse.a(dynamics.o)
                0x80008848                calculate_gforce
 .text.calc_joystick_state
                0x8000895c      0x210 /opt/devkitpro/libogc/lib/wii/libwiiuse.a(dynamics.o)
                0x8000895c                calc_joystick_state
 .text.apply_smoothing
                0x80008b6c      0x140 /opt/devkitpro/libogc/lib/wii/libwiiuse.a(dynamics.o)
                0x80008b6c                apply_smoothing
 .text.calculate_orientation
                0x80008cac      0x340 /opt/devkitpro/libogc/lib/wii/libwiiuse.a(dynamics.o)
                0x80008cac                calculate_orientation
 .text.calc_balanceboard_state
                0x80008fec      0x3a4 /opt/devkitpro/libogc/lib/wii/libwiiuse.a(dynamics.o)
                0x80008fec                calc_balanceboard_state
 .text.wiiuse_handshake
                0x80009390      0x27c /opt/devkitpro/libogc/lib/wii/libwiiuse.a(io.o)
                0x80009390                wiiuse_handshake
 .text.wiiuse_handshake_expansion
                0x8000960c      0x1f0 /opt/devkitpro/libogc/lib/wii/libwiiuse.a(io.o)
                0x8000960c                wiiuse_handshake_expansion
 .text.wiiuse_handshake_expansion_start
                0x800097fc       0x5c /opt/devkitpro/libogc/lib/wii/libwiiuse.a(io.o)
                0x800097fc                wiiuse_handshake_expansion_start
 .text.wiiuse_disable_expansion
                0x80009858      0x1b0 /opt/devkitpro/libogc/lib/wii/libwiiuse.a(io.o)
                0x80009858                wiiuse_disable_expansion
 .text.__wiiuse_connected
                0x80009a08       0x9c /opt/devkitpro/libogc/lib/wii/libwiiuse.a(io_wii.o)
 .text.__wiiuse_disconnected
                0x80009aa4       0xb4 /opt/devkitpro/libogc/lib/wii/libwiiuse.a(io_wii.o)
 .text.__wiiuse_receive
                0x80009b58       0xd0 /opt/devkitpro/libogc/lib/wii/libwiiuse.a(io_wii.o)
 .text.__wiiuse_sensorbar_enable
                0x80009c28       0x54 /opt/devkitpro/libogc/lib/wii/libwiiuse.a(io_wii.o)
                0x80009c28                __wiiuse_sensorbar_enable
 .text.wiiuse_register
                0x80009c7c       0xf0 /opt/devkitpro/libogc/lib/wii/libwiiuse.a(io_wii.o)
                0x80009c7c                wiiuse_register
 .text.wiiuse_disconnect
                0x80009d6c       0x24 /opt/devkitpro/libogc/lib/wii/libwiiuse.a(io_wii.o)
                0x80009d6c                wiiuse_disconnect
 .text.wiiuse_init_cmd_queue
                0x80009d90       0x9c /opt/devkitpro/libogc/lib/wii/libwiiuse.a(io_wii.o)
                0x80009d90                wiiuse_init_cmd_queue
 .text.wiiuse_io_write
                0x80009e2c       0x1c /opt/devkitpro/libogc/lib/wii/libwiiuse.a(io_wii.o)
                0x80009e2c                wiiuse_io_write
 .text.rotate_dots
                0x80009e48      0x13c /opt/devkitpro/libogc/lib/wii/libwiiuse.a(ir.o)
 .text.get_ir_sens.constprop.0.isra.0
                0x80009f84       0xdc /opt/devkitpro/libogc/lib/wii/libwiiuse.a(ir.o)
 .text.wiiuse_set_ir_mode
                0x8000a060       0x5c /opt/devkitpro/libogc/lib/wii/libwiiuse.a(ir.o)
                0x8000a060                wiiuse_set_ir_mode
 .text.wiiuse_set_ir
                0x8000a0bc      0x204 /opt/devkitpro/libogc/lib/wii/libwiiuse.a(ir.o)
                0x8000a0bc                wiiuse_set_ir
 .text.wiiuse_set_ir_position
                0x8000a2c0       0x80 /opt/devkitpro/libogc/lib/wii/libwiiuse.a(ir.o)
                0x8000a2c0                wiiuse_set_ir_position
 .text.wiiuse_set_aspect_ratio
                0x8000a340       0xac /opt/devkitpro/libogc/lib/wii/libwiiuse.a(ir.o)
                0x8000a340                wiiuse_set_aspect_ratio
 .text.wiiuse_set_ir_sensitivity
                0x8000a3ec       0xe4 /opt/devkitpro/libogc/lib/wii/libwiiuse.a(ir.o)
                0x8000a3ec                wiiuse_set_ir_sensitivity
 .text.calculate_basic_ir
                0x8000a4d0       0xe8 /opt/devkitpro/libogc/lib/wii/libwiiuse.a(ir.o)
                0x8000a4d0                calculate_basic_ir
 .text.calculate_extended_ir
                0x8000a5b8       0x64 /opt/devkitpro/libogc/lib/wii/libwiiuse.a(ir.o)
                0x8000a5b8                calculate_extended_ir
 .text.find_sensorbar
                0x8000a61c      0xa00 /opt/devkitpro/libogc/lib/wii/libwiiuse.a(ir.o)
                0x8000a61c                find_sensorbar
 .text.apply_ir_smoothing
                0x8000b01c      0x124 /opt/devkitpro/libogc/lib/wii/libwiiuse.a(ir.o)
                0x8000b01c                apply_ir_smoothing
 .text.interpret_ir_data
                0x8000b140      0x3c8 /opt/devkitpro/libogc/lib/wii/libwiiuse.a(ir.o)
                0x8000b140                interpret_ir_data
 .text.nunchuk_handshake
                0x8000b508      0x31c /opt/devkitpro/libogc/lib/wii/libwiiuse.a(nunchuk.o)
                0x8000b508                nunchuk_handshake
 .text.nunchuk_disconnected
                0x8000b824        0xc /opt/devkitpro/libogc/lib/wii/libwiiuse.a(nunchuk.o)
                0x8000b824                nunchuk_disconnected
 .text.nunchuk_event
                0x8000b830       0xe8 /opt/devkitpro/libogc/lib/wii/libwiiuse.a(nunchuk.o)
                0x8000b830                nunchuk_event
 .text.wii_board_handshake
                0x8000b918      0x284 /opt/devkitpro/libogc/lib/wii/libwiiuse.a(wiiboard.o)
                0x8000b918                wii_board_handshake
 .text.wii_board_disconnected
                0x8000bb9c        0xc /opt/devkitpro/libogc/lib/wii/libwiiuse.a(wiiboard.o)
                0x8000bb9c                wii_board_disconnected
 .text.wii_board_event
                0x8000bba8       0x24 /opt/devkitpro/libogc/lib/wii/libwiiuse.a(wiiboard.o)
                0x8000bba8                wii_board_event
 .text.wiiuse_send_next_command
                0x8000bbcc       0x58 /opt/devkitpro/libogc/lib/wii/libwiiuse.a(wiiuse.o)
                0x8000bbcc                wiiuse_send_next_command
 .text.wiiuse_init
                0x8000bc24      0x208 /opt/devkitpro/libogc/lib/wii/libwiiuse.a(wiiuse.o)
                0x8000bc24                wiiuse_init
 .text.wiiuse_set_flags
                0x8000be2c       0x28 /opt/devkitpro/libogc/lib/wii/libwiiuse.a(wiiuse.o)
                0x8000be2c                wiiuse_set_flags
 .text.wiiuse_read_data
                0x8000be54      0x154 /opt/devkitpro/libogc/lib/wii/libwiiuse.a(wiiuse.o)
                0x8000be54                wiiuse_read_data
 .text.wiiuse_write_data
                0x8000bfa8      0x18c /opt/devkitpro/libogc/lib/wii/libwiiuse.a(wiiuse.o)
                0x8000bfa8                wiiuse_write_data
 .text.wiiuse_sendcmd
                0x8000c134      0x144 /opt/devkitpro/libogc/lib/wii/libwiiuse.a(wiiuse.o)
                0x8000c134                wiiuse_sendcmd
 .text.wiiuse_set_leds
                0x8000c278       0x50 /opt/devkitpro/libogc/lib/wii/libwiiuse.a(wiiuse.o)
                0x8000c278                wiiuse_set_leds
 .text.wiiuse_set_report_type
                0x8000c2c8       0xb0 /opt/devkitpro/libogc/lib/wii/libwiiuse.a(wiiuse.o)
                0x8000c2c8                wiiuse_set_report_type
 .text.wiiuse_status
                0x8000c378       0x4c /opt/devkitpro/libogc/lib/wii/libwiiuse.a(wiiuse.o)
                0x8000c378                wiiuse_status
 .text.wiiuse_motion_sensing
                0x8000c3c4       0x84 /opt/devkitpro/libogc/lib/wii/libwiiuse.a(wiiuse.o)
                0x8000c3c4                wiiuse_motion_sensing
 .text.wiiuse_set_speaker
                0x8000c448      0x24c /opt/devkitpro/libogc/lib/wii/libwiiuse.a(speaker.o)
                0x8000c448                wiiuse_set_speaker
 .text.classic_ctrl_handshake
                0x8000c694      0x410 /opt/devkitpro/libogc/lib/wii/libwiiuse.a(classic.o)
                0x8000c694                classic_ctrl_handshake
 .text.classic_ctrl_disconnected
                0x8000caa4        0xc /opt/devkitpro/libogc/lib/wii/libwiiuse.a(classic.o)
                0x8000caa4                classic_ctrl_disconnected
 .text.classic_ctrl_event
                0x8000cab0      0x15c /opt/devkitpro/libogc/lib/wii/libwiiuse.a(classic.o)
                0x8000cab0                classic_ctrl_event
 .text.handle_expansion
                0x8000cc0c       0x54 /opt/devkitpro/libogc/lib/wii/libwiiuse.a(events.o)
 .text.parse_event
                0x8000cc60      0x730 /opt/devkitpro/libogc/lib/wii/libwiiuse.a(events.o)
                0x8000cc60                parse_event
 .text.guitar_hero_3_handshake
                0x8000d390       0x5c /opt/devkitpro/libogc/lib/wii/libwiiuse.a(guitar_hero_3.o)
                0x8000d390                guitar_hero_3_handshake
 .text.guitar_hero_3_disconnected
                0x8000d3ec        0xc /opt/devkitpro/libogc/lib/wii/libwiiuse.a(guitar_hero_3.o)
                0x8000d3ec                guitar_hero_3_disconnected
 .text.guitar_hero_3_event
                0x8000d3f8       0x60 /opt/devkitpro/libogc/lib/wii/libwiiuse.a(guitar_hero_3.o)
                0x8000d3f8                guitar_hero_3_event
 .text.acl_wlp_completed
                0x8000d458        0x8 /opt/devkitpro/libogc/lib/wii/libbte.a(bte.o)
                0x8000d458                acl_wlp_completed
 .text.bt_alarmhandler
                0x8000d460       0x58 /opt/devkitpro/libogc/lib/wii/libbte.a(bte.o)
 .text.__bte_send_pending_request
                0x8000d4b8      0x108 /opt/devkitpro/libogc/lib/wii/libbte.a(bte.o)
 .text.acl_conn_complete
                0x8000d5c0       0x2c /opt/devkitpro/libogc/lib/wii/libbte.a(bte.o)
                0x8000d5c0                acl_conn_complete
 .text.l2cap_accepted
                0x8000d5ec      0x134 /opt/devkitpro/libogc/lib/wii/libbte.a(bte.o)
                0x8000d5ec                l2cap_accepted
 .text.l2cap_disconnect_cfm
                0x8000d720      0x19c /opt/devkitpro/libogc/lib/wii/libbte.a(bte.o)
                0x8000d720                l2cap_disconnect_cfm
 .text.bte_process_input
                0x8000d8bc      0x128 /opt/devkitpro/libogc/lib/wii/libbte.a(bte.o)
 .text.l2cap_disconnected_ind
                0x8000d9e4      0x1a4 /opt/devkitpro/libogc/lib/wii/libbte.a(bte.o)
                0x8000d9e4                l2cap_disconnected_ind
 .text.__bte_shutdown_finished
                0x8000db88       0xe0 /opt/devkitpro/libogc/lib/wii/libbte.a(bte.o)
 .text.bte_hci_apply_patch_complete
                0x8000dc68      0x164 /opt/devkitpro/libogc/lib/wii/libbte.a(bte.o)
                0x8000dc68                bte_hci_apply_patch_complete
 .text.bte_hci_patch_complete
                0x8000ddcc      0x380 /opt/devkitpro/libogc/lib/wii/libbte.a(bte.o)
                0x8000ddcc                bte_hci_patch_complete
 .text.bte_hci_initcore_complete
                0x8000e14c      0x280 /opt/devkitpro/libogc/lib/wii/libbte.a(bte.o)
                0x8000e14c                bte_hci_initcore_complete
 .text.bte_read_stored_link_key_complete
                0x8000e3cc      0x27c /opt/devkitpro/libogc/lib/wii/libbte.a(bte.o)
                0x8000e3cc                bte_read_stored_link_key_complete
 .text.bte_hci_initcore_complete2
                0x8000e648      0x22c /opt/devkitpro/libogc/lib/wii/libbte.a(bte.o)
 .text.bte_hci_initsub_complete
                0x8000e874      0x280 /opt/devkitpro/libogc/lib/wii/libbte.a(bte.o)
                0x8000e874                bte_hci_initsub_complete
 .text.BTE_Init
                0x8000eaf4      0x138 /opt/devkitpro/libogc/lib/wii/libbte.a(bte.o)
                0x8000eaf4                BTE_Init
 .text.BTE_Shutdown
                0x8000ec2c      0x100 /opt/devkitpro/libogc/lib/wii/libbte.a(bte.o)
                0x8000ec2c                BTE_Shutdown
 .text.BTE_InitCore
                0x8000ed2c       0x8c /opt/devkitpro/libogc/lib/wii/libbte.a(bte.o)
                0x8000ed2c                BTE_InitCore
 .text.BTE_ApplyPatch
                0x8000edb8       0xa4 /opt/devkitpro/libogc/lib/wii/libbte.a(bte.o)
                0x8000edb8                BTE_ApplyPatch
 .text.BTE_InitSub
                0x8000ee5c       0x90 /opt/devkitpro/libogc/lib/wii/libbte.a(bte.o)
                0x8000ee5c                BTE_InitSub
 .text.BTE_ReadStoredLinkKey
                0x8000eeec       0x90 /opt/devkitpro/libogc/lib/wii/libbte.a(bte.o)
                0x8000eeec                BTE_ReadStoredLinkKey
 .text.BTE_SetDisconnectCallback
                0x8000ef7c        0x4 /opt/devkitpro/libogc/lib/wii/libbte.a(bte.o)
                0x8000ef7c                BTE_SetDisconnectCallback
 .text.bte_new  0x8000ef80       0x54 /opt/devkitpro/libogc/lib/wii/libbte.a(bte.o)
                0x8000ef80                bte_new
 .text.bte_registerdeviceasync
                0x8000efd4      0x158 /opt/devkitpro/libogc/lib/wii/libbte.a(bte.o)
                0x8000efd4                bte_registerdeviceasync
 .text.bte_disconnect
                0x8000f12c       0xd8 /opt/devkitpro/libogc/lib/wii/libbte.a(bte.o)
                0x8000f12c                bte_disconnect
 .text.bte_senddata
                0x8000f204      0x104 /opt/devkitpro/libogc/lib/wii/libbte.a(bte.o)
                0x8000f204                bte_senddata
 .text.bte_arg  0x8000f308       0x38 /opt/devkitpro/libogc/lib/wii/libbte.a(bte.o)
                0x8000f308                bte_arg
 .text.bte_received
                0x8000f340       0x38 /opt/devkitpro/libogc/lib/wii/libbte.a(bte.o)
                0x8000f340                bte_received
 .text.bte_disconnected
                0x8000f378       0x38 /opt/devkitpro/libogc/lib/wii/libbte.a(bte.o)
                0x8000f378                bte_disconnected
 .text.hci_get_link
                0x8000f3b0       0x84 /opt/devkitpro/libogc/lib/wii/libbte.a(hci.o)
 .text.hci_init
                0x8000f434       0x80 /opt/devkitpro/libogc/lib/wii/libbte.a(hci.o)
                0x8000f434                hci_init
 .text.hci_close
                0x8000f4b4       0xd0 /opt/devkitpro/libogc/lib/wii/libbte.a(hci.o)
                0x8000f4b4                hci_close
 .text.hci_reset_all
                0x8000f584       0xb8 /opt/devkitpro/libogc/lib/wii/libbte.a(hci.o)
                0x8000f584                hci_reset_all
 .text.hci_arg  0x8000f63c        0xc /opt/devkitpro/libogc/lib/wii/libbte.a(hci.o)
                0x8000f63c                hci_arg
 .text.hci_cmd_complete
                0x8000f648        0xc /opt/devkitpro/libogc/lib/wii/libbte.a(hci.o)
                0x8000f648                hci_cmd_complete
 .text.hci_connection_complete
                0x8000f654        0xc /opt/devkitpro/libogc/lib/wii/libbte.a(hci.o)
                0x8000f654                hci_connection_complete
 .text.hci_wlp_complete
                0x8000f660        0xc /opt/devkitpro/libogc/lib/wii/libbte.a(hci.o)
                0x8000f660                hci_wlp_complete
 .text.hci_reset
                0x8000f66c       0xac /opt/devkitpro/libogc/lib/wii/libbte.a(hci.o)
                0x8000f66c                hci_reset
 .text.hci_read_buffer_size
                0x8000f718       0xac /opt/devkitpro/libogc/lib/wii/libbte.a(hci.o)
                0x8000f718                hci_read_buffer_size
 .text.hci_read_bd_addr
                0x8000f7c4       0xac /opt/devkitpro/libogc/lib/wii/libbte.a(hci.o)
                0x8000f7c4                hci_read_bd_addr
 .text.hci_read_local_version
                0x8000f870       0xa8 /opt/devkitpro/libogc/lib/wii/libbte.a(hci.o)
                0x8000f870                hci_read_local_version
 .text.hci_read_local_features
                0x8000f918       0xac /opt/devkitpro/libogc/lib/wii/libbte.a(hci.o)
                0x8000f918                hci_read_local_features
 .text.hci_read_stored_link_key
                0x8000f9c4      0x100 /opt/devkitpro/libogc/lib/wii/libbte.a(hci.o)
                0x8000f9c4                hci_read_stored_link_key
 .text.hci_write_page_timeout
                0x8000fac4       0xd0 /opt/devkitpro/libogc/lib/wii/libbte.a(hci.o)
                0x8000fac4                hci_write_page_timeout
 .text.hci_write_scan_enable
                0x8000fb94       0xbc /opt/devkitpro/libogc/lib/wii/libbte.a(hci.o)
                0x8000fb94                hci_write_scan_enable
 .text.hci_accecpt_conn_request
                0x8000fc50       0xe0 /opt/devkitpro/libogc/lib/wii/libbte.a(hci.o)
                0x8000fc50                hci_accecpt_conn_request
 .text.hci_write_local_name
                0x8000fd30       0xd8 /opt/devkitpro/libogc/lib/wii/libbte.a(hci.o)
                0x8000fd30                hci_write_local_name
 .text.hci_write_pin_type
                0x8000fe08       0xbc /opt/devkitpro/libogc/lib/wii/libbte.a(hci.o)
                0x8000fe08                hci_write_pin_type
 .text.hci_write_inquiry_mode
                0x8000fec4       0xbc /opt/devkitpro/libogc/lib/wii/libbte.a(hci.o)
                0x8000fec4                hci_write_inquiry_mode
 .text.hci_write_page_scan_type
                0x8000ff80       0xbc /opt/devkitpro/libogc/lib/wii/libbte.a(hci.o)
                0x8000ff80                hci_write_page_scan_type
 .text.hci_write_inquiry_scan_type
                0x8001003c       0xbc /opt/devkitpro/libogc/lib/wii/libbte.a(hci.o)
                0x8001003c                hci_write_inquiry_scan_type
 .text.hci_vendor_specific_command
                0x800100f8       0xe8 /opt/devkitpro/libogc/lib/wii/libbte.a(hci.o)
                0x800100f8                hci_vendor_specific_command
 .text.hci_write_link_policy_settings
                0x800101e0      0x104 /opt/devkitpro/libogc/lib/wii/libbte.a(hci.o)
                0x800101e0                hci_write_link_policy_settings
 .text.hci_pin_code_request_neg_reply
                0x800102e4       0xcc /opt/devkitpro/libogc/lib/wii/libbte.a(hci.o)
                0x800102e4                hci_pin_code_request_neg_reply
 .text.hci_link_key_req_neg_reply
                0x800103b0       0xcc /opt/devkitpro/libogc/lib/wii/libbte.a(hci.o)
                0x800103b0                hci_link_key_req_neg_reply
 .text.hci_disconnect
                0x8001047c       0xfc /opt/devkitpro/libogc/lib/wii/libbte.a(hci.o)
                0x8001047c                hci_disconnect
 .text.hci_write_cod
                0x80010578       0xcc /opt/devkitpro/libogc/lib/wii/libbte.a(hci.o)
                0x80010578                hci_write_cod
 .text.hci_host_buffer_size
                0x80010644      0x10c /opt/devkitpro/libogc/lib/wii/libbte.a(hci.o)
                0x80010644                hci_host_buffer_size
 .text.hci_host_num_comp_packets
                0x80010750      0x108 /opt/devkitpro/libogc/lib/wii/libbte.a(hci.o)
                0x80010750                hci_host_num_comp_packets
 .text.lp_pdu_maxsize
                0x80010858        0xc /opt/devkitpro/libogc/lib/wii/libbte.a(hci.o)
                0x80010858                lp_pdu_maxsize
 .text.lp_acl_write
                0x80010864      0x158 /opt/devkitpro/libogc/lib/wii/libbte.a(hci.o)
                0x80010864                lp_acl_write
 .text.lp_write_flush_timeout
                0x800109bc      0x104 /opt/devkitpro/libogc/lib/wii/libbte.a(hci.o)
                0x800109bc                lp_write_flush_timeout
 .text.hci_event_handler
                0x80010ac0      0xc7c /opt/devkitpro/libogc/lib/wii/libbte.a(hci.o)
                0x80010ac0                hci_event_handler
 .text.hci_acldata_handler
                0x8001173c      0x11c /opt/devkitpro/libogc/lib/wii/libbte.a(hci.o)
                0x8001173c                hci_acldata_handler
 .text.l2cap_init
                0x80011858       0x60 /opt/devkitpro/libogc/lib/wii/libbte.a(l2cap.o)
                0x80011858                l2cap_init
 .text.l2cap_write
                0x800118b8      0x1a0 /opt/devkitpro/libogc/lib/wii/libbte.a(l2cap.o)
                0x800118b8                l2cap_write
 .text.l2cap_new
                0x80011a58       0x60 /opt/devkitpro/libogc/lib/wii/libbte.a(l2cap.o)
                0x80011a58                l2cap_new
 .text.l2cap_close
                0x80011ab8      0x1d4 /opt/devkitpro/libogc/lib/wii/libbte.a(l2cap.o)
                0x80011ab8                l2cap_close
 .text.l2cap_reset_all
                0x80011c8c      0x154 /opt/devkitpro/libogc/lib/wii/libbte.a(l2cap.o)
                0x80011c8c                l2cap_reset_all
 .text.l2cap_signal
                0x80011de0      0x204 /opt/devkitpro/libogc/lib/wii/libbte.a(l2cap.o)
                0x80011de0                l2cap_signal
 .text.l2ca_config_req
                0x80011fe4      0x158 /opt/devkitpro/libogc/lib/wii/libbte.a(l2cap.o)
                0x80011fe4                l2ca_config_req
 .text.l2ca_disconnect_req
                0x8001213c       0xcc /opt/devkitpro/libogc/lib/wii/libbte.a(l2cap.o)
                0x8001213c                l2ca_disconnect_req
 .text.l2cap_tmr
                0x80012208      0x260 /opt/devkitpro/libogc/lib/wii/libbte.a(l2cap.o)
                0x80012208                l2cap_tmr
 .text.l2cap_process_sig
                0x80012468     0x1334 /opt/devkitpro/libogc/lib/wii/libbte.a(l2cap.o)
                0x80012468                l2cap_process_sig
 .text.l2cap_input
                0x8001379c      0x578 /opt/devkitpro/libogc/lib/wii/libbte.a(l2cap.o)
                0x8001379c                l2cap_input
 .text.l2ca_datawrite
                0x80013d14      0x128 /opt/devkitpro/libogc/lib/wii/libbte.a(l2cap.o)
                0x80013d14                l2ca_datawrite
 .text.lp_connect_cfm
                0x80013e3c      0x184 /opt/devkitpro/libogc/lib/wii/libbte.a(l2cap.o)
                0x80013e3c                lp_connect_cfm
 .text.lp_connect_ind
                0x80013fc0        0x4 /opt/devkitpro/libogc/lib/wii/libbte.a(l2cap.o)
                0x80013fc0                lp_connect_ind
 .text.lp_disconnect_ind
                0x80013fc4      0x124 /opt/devkitpro/libogc/lib/wii/libbte.a(l2cap.o)
                0x80013fc4                lp_disconnect_ind
 .text.l2cap_disconnect_bb
                0x800140e8       0x10 /opt/devkitpro/libogc/lib/wii/libbte.a(l2cap.o)
                0x800140e8                l2cap_disconnect_bb
 .text.l2cap_arg
                0x800140f8        0x8 /opt/devkitpro/libogc/lib/wii/libbte.a(l2cap.o)
                0x800140f8                l2cap_arg
 .text.l2cap_connect_ind
                0x80014100      0x104 /opt/devkitpro/libogc/lib/wii/libbte.a(l2cap.o)
                0x80014100                l2cap_connect_ind
 .text.l2cap_disconnect_ind
                0x80014204        0x8 /opt/devkitpro/libogc/lib/wii/libbte.a(l2cap.o)
                0x80014204                l2cap_disconnect_ind
 .text.l2cap_recv
                0x8001420c        0x8 /opt/devkitpro/libogc/lib/wii/libbte.a(l2cap.o)
                0x8001420c                l2cap_recv
 .text.btmemb_init
                0x80014214       0x24 /opt/devkitpro/libogc/lib/wii/libbte.a(btmemb.o)
                0x80014214                btmemb_init
 .text.btmemb_alloc
                0x80014238       0x98 /opt/devkitpro/libogc/lib/wii/libbte.a(btmemb.o)
                0x80014238                btmemb_alloc
 .text.btmemb_free
                0x800142d0      0x114 /opt/devkitpro/libogc/lib/wii/libbte.a(btmemb.o)
                0x800142d0                btmemb_free
 .text.plug_holes
                0x800143e4       0xac /opt/devkitpro/libogc/lib/wii/libbte.a(btmemr.o)
 .text.btmemr_init
                0x80014490       0xa4 /opt/devkitpro/libogc/lib/wii/libbte.a(btmemr.o)
                0x80014490                btmemr_init
 .text.btmemr_malloc
                0x80014534      0x17c /opt/devkitpro/libogc/lib/wii/libbte.a(btmemr.o)
                0x80014534                btmemr_malloc
 .text.btmemr_free
                0x800146b0       0x98 /opt/devkitpro/libogc/lib/wii/libbte.a(btmemr.o)
                0x800146b0                btmemr_free
 .text.btmemr_realloc
                0x80014748      0x108 /opt/devkitpro/libogc/lib/wii/libbte.a(btmemr.o)
                0x80014748                btmemr_realloc
 .text.btpbuf_init
                0x80014850       0x28 /opt/devkitpro/libogc/lib/wii/libbte.a(btpbuf.o)
                0x80014850                btpbuf_init
 .text.btpbuf_free
                0x80014878      0x11c /opt/devkitpro/libogc/lib/wii/libbte.a(btpbuf.o)
                0x80014878                btpbuf_free
 .text.btpbuf_alloc
                0x80014994      0x250 /opt/devkitpro/libogc/lib/wii/libbte.a(btpbuf.o)
                0x80014994                btpbuf_alloc
 .text.btpbuf_realloc
                0x80014be4      0x110 /opt/devkitpro/libogc/lib/wii/libbte.a(btpbuf.o)
                0x80014be4                btpbuf_realloc
 .text.btpbuf_header
                0x80014cf4       0x84 /opt/devkitpro/libogc/lib/wii/libbte.a(btpbuf.o)
                0x80014cf4                btpbuf_header
 .text.btpbuf_ref
                0x80014d78       0x48 /opt/devkitpro/libogc/lib/wii/libbte.a(btpbuf.o)
                0x80014d78                btpbuf_ref
 .text.btpbuf_chain
                0x80014dc0       0x9c /opt/devkitpro/libogc/lib/wii/libbte.a(btpbuf.o)
                0x80014dc0                btpbuf_chain
 .text.btpbuf_dechain
                0x80014e5c       0x7c /opt/devkitpro/libogc/lib/wii/libbte.a(btpbuf.o)
                0x80014e5c                btpbuf_dechain
 .text.btpbuf_take
                0x80014ed8      0x13c /opt/devkitpro/libogc/lib/wii/libbte.a(btpbuf.o)
                0x80014ed8                btpbuf_take
 .text.__usb_closeCB
                0x80015014       0x10 /opt/devkitpro/libogc/lib/wii/libbte.a(physbusif.o)
 .text.__writebulkmsgCB
                0x80015024       0x3c /opt/devkitpro/libogc/lib/wii/libbte.a(physbusif.o)
 .text.__writectrlmsgCB
                0x80015060       0x3c /opt/devkitpro/libogc/lib/wii/libbte.a(physbusif.o)
 .text.__issue_intrread.part.0
                0x8001509c       0x80 /opt/devkitpro/libogc/lib/wii/libbte.a(physbusif.o)
 .text.__readintrdataCB
                0x8001511c      0x148 /opt/devkitpro/libogc/lib/wii/libbte.a(physbusif.o)
 .text.__issue_bulkread.part.0
                0x80015264       0x80 /opt/devkitpro/libogc/lib/wii/libbte.a(physbusif.o)
 .text.__readbulkdataCB
                0x800152e4      0x148 /opt/devkitpro/libogc/lib/wii/libbte.a(physbusif.o)
 .text.physbusif_init
                0x8001542c      0x1ec /opt/devkitpro/libogc/lib/wii/libbte.a(physbusif.o)
                0x8001542c                physbusif_init
 .text.physbusif_close
                0x80015618       0x20 /opt/devkitpro/libogc/lib/wii/libbte.a(physbusif.o)
                0x80015618                physbusif_close
 .text.physbusif_shutdown
                0x80015638       0x24 /opt/devkitpro/libogc/lib/wii/libbte.a(physbusif.o)
                0x80015638                physbusif_shutdown
 .text.physbusif_reset_all
                0x8001565c        0x4 /opt/devkitpro/libogc/lib/wii/libbte.a(physbusif.o)
                0x8001565c                physbusif_reset_all
 .text.physbusif_output
                0x80015660      0x1c4 /opt/devkitpro/libogc/lib/wii/libbte.a(physbusif.o)
                0x80015660                physbusif_output
 .text.__lwp_queue_initialize
                0x80015824       0x98 /opt/devkitpro/libogc/lib/wii/libogc.a(lwp_queue.o)
                0x80015824                __lwp_queue_initialize
 .text.__lwp_queue_get
                0x800158bc       0x74 /opt/devkitpro/libogc/lib/wii/libogc.a(lwp_queue.o)
                0x800158bc                __lwp_queue_get
 .text.__lwp_queue_append
                0x80015930       0x4c /opt/devkitpro/libogc/lib/wii/libogc.a(lwp_queue.o)
                0x80015930                __lwp_queue_append
 .text.__syscall_getreent
                0x8001597c       0x24 /opt/devkitpro/libogc/lib/wii/libogc.a(lwp_threads.o)
                0x8001597c                __syscall_getreent
 .text.__lwp_isr_in_progress
                0x800159a0        0x8 /opt/devkitpro/libogc/lib/wii/libogc.a(lwp_threads.o)
                0x800159a0                __lwp_isr_in_progress
 .text.__thread_dispatch_fp
                0x800159a8       0x88 /opt/devkitpro/libogc/lib/wii/libogc.a(lwp_threads.o)
                0x800159a8                __thread_dispatch_fp
 .text.__thread_dispatch
                0x80015a30       0xf4 /opt/devkitpro/libogc/lib/wii/libogc.a(lwp_threads.o)
                0x80015a30                __thread_dispatch
 .text.__lwp_thread_resettimeslice
                0x80015b24       0xb4 /opt/devkitpro/libogc/lib/wii/libogc.a(lwp_threads.o)
                0x80015b24                __lwp_thread_resettimeslice
 .text.__lwp_thread_tickle_timeslice
                0x80015bd8       0xc8 /opt/devkitpro/libogc/lib/wii/libogc.a(lwp_threads.o)
                0x80015bd8                __lwp_thread_tickle_timeslice
 .text.__lwp_thread_setstate
                0x80015ca0      0x16c /opt/devkitpro/libogc/lib/wii/libogc.a(lwp_threads.o)
                0x80015ca0                __lwp_thread_setstate
 .text.__lwp_thread_clearstate
                0x80015e0c       0xe4 /opt/devkitpro/libogc/lib/wii/libogc.a(lwp_threads.o)
                0x80015e0c                __lwp_thread_clearstate
 .text.__lwp_thread_delayended
                0x80015ef0       0x48 /opt/devkitpro/libogc/lib/wii/libogc.a(lwp_threads.o)
                0x80015ef0                __lwp_thread_delayended
 .text.__lwp_thread_suspend
                0x80015f38      0x17c /opt/devkitpro/libogc/lib/wii/libogc.a(lwp_threads.o)
                0x80015f38                __lwp_thread_suspend
 .text.__lwp_thread_settransient
                0x800160b4       0xb4 /opt/devkitpro/libogc/lib/wii/libogc.a(lwp_threads.o)
                0x800160b4                __lwp_thread_settransient
 .text.__lwp_thread_changepriority
                0x80016168      0x1f8 /opt/devkitpro/libogc/lib/wii/libogc.a(lwp_threads.o)
                0x80016168                __lwp_thread_changepriority
 .text.__lwp_thread_resume
                0x80016360      0x12c /opt/devkitpro/libogc/lib/wii/libogc.a(lwp_threads.o)
                0x80016360                __lwp_thread_resume
 .text.__lwp_thread_ready
                0x8001648c       0xf0 /opt/devkitpro/libogc/lib/wii/libogc.a(lwp_threads.o)
                0x8001648c                __lwp_thread_ready
 .text.__lwp_thread_init
                0x8001657c      0x160 /opt/devkitpro/libogc/lib/wii/libogc.a(lwp_threads.o)
                0x8001657c                __lwp_thread_init
 .text.__lwp_thread_close
                0x800166dc      0x144 /opt/devkitpro/libogc/lib/wii/libogc.a(lwp_threads.o)
                0x800166dc                __lwp_thread_close
 .text.__lwp_thread_handler
                0x80016820       0xc0 /opt/devkitpro/libogc/lib/wii/libogc.a(lwp_threads.o)
 .text.__lwp_thread_closeall
                0x800168e0       0xb0 /opt/devkitpro/libogc/lib/wii/libogc.a(lwp_threads.o)
                0x800168e0                __lwp_thread_closeall
 .text.__lwp_thread_start
                0x80016990      0x150 /opt/devkitpro/libogc/lib/wii/libogc.a(lwp_threads.o)
                0x80016990                __lwp_thread_start
 .text.__lwp_thread_startmultitasking
                0x80016ae0       0xac /opt/devkitpro/libogc/lib/wii/libogc.a(lwp_threads.o)
                0x80016ae0                __lwp_thread_startmultitasking
 .text.__lwp_thread_stopmultitasking
                0x80016b8c       0x58 /opt/devkitpro/libogc/lib/wii/libogc.a(lwp_threads.o)
                0x80016b8c                __lwp_thread_stopmultitasking
 .text.__lwp_thread_coreinit
                0x80016be4       0xc4 /opt/devkitpro/libogc/lib/wii/libogc.a(lwp_threads.o)
                0x80016be4                __lwp_thread_coreinit
 .text.idle_func
                0x80016ca8        0x4 /opt/devkitpro/libogc/lib/wii/libogc.a(lwp.o)
 .text.__lwp_sysinit
                0x80016cac      0x114 /opt/devkitpro/libogc/lib/wii/libogc.a(lwp.o)
                0x80016cac                __lwp_sysinit
 .text.LWP_SuspendThread
                0x80016dc0       0xc0 /opt/devkitpro/libogc/lib/wii/libogc.a(lwp.o)
                0x80016dc0                LWP_SuspendThread
 .text.LWP_ResumeThread
                0x80016e80       0xd0 /opt/devkitpro/libogc/lib/wii/libogc.a(lwp.o)
                0x80016e80                LWP_ResumeThread
 .text.LWP_GetSelf
                0x80016f50       0x28 /opt/devkitpro/libogc/lib/wii/libogc.a(lwp.o)
                0x80016f50                LWP_GetSelf
 .text.LWP_InitQueue
                0x80016f78      0x140 /opt/devkitpro/libogc/lib/wii/libogc.a(lwp.o)
                0x80016f78                LWP_InitQueue
 .text.LWP_CloseQueue
                0x800170b8       0xd4 /opt/devkitpro/libogc/lib/wii/libogc.a(lwp.o)
                0x800170b8                LWP_CloseQueue
 .text.LWP_ThreadSleep
                0x8001718c       0xf8 /opt/devkitpro/libogc/lib/wii/libogc.a(lwp.o)
                0x8001718c                LWP_ThreadSleep
 .text.LWP_ThreadBroadcast
                0x80017284       0x88 /opt/devkitpro/libogc/lib/wii/libogc.a(lwp.o)
                0x80017284                LWP_ThreadBroadcast
 .text.LWP_ThreadSignal
                0x8001730c       0x74 /opt/devkitpro/libogc/lib/wii/libogc.a(lwp.o)
                0x8001730c                LWP_ThreadSignal
 .text.__lwp_stack_allocate
                0x80017380       0x60 /opt/devkitpro/libogc/lib/wii/libogc.a(lwp_stack.o)
                0x80017380                __lwp_stack_allocate
 .text.__lwp_stack_free
                0x800173e0       0x1c /opt/devkitpro/libogc/lib/wii/libogc.a(lwp_stack.o)
                0x800173e0                __lwp_stack_free
 .text.__lwp_wd_settimer
                0x800173fc       0xe0 /opt/devkitpro/libogc/lib/wii/libogc.a(lwp_watchdog.o)
 .text.__lwp_watchdog_init
                0x800174dc       0x2c /opt/devkitpro/libogc/lib/wii/libogc.a(lwp_watchdog.o)
                0x800174dc                __lwp_watchdog_init
 .text.__lwp_wd_insert
                0x80017508      0x194 /opt/devkitpro/libogc/lib/wii/libogc.a(lwp_watchdog.o)
                0x80017508                __lwp_wd_insert
 .text.__lwp_wd_remove
                0x8001769c      0x138 /opt/devkitpro/libogc/lib/wii/libogc.a(lwp_watchdog.o)
                0x8001769c                __lwp_wd_remove
 .text.__lwp_wd_tickle
                0x800177d4      0x120 /opt/devkitpro/libogc/lib/wii/libogc.a(lwp_watchdog.o)
                0x800177d4                __lwp_wd_tickle
 .text.__lwp_wkspace_init
                0x800178f4       0xc0 /opt/devkitpro/libogc/lib/wii/libogc.a(lwp_wkspace.o)
                0x800178f4                __lwp_wkspace_init
 .text.__lwp_objmgr_initinfo
                0x800179b4      0x1a0 /opt/devkitpro/libogc/lib/wii/libogc.a(lwp_objmgr.o)
                0x800179b4                __lwp_objmgr_initinfo
 .text.__lwp_objmgr_getisrdisable
                0x80017b54       0x60 /opt/devkitpro/libogc/lib/wii/libogc.a(lwp_objmgr.o)
                0x80017b54                __lwp_objmgr_getisrdisable
 .text.__lwp_objmgr_getnoprotection
                0x80017bb4       0x24 /opt/devkitpro/libogc/lib/wii/libogc.a(lwp_objmgr.o)
                0x80017bb4                __lwp_objmgr_getnoprotection
 .text.__lwp_objmgr_get
                0x80017bd8       0x6c /opt/devkitpro/libogc/lib/wii/libogc.a(lwp_objmgr.o)
                0x80017bd8                __lwp_objmgr_get
 .text.__lwp_objmgr_allocate
                0x80017c44       0x88 /opt/devkitpro/libogc/lib/wii/libogc.a(lwp_objmgr.o)
                0x80017c44                __lwp_objmgr_allocate
 .text.__lwp_objmgr_free
                0x80017ccc       0x60 /opt/devkitpro/libogc/lib/wii/libogc.a(lwp_objmgr.o)
                0x80017ccc                __lwp_objmgr_free
 .text.__lwp_heap_init
                0x80017d2c       0xa4 /opt/devkitpro/libogc/lib/wii/libogc.a(lwp_heap.o)
                0x80017d2c                __lwp_heap_init
 .text.__lwp_heap_allocate
                0x80017dd0      0x160 /opt/devkitpro/libogc/lib/wii/libogc.a(lwp_heap.o)
                0x80017dd0                __lwp_heap_allocate
 .text.__lwp_heap_free
                0x80017f30      0x188 /opt/devkitpro/libogc/lib/wii/libogc.a(lwp_heap.o)
                0x80017f30                __lwp_heap_free
 .text.__SetInterrupts
                0x800180b8      0x268 /opt/devkitpro/libogc/lib/wii/libogc.a(irq.o)
 .text.c_irqdispatcher
                0x80018320      0x278 /opt/devkitpro/libogc/lib/wii/libogc.a(irq.o)
                0x80018320                c_irqdispatcher
 .text.__UnmaskIrq
                0x80018598       0x84 /opt/devkitpro/libogc/lib/wii/libogc.a(irq.o)
                0x80018598                __UnmaskIrq
 .text.__MaskIrq
                0x8001861c       0x84 /opt/devkitpro/libogc/lib/wii/libogc.a(irq.o)
                0x8001861c                __MaskIrq
 .text.__irq_init
                0x800186a0       0x9c /opt/devkitpro/libogc/lib/wii/libogc.a(irq.o)
                0x800186a0                __irq_init
 .text.IRQ_Request
                0x8001873c       0x50 /opt/devkitpro/libogc/lib/wii/libogc.a(irq.o)
                0x8001873c                IRQ_Request
 .text.IRQ_GetHandler
                0x8001878c       0x44 /opt/devkitpro/libogc/lib/wii/libogc.a(irq.o)
                0x8001878c                IRQ_GetHandler
 .text.IRQ_Disable
                0x800187d0       0x1c /opt/devkitpro/libogc/lib/wii/libogc.a(irq.o)
                0x800187d0                IRQ_Disable
 .text.IRQ_Restore
                0x800187ec       0x1c /opt/devkitpro/libogc/lib/wii/libogc.a(irq.o)
                0x800187ec                IRQ_Restore
 .text.__VISendI2CData.constprop.0.isra.0
                0x80018808      0x450 /opt/devkitpro/libogc/lib/wii/libogc.a(video.o)
 .text.__setFbbRegs.constprop.0
                0x80018c58      0x190 /opt/devkitpro/libogc/lib/wii/libogc.a(video.o)
 .text.__VISetYUVSEL
                0x80018de8       0xb8 /opt/devkitpro/libogc/lib/wii/libogc.a(video.o)
 .text.VIDEO_Configure
                0x80018ea0      0x5ec /opt/devkitpro/libogc/lib/wii/libogc.a(video.o)
                0x80018ea0                VIDEO_Configure
 .text.VIDEO_WaitVSync
                0x8001948c       0x74 /opt/devkitpro/libogc/lib/wii/libogc.a(video.o)
                0x8001948c                VIDEO_WaitVSync
 .text.VIDEO_SetFramebuffer
                0x80019500      0x108 /opt/devkitpro/libogc/lib/wii/libogc.a(video.o)
                0x80019500                VIDEO_SetFramebuffer
 .text.VIDEO_SetNextFramebuffer
                0x80019608       0x70 /opt/devkitpro/libogc/lib/wii/libogc.a(video.o)
                0x80019608                VIDEO_SetNextFramebuffer
 .text.VIDEO_Flush
                0x80019678       0xf4 /opt/devkitpro/libogc/lib/wii/libogc.a(video.o)
                0x80019678                VIDEO_Flush
 .text.VIDEO_SetBlack
                0x8001976c      0x15c /opt/devkitpro/libogc/lib/wii/libogc.a(video.o)
                0x8001976c                VIDEO_SetBlack
 .text.VIDEO_GetCurrentTvMode
                0x800198c8       0x78 /opt/devkitpro/libogc/lib/wii/libogc.a(video.o)
                0x800198c8                VIDEO_GetCurrentTvMode
 .text.__VIRetraceHandler
                0x80019940      0x298 /opt/devkitpro/libogc/lib/wii/libogc.a(video.o)
 .text.__VISetupEncoder
                0x80019bd8      0x2cc /opt/devkitpro/libogc/lib/wii/libogc.a(video.o)
 .text.VIDEO_Init
                0x80019ea4      0x4e4 /opt/devkitpro/libogc/lib/wii/libogc.a(video.o)
                0x80019ea4                VIDEO_Init
 .text.VIDEO_GetPreferredMode
                0x8001a388      0x108 /opt/devkitpro/libogc/lib/wii/libogc.a(video.o)
                0x8001a388                VIDEO_GetPreferredMode
 .text.VIDEO_GetCurrentLine
                0x8001a490       0x9c /opt/devkitpro/libogc/lib/wii/libogc.a(video.o)
                0x8001a490                VIDEO_GetCurrentLine
 .text.VIDEO_GetFrameBufferSize
                0x8001a52c       0x34 /opt/devkitpro/libogc/lib/wii/libogc.a(video.o)
                0x8001a52c                VIDEO_GetFrameBufferSize
 .text.__call_resetfuncs
                0x8001a560       0xbc /opt/devkitpro/libogc/lib/wii/libogc.a(system.o)
 .text.__MEMInterruptHandler
                0x8001a61c       0x14 /opt/devkitpro/libogc/lib/wii/libogc.a(system.o)
 .text.__RSWDefaultHandler
                0x8001a630        0x4 /opt/devkitpro/libogc/lib/wii/libogc.a(system.o)
 .text.__POWDefaultHandler
                0x8001a634        0x4 /opt/devkitpro/libogc/lib/wii/libogc.a(system.o)
 .text.__STMEventHandler
                0x8001a638      0x104 /opt/devkitpro/libogc/lib/wii/libogc.a(system.o)
 .text.__getrtc
                0x8001a73c      0x13c /opt/devkitpro/libogc/lib/wii/libogc.a(system.o)
 .text.__sram_write
                0x8001a878      0x130 /opt/devkitpro/libogc/lib/wii/libogc.a(system.o)
 .text.__sram_writecallback
                0x8001a9a8       0x54 /opt/devkitpro/libogc/lib/wii/libogc.a(system.o)
 .text.__mem_onreset
                0x8001a9fc       0x48 /opt/devkitpro/libogc/lib/wii/libogc.a(system.o)
 .text.__unlocksram
                0x8001aa44      0x174 /opt/devkitpro/libogc/lib/wii/libogc.a(system.o)
 .text.__sys_alarmhandler
                0x8001abb8      0x154 /opt/devkitpro/libogc/lib/wii/libogc.a(system.o)
 .text.__syscall_malloc_lock
                0x8001ad0c        0x4 /opt/devkitpro/libogc/lib/wii/libogc.a(system.o)
                0x8001ad0c                __syscall_malloc_lock
 .text.__syscall_malloc_unlock
                0x8001ad10        0x4 /opt/devkitpro/libogc/lib/wii/libogc.a(system.o)
                0x8001ad10                __syscall_malloc_unlock
 .text.__syscall_gettod_r
                0x8001ad14        0x4 /opt/devkitpro/libogc/lib/wii/libogc.a(system.o)
                0x8001ad14                __syscall_gettod_r
 .text.__syscall_nanosleep
                0x8001ad18        0x4 /opt/devkitpro/libogc/lib/wii/libogc.a(system.o)
                0x8001ad18                __syscall_nanosleep
 .text.__SYS_GetRTC
                0x8001ad1c       0xa0 /opt/devkitpro/libogc/lib/wii/libogc.a(system.o)
                0x8001ad1c                __SYS_GetRTC
 .text.__SYS_SetBootTime
                0x8001adbc      0x108 /opt/devkitpro/libogc/lib/wii/libogc.a(system.o)
                0x8001adbc                __SYS_SetBootTime
 .text.__SYS_GetIPCBufferLo
                0x8001aec4        0x8 /opt/devkitpro/libogc/lib/wii/libogc.a(system.o)
                0x8001aec4                __SYS_GetIPCBufferLo
 .text.__SYS_GetIPCBufferHi
                0x8001aecc        0x8 /opt/devkitpro/libogc/lib/wii/libogc.a(system.o)
                0x8001aecc                __SYS_GetIPCBufferHi
 .text.__SYS_DoPowerCB
                0x8001aed4       0x74 /opt/devkitpro/libogc/lib/wii/libogc.a(system.o)
                0x8001aed4                __SYS_DoPowerCB
 .text.__SYS_PreInit
                0x8001af48        0x4 /opt/devkitpro/libogc/lib/wii/libogc.a(system.o)
                0x8001af48                __SYS_PreInit
 .text.SYS_PreMain
                0x8001af4c       0x7c /opt/devkitpro/libogc/lib/wii/libogc.a(system.o)
                0x8001af4c                SYS_PreMain
 .text.SYS_ResetButtonDown
                0x8001afc8       0x18 /opt/devkitpro/libogc/lib/wii/libogc.a(system.o)
                0x8001afc8                SYS_ResetButtonDown
 .text.SYS_ResetSystem
                0x8001afe0      0x210 /opt/devkitpro/libogc/lib/wii/libogc.a(system.o)
                0x8001afe0                SYS_ResetSystem
 .text.__reload
                0x8001b1f0       0x80 /opt/devkitpro/libogc/lib/wii/libogc.a(system.o)
                0x8001b1f0                __reload
 .text.__syscall_exit
                0x8001b270       0x88 /opt/devkitpro/libogc/lib/wii/libogc.a(system.o)
                0x8001b270                __syscall_exit
 .text.SYS_RegisterResetFunc
                0x8001b2f8       0x78 /opt/devkitpro/libogc/lib/wii/libogc.a(system.o)
                0x8001b2f8                SYS_RegisterResetFunc
 .text.SYS_SetArena1Lo
                0x8001b370       0x38 /opt/devkitpro/libogc/lib/wii/libogc.a(system.o)
                0x8001b370                SYS_SetArena1Lo
 .text.SYS_GetArena1Lo
                0x8001b3a8       0x38 /opt/devkitpro/libogc/lib/wii/libogc.a(system.o)
                0x8001b3a8                SYS_GetArena1Lo
 .text.SYS_GetArena1Hi
                0x8001b3e0       0x38 /opt/devkitpro/libogc/lib/wii/libogc.a(system.o)
                0x8001b3e0                SYS_GetArena1Hi
 .text.SYS_SetArena2Lo
                0x8001b418       0x38 /opt/devkitpro/libogc/lib/wii/libogc.a(system.o)
                0x8001b418                SYS_SetArena2Lo
 .text.SYS_GetArena2Lo
                0x8001b450       0x38 /opt/devkitpro/libogc/lib/wii/libogc.a(system.o)
                0x8001b450                SYS_GetArena2Lo
 .text.SYS_SetArena2Hi
                0x8001b488       0x38 /opt/devkitpro/libogc/lib/wii/libogc.a(system.o)
                0x8001b488                SYS_SetArena2Hi
 .text.SYS_GetArena2Hi
                0x8001b4c0       0x38 /opt/devkitpro/libogc/lib/wii/libogc.a(system.o)
                0x8001b4c0                SYS_GetArena2Hi
 .text.SYS_AllocateFramebuffer
                0x8001b4f8       0x28 /opt/devkitpro/libogc/lib/wii/libogc.a(system.o)
                0x8001b4f8                SYS_AllocateFramebuffer
 .text.SYS_CreateAlarm
                0x8001b520       0xf0 /opt/devkitpro/libogc/lib/wii/libogc.a(system.o)
                0x8001b520                SYS_CreateAlarm
 .text.SYS_SetAlarm
                0x8001b610      0x1e0 /opt/devkitpro/libogc/lib/wii/libogc.a(system.o)
                0x8001b610                SYS_SetAlarm
 .text.SYS_SetPeriodicAlarm
                0x8001b7f0      0x270 /opt/devkitpro/libogc/lib/wii/libogc.a(system.o)
                0x8001b7f0                SYS_SetPeriodicAlarm
 .text.SYS_RemoveAlarm
                0x8001ba60      0x10c /opt/devkitpro/libogc/lib/wii/libogc.a(system.o)
                0x8001ba60                SYS_RemoveAlarm
 .text.SYS_CancelAlarm
                0x8001bb6c       0xbc /opt/devkitpro/libogc/lib/wii/libogc.a(system.o)
                0x8001bb6c                SYS_CancelAlarm
 .text.SYS_GetWirelessID
                0x8001bc28       0x94 /opt/devkitpro/libogc/lib/wii/libogc.a(system.o)
                0x8001bc28                SYS_GetWirelessID
 .text.SYS_SetWirelessID
                0x8001bcbc       0x90 /opt/devkitpro/libogc/lib/wii/libogc.a(system.o)
                0x8001bcbc                SYS_SetWirelessID
 .text.SYS_SetGBSMode
                0x8001bd4c       0xa8 /opt/devkitpro/libogc/lib/wii/libogc.a(system.o)
                0x8001bd4c                SYS_SetGBSMode
 .text.__sram_init
                0x8001bdf4      0x1b8 /opt/devkitpro/libogc/lib/wii/libogc.a(system.o)
                0x8001bdf4                __sram_init
 .text.SYS_Init
                0x8001bfac      0x5e8 /opt/devkitpro/libogc/lib/wii/libogc.a(system.o)
                0x8001bfac                SYS_Init
 .text.SYS_GetHollywoodRevision
                0x8001c594       0x3c /opt/devkitpro/libogc/lib/wii/libogc.a(system.o)
                0x8001c594                SYS_GetHollywoodRevision
 .text.SYS_Time
                0x8001c5d0       0x78 /opt/devkitpro/libogc/lib/wii/libogc.a(system.o)
                0x8001c5d0                SYS_Time
 .text.__lwp_cond_init
                0x8001c648       0x14 /opt/devkitpro/libogc/lib/wii/libogc.a(cond.o)
                0x8001c648                __lwp_cond_init
 .text.__GX_InitRevBits
                0x8001c65c       0x98 /opt/devkitpro/libogc/lib/wii/libogc.a(gx.o)
 .text.__GXTokenInterruptHandler
                0x8001c6f4       0x6c /opt/devkitpro/libogc/lib/wii/libogc.a(gx.o)
 .text.__GXDefTexRegionCallback
                0x8001c760       0x80 /opt/devkitpro/libogc/lib/wii/libogc.a(gx.o)
 .text.__GXDefTlutRegionCallback
                0x8001c7e0       0x18 /opt/devkitpro/libogc/lib/wii/libogc.a(gx.o)
 .text.__SetSURegs
                0x8001c7f8       0x90 /opt/devkitpro/libogc/lib/wii/libogc.a(gx.o)
 .text.__SETVCDATTR
                0x8001c888      0x230 /opt/devkitpro/libogc/lib/wii/libogc.a(gx.o)
 .text.__SETVCDFMT
                0x8001cab8      0x4cc /opt/devkitpro/libogc/lib/wii/libogc.a(gx.o)
 .text.__GXCPInterruptHandler
                0x8001cf84      0x17c /opt/devkitpro/libogc/lib/wii/libogc.a(gx.o)
 .text.__GXFinishInterruptHandler
                0x8001d100       0x58 /opt/devkitpro/libogc/lib/wii/libogc.a(gx.o)
 .text.GX_SetTexCoordGen2.part.0
                0x8001d158      0x254 /opt/devkitpro/libogc/lib/wii/libogc.a(gx.o)
 .text.GX_InitTexObj.part.0
                0x8001d3ac      0x19c /opt/devkitpro/libogc/lib/wii/libogc.a(gx.o)
 .text.__GX_SetDirtyState
                0x8001d548      0x610 /opt/devkitpro/libogc/lib/wii/libogc.a(gx.o)
 .text.GX_SetCPUFifo
                0x8001db58      0x244 /opt/devkitpro/libogc/lib/wii/libogc.a(gx.o)
                0x8001db58                GX_SetCPUFifo
 .text.GX_SetGPFifo
                0x8001dd9c      0x2ec /opt/devkitpro/libogc/lib/wii/libogc.a(gx.o)
                0x8001dd9c                GX_SetGPFifo
 .text.GX_AbortFrame
                0x8001e088      0x3d8 /opt/devkitpro/libogc/lib/wii/libogc.a(gx.o)
                0x8001e088                GX_AbortFrame
 .text.__gx_onreset
                0x8001e460       0x7c /opt/devkitpro/libogc/lib/wii/libogc.a(gx.o)
 .text.GX_DrawDone
                0x8001e4dc       0xf8 /opt/devkitpro/libogc/lib/wii/libogc.a(gx.o)
                0x8001e4dc                GX_DrawDone
 .text.GX_SetViewport
                0x8001e5d4       0x78 /opt/devkitpro/libogc/lib/wii/libogc.a(gx.o)
                0x8001e5d4                GX_SetViewport
 .text.GX_LoadProjectionMtx
                0x8001e64c       0xf0 /opt/devkitpro/libogc/lib/wii/libogc.a(gx.o)
                0x8001e64c                GX_LoadProjectionMtx
 .text.GX_SetCopyClear
                0x8001e73c       0x4c /opt/devkitpro/libogc/lib/wii/libogc.a(gx.o)
                0x8001e73c                GX_SetCopyClear
 .text.GX_SetDispCopyGamma
                0x8001e788       0x18 /opt/devkitpro/libogc/lib/wii/libogc.a(gx.o)
                0x8001e788                GX_SetDispCopyGamma
 .text.GX_SetCopyFilter
                0x8001e7a0      0x268 /opt/devkitpro/libogc/lib/wii/libogc.a(gx.o)
                0x8001e7a0                GX_SetCopyFilter
 .text.GX_SetDispCopyYScale
                0x8001ea08       0xf8 /opt/devkitpro/libogc/lib/wii/libogc.a(gx.o)
                0x8001ea08                GX_SetDispCopyYScale
 .text.GX_SetDispCopyDst
                0x8001eb00       0x20 /opt/devkitpro/libogc/lib/wii/libogc.a(gx.o)
                0x8001eb00                GX_SetDispCopyDst
 .text.GX_SetDispCopySrc
                0x8001eb20       0x38 /opt/devkitpro/libogc/lib/wii/libogc.a(gx.o)
                0x8001eb20                GX_SetDispCopySrc
 .text.GX_CopyDisp
                0x8001eb58      0x124 /opt/devkitpro/libogc/lib/wii/libogc.a(gx.o)
                0x8001eb58                GX_CopyDisp
 .text.GX_SetVtxDesc
                0x8001ec7c       0x34 /opt/devkitpro/libogc/lib/wii/libogc.a(gx.o)
                0x8001ec7c                GX_SetVtxDesc
 .text.GX_SetVtxAttrFmt
                0x8001ecb0       0x54 /opt/devkitpro/libogc/lib/wii/libogc.a(gx.o)
                0x8001ecb0                GX_SetVtxAttrFmt
 .text.GX_Begin
                0x8001ed04       0x7c /opt/devkitpro/libogc/lib/wii/libogc.a(gx.o)
                0x8001ed04                GX_Begin
 .text.GX_SetTexCoordGen
                0x8001ed80       0x14 /opt/devkitpro/libogc/lib/wii/libogc.a(gx.o)
                0x8001ed80                GX_SetTexCoordGen
 .text.GX_LoadPosMtxImm
                0x8001ed94       0x50 /opt/devkitpro/libogc/lib/wii/libogc.a(gx.o)
                0x8001ed94                GX_LoadPosMtxImm
 .text.GX_SetNumTexGens
                0x8001ede4       0x28 /opt/devkitpro/libogc/lib/wii/libogc.a(gx.o)
                0x8001ede4                GX_SetNumTexGens
 .text.GX_InvVtxCache
                0x8001ee0c       0x14 /opt/devkitpro/libogc/lib/wii/libogc.a(gx.o)
                0x8001ee0c                GX_InvVtxCache
 .text.GX_SetZMode
                0x8001ee20       0x38 /opt/devkitpro/libogc/lib/wii/libogc.a(gx.o)
                0x8001ee20                GX_SetZMode
 .text.GX_InitTexObj
                0x8001ee58        0xc /opt/devkitpro/libogc/lib/wii/libogc.a(gx.o)
                0x8001ee58                GX_InitTexObj
 .text.GX_InitTexObjLOD
                0x8001ee64      0x214 /opt/devkitpro/libogc/lib/wii/libogc.a(gx.o)
                0x8001ee64                GX_InitTexObjLOD
 .text.GX_LoadTexObjPreloaded
                0x8001f078      0x158 /opt/devkitpro/libogc/lib/wii/libogc.a(gx.o)
                0x8001f078                GX_LoadTexObjPreloaded
 .text.GX_LoadTexObj
                0x8001f1d0       0x5c /opt/devkitpro/libogc/lib/wii/libogc.a(gx.o)
                0x8001f1d0                GX_LoadTexObj
 .text.GX_InvalidateTexAll
                0x8001f22c       0x50 /opt/devkitpro/libogc/lib/wii/libogc.a(gx.o)
                0x8001f22c                GX_InvalidateTexAll
 .text.GX_SetBlendMode
                0x8001f27c       0xcc /opt/devkitpro/libogc/lib/wii/libogc.a(gx.o)
                0x8001f27c                GX_SetBlendMode
 .text.GX_ClearVtxDesc
                0x8001f348       0x38 /opt/devkitpro/libogc/lib/wii/libogc.a(gx.o)
                0x8001f348                GX_ClearVtxDesc
 .text.GX_SetTevColorIn
                0x8001f380       0x44 /opt/devkitpro/libogc/lib/wii/libogc.a(gx.o)
                0x8001f380                GX_SetTevColorIn
 .text.GX_SetTevAlphaIn
                0x8001f3c4       0x44 /opt/devkitpro/libogc/lib/wii/libogc.a(gx.o)
                0x8001f3c4                GX_SetTevAlphaIn
 .text.GX_SetTevColorOp
                0x8001f408       0x98 /opt/devkitpro/libogc/lib/wii/libogc.a(gx.o)
                0x8001f408                GX_SetTevColorOp
 .text.GX_SetTevAlphaOp
                0x8001f4a0       0x98 /opt/devkitpro/libogc/lib/wii/libogc.a(gx.o)
                0x8001f4a0                GX_SetTevAlphaOp
 .text.GX_SetTevOp
                0x8001f538      0x16c /opt/devkitpro/libogc/lib/wii/libogc.a(gx.o)
                0x8001f538                GX_SetTevOp
 .text.GX_SetCullMode
                0x8001f6a4       0x2c /opt/devkitpro/libogc/lib/wii/libogc.a(gx.o)
                0x8001f6a4                GX_SetCullMode
 .text.GX_SetScissor
                0x8001f6d0       0x78 /opt/devkitpro/libogc/lib/wii/libogc.a(gx.o)
                0x8001f6d0                GX_SetScissor
 .text.GX_SetNumChans
                0x8001f748       0x28 /opt/devkitpro/libogc/lib/wii/libogc.a(gx.o)
                0x8001f748                GX_SetNumChans
 .text.GX_SetTevOrder
                0x8001f770      0x17c /opt/devkitpro/libogc/lib/wii/libogc.a(gx.o)
                0x8001f770                GX_SetTevOrder
 .text.GX_SetTevKColorSel
                0x8001f8ec       0x54 /opt/devkitpro/libogc/lib/wii/libogc.a(gx.o)
                0x8001f8ec                GX_SetTevKColorSel
 .text.GX_SetTevKAlphaSel
                0x8001f940       0x54 /opt/devkitpro/libogc/lib/wii/libogc.a(gx.o)
                0x8001f940                GX_SetTevKAlphaSel
 .text.GX_SetTevSwapModeTable
                0x8001f994       0x64 /opt/devkitpro/libogc/lib/wii/libogc.a(gx.o)
                0x8001f994                GX_SetTevSwapModeTable
 .text.GX_SetFog
                0x8001f9f8      0x244 /opt/devkitpro/libogc/lib/wii/libogc.a(gx.o)
                0x8001f9f8                GX_SetFog
 .text.GX_SetColorUpdate
                0x8001fc3c       0x30 /opt/devkitpro/libogc/lib/wii/libogc.a(gx.o)
                0x8001fc3c                GX_SetColorUpdate
 .text.GX_SetAlphaUpdate
                0x8001fc6c       0x30 /opt/devkitpro/libogc/lib/wii/libogc.a(gx.o)
                0x8001fc6c                GX_SetAlphaUpdate
 .text.GX_SetPixelFmt
                0x8001fc9c       0xe0 /opt/devkitpro/libogc/lib/wii/libogc.a(gx.o)
                0x8001fc9c                GX_SetPixelFmt
 .text.GX_SetFieldMode
                0x8001fd7c       0x58 /opt/devkitpro/libogc/lib/wii/libogc.a(gx.o)
                0x8001fd7c                GX_SetFieldMode
 .text.GX_SetGPMetric
                0x8001fdd4      0x7fc /opt/devkitpro/libogc/lib/wii/libogc.a(gx.o)
                0x8001fdd4                GX_SetGPMetric
 .text.GX_Init  0x800205d0     0x1194 /opt/devkitpro/libogc/lib/wii/libogc.a(gx.o)
                0x800205d0                GX_Init
 .text.GX_GetYScaleFactor
                0x80021764      0x2b4 /opt/devkitpro/libogc/lib/wii/libogc.a(gx.o)
                0x80021764                GX_GetYScaleFactor
 .text.guOrtho  0x80021a18       0x98 /opt/devkitpro/libogc/lib/wii/libogc.a(gu.o)
                0x80021a18                guOrtho
 .text.__decrementer_init
                0x80021ab0        0x4 /opt/devkitpro/libogc/lib/wii/libogc.a(decrementer.o)
                0x80021ab0                __decrementer_init
 .text.c_decrementer_handler
                0x80021ab4        0xc /opt/devkitpro/libogc/lib/wii/libogc.a(decrementer.o)
                0x80021ab4                c_decrementer_handler
 .text.__lwp_mqbox_init
                0x80021ac0       0x14 /opt/devkitpro/libogc/lib/wii/libogc.a(message.o)
                0x80021ac0                __lwp_mqbox_init
 .text.__si_transfer
                0x80021ad4      0x1a4 /opt/devkitpro/libogc/lib/wii/libogc.a(si.o)
 .text.__si_alarmhandler
                0x80021c78       0xdc /opt/devkitpro/libogc/lib/wii/libogc.a(si.o)
 .text.__si_completetransfer
                0x80021d54      0x1fc /opt/devkitpro/libogc/lib/wii/libogc.a(si.o)
 .text.__si_transfernext
                0x80021f50       0xe0 /opt/devkitpro/libogc/lib/wii/libogc.a(si.o)
 .text.SI_Busy  0x80022030       0x18 /opt/devkitpro/libogc/lib/wii/libogc.a(si.o)
                0x80022030                SI_Busy
 .text.SI_IsChanBusy
                0x80022048       0x38 /opt/devkitpro/libogc/lib/wii/libogc.a(si.o)
                0x80022048                SI_IsChanBusy
 .text.SI_SetXY
                0x80022080       0x64 /opt/devkitpro/libogc/lib/wii/libogc.a(si.o)
                0x80022080                SI_SetXY
 .text.SI_EnablePolling
                0x800220e4       0x80 /opt/devkitpro/libogc/lib/wii/libogc.a(si.o)
                0x800220e4                SI_EnablePolling
 .text.SI_DisablePolling
                0x80022164       0x58 /opt/devkitpro/libogc/lib/wii/libogc.a(si.o)
                0x80022164                SI_DisablePolling
 .text.SI_SetSamplingRate
                0x800221bc       0xd8 /opt/devkitpro/libogc/lib/wii/libogc.a(si.o)
                0x800221bc                SI_SetSamplingRate
 .text.SI_RefreshSamplingRate
                0x80022294        0x8 /opt/devkitpro/libogc/lib/wii/libogc.a(si.o)
                0x80022294                SI_RefreshSamplingRate
 .text.SI_GetStatus
                0x8002229c       0x78 /opt/devkitpro/libogc/lib/wii/libogc.a(si.o)
                0x8002229c                SI_GetStatus
 .text.SI_GetResponseRaw
                0x80022314       0xe8 /opt/devkitpro/libogc/lib/wii/libogc.a(si.o)
                0x80022314                SI_GetResponseRaw
 .text.SI_GetResponse
                0x800223fc       0xb8 /opt/devkitpro/libogc/lib/wii/libogc.a(si.o)
                0x800223fc                SI_GetResponse
 .text.SI_SetCommand
                0x800224b4       0x10 /opt/devkitpro/libogc/lib/wii/libogc.a(si.o)
                0x800224b4                SI_SetCommand
 .text.SI_Transfer
                0x800224c4      0x26c /opt/devkitpro/libogc/lib/wii/libogc.a(si.o)
                0x800224c4                SI_Transfer
 .text.__si_gettypecallback
                0x80022730      0x2c0 /opt/devkitpro/libogc/lib/wii/libogc.a(si.o)
 .text.__si_interrupthandler
                0x800229f0      0x268 /opt/devkitpro/libogc/lib/wii/libogc.a(si.o)
 .text.SI_GetType
                0x80022c58      0x1f4 /opt/devkitpro/libogc/lib/wii/libogc.a(si.o)
                0x80022c58                SI_GetType
 .text.SI_GetTypeAsync
                0x80022e4c      0x138 /opt/devkitpro/libogc/lib/wii/libogc.a(si.o)
                0x80022e4c                SI_GetTypeAsync
 .text.SI_EnablePollingInterrupt
                0x80022f84       0x8c /opt/devkitpro/libogc/lib/wii/libogc.a(si.o)
                0x80022f84                SI_EnablePollingInterrupt
 .text.SI_UnregisterPollingHandler
                0x80023010       0xe0 /opt/devkitpro/libogc/lib/wii/libogc.a(si.o)
                0x80023010                SI_UnregisterPollingHandler
 .text.__si_init
                0x800230f0       0xe8 /opt/devkitpro/libogc/lib/wii/libogc.a(si.o)
                0x800230f0                __si_init
 .text.TPL_GetTextureSize
                0x800231d8       0x9c /opt/devkitpro/libogc/lib/wii/libogc.a(tpl.o)
 .text.TPL_OpenTPLFromMemory
                0x80023274       0xa4 /opt/devkitpro/libogc/lib/wii/libogc.a(tpl.o)
                0x80023274                TPL_OpenTPLFromMemory
 .text.TPL_GetTexture
                0x80023318      0x200 /opt/devkitpro/libogc/lib/wii/libogc.a(tpl.o)
                0x80023318                TPL_GetTexture
 .text.__ipc_sendrequest
                0x80023518      0x104 /opt/devkitpro/libogc/lib/wii/libogc.a(ipc.o)
 .text.__ipc_syncrequest
                0x8002361c       0xe4 /opt/devkitpro/libogc/lib/wii/libogc.a(ipc.o)
 .text.__ioctlvfmtCB
                0x80023700      0x158 /opt/devkitpro/libogc/lib/wii/libogc.a(ipc.o)
 .text.__ios_ioctlvformat_parse
                0x80023858      0x820 /opt/devkitpro/libogc/lib/wii/libogc.a(ipc.o)
 .text.__ipc_asyncrequest
                0x80024078      0x13c /opt/devkitpro/libogc/lib/wii/libogc.a(ipc.o)
 .text.__ipc_interrupthandler
                0x800241b4      0x34c /opt/devkitpro/libogc/lib/wii/libogc.a(ipc.o)
 .text.iosCreateHeap
                0x80024500      0x130 /opt/devkitpro/libogc/lib/wii/libogc.a(ipc.o)
                0x80024500                iosCreateHeap
 .text.iosAlloc
                0x80024630       0x30 /opt/devkitpro/libogc/lib/wii/libogc.a(ipc.o)
                0x80024630                iosAlloc
 .text.iosFree  0x80024660       0x28 /opt/devkitpro/libogc/lib/wii/libogc.a(ipc.o)
                0x80024660                iosFree
 .text.__IPC_ClntInit
                0x80024688       0xc8 /opt/devkitpro/libogc/lib/wii/libogc.a(ipc.o)
                0x80024688                __IPC_ClntInit
 .text.IOS_Open
                0x80024750      0x110 /opt/devkitpro/libogc/lib/wii/libogc.a(ipc.o)
                0x80024750                IOS_Open
 .text.IOS_Close
                0x80024860       0xf0 /opt/devkitpro/libogc/lib/wii/libogc.a(ipc.o)
                0x80024860                IOS_Close
 .text.IOS_CloseAsync
                0x80024950       0xb4 /opt/devkitpro/libogc/lib/wii/libogc.a(ipc.o)
                0x80024950                IOS_CloseAsync
 .text.IOS_Read
                0x80024a04      0x10c /opt/devkitpro/libogc/lib/wii/libogc.a(ipc.o)
                0x80024a04                IOS_Read
 .text.IOS_Write
                0x80024b10      0x10c /opt/devkitpro/libogc/lib/wii/libogc.a(ipc.o)
                0x80024b10                IOS_Write
 .text.IOS_Ioctl
                0x80024c1c      0x158 /opt/devkitpro/libogc/lib/wii/libogc.a(ipc.o)
                0x80024c1c                IOS_Ioctl
 .text.IOS_IoctlAsync
                0x80024d74      0x148 /opt/devkitpro/libogc/lib/wii/libogc.a(ipc.o)
                0x80024d74                IOS_IoctlAsync
 .text.IOS_Ioctlv
                0x80024ebc      0x1f0 /opt/devkitpro/libogc/lib/wii/libogc.a(ipc.o)
                0x80024ebc                IOS_Ioctlv
 .text.IOS_IoctlvAsync
                0x800250ac      0x1d4 /opt/devkitpro/libogc/lib/wii/libogc.a(ipc.o)
                0x800250ac                IOS_IoctlvAsync
 .text.IOS_IoctlvFormat
                0x80025280      0x16c /opt/devkitpro/libogc/lib/wii/libogc.a(ipc.o)
                0x80025280                IOS_IoctlvFormat
 .text.IOS_IoctlvReboot
                0x800253ec      0x1f4 /opt/devkitpro/libogc/lib/wii/libogc.a(ipc.o)
                0x800253ec                IOS_IoctlvReboot
 .text.gettick  0x800255e0        0x8 /opt/devkitpro/libogc/lib/wii/libogc.a(timesupp.o)
                0x800255e0                gettick
 .text.gettime  0x800255e8       0x18 /opt/devkitpro/libogc/lib/wii/libogc.a(timesupp.o)
                0x800255e8                gettime
 .text.settime  0x80025600       0x14 /opt/devkitpro/libogc/lib/wii/libogc.a(timesupp.o)
                0x80025600                settime
 .text.diff_usec
                0x80025614       0x88 /opt/devkitpro/libogc/lib/wii/libogc.a(timesupp.o)
                0x80025614                diff_usec
 .text.__timesystem_init
                0x8002569c       0x1c /opt/devkitpro/libogc/lib/wii/libogc.a(timesupp.o)
                0x8002569c                __timesystem_init
 .text.udelay   0x800256b8       0xac /opt/devkitpro/libogc/lib/wii/libogc.a(timesupp.o)
                0x800256b8                udelay
 .text.__libogc_nanosleep
                0x80025764      0x144 /opt/devkitpro/libogc/lib/wii/libogc.a(timesupp.o)
                0x80025764                __libogc_nanosleep
 .text.__libogc_gettod_r
                0x800258a8       0xd4 /opt/devkitpro/libogc/lib/wii/libogc.a(timesupp.o)
                0x800258a8                __libogc_gettod_r
 .text.__syscall_lock_init
                0x8002597c       0x6c /opt/devkitpro/libogc/lib/wii/libogc.a(lock_supp.o)
                0x8002597c                __syscall_lock_init
 .text.__syscall_lock_init_recursive
                0x800259e8       0x6c /opt/devkitpro/libogc/lib/wii/libogc.a(lock_supp.o)
                0x800259e8                __syscall_lock_init_recursive
 .text.__syscall_lock_close
                0x80025a54       0x68 /opt/devkitpro/libogc/lib/wii/libogc.a(lock_supp.o)
                0x80025a54                __syscall_lock_close
 .text.__syscall_lock_acquire
                0x80025abc       0x18 /opt/devkitpro/libogc/lib/wii/libogc.a(lock_supp.o)
                0x80025abc                __syscall_lock_acquire
 .text.__syscall_lock_release
                0x80025ad4       0x18 /opt/devkitpro/libogc/lib/wii/libogc.a(lock_supp.o)
                0x80025ad4                __syscall_lock_release
 .text._sbrk_r  0x80025aec      0x28c /opt/devkitpro/libogc/lib/wii/libogc.a(sbrk.o)
                0x80025aec                _sbrk_r
 .text.__memlock_init
                0x80025d78       0x7c /opt/devkitpro/libogc/lib/wii/libogc.a(malloc_lock.o)
                0x80025d78                __memlock_init
 .text.__libogc_malloc_lock
                0x80025df4      0x1fc /opt/devkitpro/libogc/lib/wii/libogc.a(malloc_lock.o)
                0x80025df4                __libogc_malloc_lock
 .text.__libogc_malloc_unlock
                0x80025ff0       0x64 /opt/devkitpro/libogc/lib/wii/libogc.a(malloc_lock.o)
                0x80025ff0                __libogc_malloc_unlock
 .text.__STM_SetEventHook
                0x80026054       0xb0 /opt/devkitpro/libogc/lib/wii/libogc.a(stm.o)
                0x80026054                __STM_SetEventHook
 .text.__STM_Init
                0x80026104       0x8c /opt/devkitpro/libogc/lib/wii/libogc.a(stm.o)
                0x80026104                __STM_Init
 .text.__STMEventHandler
                0x80026190       0x64 /opt/devkitpro/libogc/lib/wii/libogc.a(stm.o)
 .text.__STM_ReleaseEventHook
                0x800261f4       0x80 /opt/devkitpro/libogc/lib/wii/libogc.a(stm.o)
                0x800261f4                __STM_ReleaseEventHook
 .text.__STM_Close
                0x80026274       0xac /opt/devkitpro/libogc/lib/wii/libogc.a(stm.o)
                0x80026274                __STM_Close
 .text.STM_RegisterEventHandler
                0x80026320       0x10 /opt/devkitpro/libogc/lib/wii/libogc.a(stm.o)
                0x80026320                STM_RegisterEventHandler
 .text.STM_ShutdownToStandby
                0x80026330       0x50 /opt/devkitpro/libogc/lib/wii/libogc.a(stm.o)
                0x80026330                STM_ShutdownToStandby
 .text.STM_ShutdownToIdle
                0x80026380       0x70 /opt/devkitpro/libogc/lib/wii/libogc.a(stm.o)
                0x80026380                STM_ShutdownToIdle
 .text.STM_SetLedMode
                0x800263f0       0x40 /opt/devkitpro/libogc/lib/wii/libogc.a(stm.o)
                0x800263f0                STM_SetLedMode
 .text.STM_RebootSystem
                0x80026430       0x50 /opt/devkitpro/libogc/lib/wii/libogc.a(stm.o)
                0x80026430                STM_RebootSystem
 .text.__IOS_InitializeSubsystems
                0x80026480       0x44 /opt/devkitpro/libogc/lib/wii/libogc.a(ios.o)
                0x80026480                __IOS_InitializeSubsystems
 .text.__IOS_ShutdownSubsystems
                0x800264c4       0x44 /opt/devkitpro/libogc/lib/wii/libogc.a(ios.o)
                0x800264c4                __IOS_ShutdownSubsystems
 .text.__IOS_LoadStartupIOS
                0x80026508        0x8 /opt/devkitpro/libogc/lib/wii/libogc.a(ios.o)
                0x80026508                __IOS_LoadStartupIOS
 .text._ES_fstat_r
                0x80026510      0x120 /opt/devkitpro/libogc/lib/wii/libogc.a(es.o)
 .text._ES_seek_r
                0x80026630       0xdc /opt/devkitpro/libogc/lib/wii/libogc.a(es.o)
 .text._ES_close_r
                0x8002670c       0xac /opt/devkitpro/libogc/lib/wii/libogc.a(es.o)
 .text.__ES_Init
                0x800267b8       0x78 /opt/devkitpro/libogc/lib/wii/libogc.a(es.o)
                0x800267b8                __ES_Init
 .text.__ES_Close
                0x80026830       0x54 /opt/devkitpro/libogc/lib/wii/libogc.a(es.o)
                0x80026830                __ES_Close
 .text.ES_GetTitleID
                0x80026884       0x94 /opt/devkitpro/libogc/lib/wii/libogc.a(es.o)
                0x80026884                ES_GetTitleID
 .text.ES_LaunchTitle
                0x80026918       0xa4 /opt/devkitpro/libogc/lib/wii/libogc.a(es.o)
                0x80026918                ES_LaunchTitle
 .text.ES_GetNumTicketViews
                0x800269bc       0x98 /opt/devkitpro/libogc/lib/wii/libogc.a(es.o)
                0x800269bc                ES_GetNumTicketViews
 .text.ES_GetTicketViews
                0x80026a54       0x8c /opt/devkitpro/libogc/lib/wii/libogc.a(es.o)
                0x80026a54                ES_GetTicketViews
 .text.ES_GetStoredTMD
                0x80026ae0       0x90 /opt/devkitpro/libogc/lib/wii/libogc.a(es.o)
                0x80026ae0                ES_GetStoredTMD
 .text._ES_decodepath
                0x80026b70      0x440 /opt/devkitpro/libogc/lib/wii/libogc.a(es.o)
 .text._ES_stat_r
                0x80026fb0       0xf4 /opt/devkitpro/libogc/lib/wii/libogc.a(es.o)
 .text._ES_open_r
                0x800270a4      0x1d0 /opt/devkitpro/libogc/lib/wii/libogc.a(es.o)
 .text.ES_ReadContent
                0x80027274       0x6c /opt/devkitpro/libogc/lib/wii/libogc.a(es.o)
                0x80027274                ES_ReadContent
 .text._ES_read_r
                0x800272e0      0x17c /opt/devkitpro/libogc/lib/wii/libogc.a(es.o)
 .text.__usbv5_devicechangeCB
                0x8002745c      0x180 /opt/devkitpro/libogc/lib/wii/libogc.a(usb.o)
 .text.__usbv5_attachfinishCB
                0x800275dc       0xcc /opt/devkitpro/libogc/lib/wii/libogc.a(usb.o)
 .text.__usbv5_messageCB
                0x800276a8       0x5c /opt/devkitpro/libogc/lib/wii/libogc.a(usb.o)
 .text.__usbv0_messageCB
                0x80027704       0xa8 /opt/devkitpro/libogc/lib/wii/libogc.a(usb.o)
 .text.__usb_control_message
                0x800277ac      0x428 /opt/devkitpro/libogc/lib/wii/libogc.a(usb.o)
 .text.__usb_interrupt_bulk_message
                0x80027bd4      0x2c0 /opt/devkitpro/libogc/lib/wii/libogc.a(usb.o)
 .text.USB_FreeDescriptors.part.0
                0x80027e94       0xfc /opt/devkitpro/libogc/lib/wii/libogc.a(usb.o)
 .text.USB_GetDescriptors.part.0
                0x80027f90      0x674 /opt/devkitpro/libogc/lib/wii/libogc.a(usb.o)
 .text.USBV5_SuspendResume
                0x80028604      0x138 /opt/devkitpro/libogc/lib/wii/libogc.a(usb.o)
 .text.USBV5_GetDescriptors
                0x8002873c      0x518 /opt/devkitpro/libogc/lib/wii/libogc.a(usb.o)
 .text.USB_Deinitialize
                0x80028c54       0xc8 /opt/devkitpro/libogc/lib/wii/libogc.a(usb.o)
                0x80028c54                USB_Deinitialize
 .text.USB_Initialize
                0x80028d1c      0x2f8 /opt/devkitpro/libogc/lib/wii/libogc.a(usb.o)
                0x80028d1c                USB_Initialize
 .text.USB_OpenDevice
                0x80029014      0x2b8 /opt/devkitpro/libogc/lib/wii/libogc.a(usb.o)
                0x80029014                USB_OpenDevice
 .text.USBV5_CloseDevice
                0x800292cc      0x128 /opt/devkitpro/libogc/lib/wii/libogc.a(usb.o)
                0x800292cc                USBV5_CloseDevice
 .text.USB_CloseDeviceAsync
                0x800293f4       0xd0 /opt/devkitpro/libogc/lib/wii/libogc.a(usb.o)
                0x800293f4                USB_CloseDeviceAsync
 .text.USB_ReadIntrMsgAsync
                0x800294c4       0x28 /opt/devkitpro/libogc/lib/wii/libogc.a(usb.o)
                0x800294c4                USB_ReadIntrMsgAsync
 .text.USB_ReadBlkMsgAsync
                0x800294ec       0x28 /opt/devkitpro/libogc/lib/wii/libogc.a(usb.o)
                0x800294ec                USB_ReadBlkMsgAsync
 .text.USB_WriteBlkMsgAsync
                0x80029514       0x28 /opt/devkitpro/libogc/lib/wii/libogc.a(usb.o)
                0x80029514                USB_WriteBlkMsgAsync
 .text.USB_WriteCtrlMsgAsync
                0x8002953c        0x4 /opt/devkitpro/libogc/lib/wii/libogc.a(usb.o)
                0x8002953c                USB_WriteCtrlMsgAsync
 .text.__CheckARGV
                0x80029540       0x80 /opt/devkitpro/libogc/lib/wii/libogc.a(argv.o)
                0x80029540                __CheckARGV
 .text.CONF_Init
                0x800295c0      0x184 /opt/devkitpro/libogc/lib/wii/libogc.a(conf.o)
                0x800295c0                CONF_Init
 .text.__CONF_GetTxt
                0x80029744      0x208 /opt/devkitpro/libogc/lib/wii/libogc.a(conf.o)
                0x80029744                __CONF_GetTxt
 .text.__CONF_Find
                0x8002994c       0xfc /opt/devkitpro/libogc/lib/wii/libogc.a(conf.o)
                0x8002994c                __CONF_Find
 .text.CONF_GetLength
                0x80029a48      0x12c /opt/devkitpro/libogc/lib/wii/libogc.a(conf.o)
                0x80029a48                CONF_GetLength
 .text.CONF_Get
                0x80029b74      0x140 /opt/devkitpro/libogc/lib/wii/libogc.a(conf.o)
                0x80029b74                CONF_Get
 .text.CONF_GetShutdownMode
                0x80029cb4       0x54 /opt/devkitpro/libogc/lib/wii/libogc.a(conf.o)
                0x80029cb4                CONF_GetShutdownMode
 .text.CONF_GetIdleLedMode
                0x80029d08       0x54 /opt/devkitpro/libogc/lib/wii/libogc.a(conf.o)
                0x80029d08                CONF_GetIdleLedMode
 .text.CONF_GetProgressiveScan
                0x80029d5c       0x54 /opt/devkitpro/libogc/lib/wii/libogc.a(conf.o)
                0x80029d5c                CONF_GetProgressiveScan
 .text.CONF_GetEuRGB60
                0x80029db0       0x54 /opt/devkitpro/libogc/lib/wii/libogc.a(conf.o)
                0x80029db0                CONF_GetEuRGB60
 .text.CONF_GetIRSensitivity
                0x80029e04       0x54 /opt/devkitpro/libogc/lib/wii/libogc.a(conf.o)
                0x80029e04                CONF_GetIRSensitivity
 .text.CONF_GetSensorBarPosition
                0x80029e58       0x54 /opt/devkitpro/libogc/lib/wii/libogc.a(conf.o)
                0x80029e58                CONF_GetSensorBarPosition
 .text.CONF_GetCounterBias
                0x80029eac       0x4c /opt/devkitpro/libogc/lib/wii/libogc.a(conf.o)
                0x80029eac                CONF_GetCounterBias
 .text.CONF_GetDisplayOffsetH
                0x80029ef8       0x4c /opt/devkitpro/libogc/lib/wii/libogc.a(conf.o)
                0x80029ef8                CONF_GetDisplayOffsetH
 .text.CONF_GetPadDevices
                0x80029f44       0x4c /opt/devkitpro/libogc/lib/wii/libogc.a(conf.o)
                0x80029f44                CONF_GetPadDevices
 .text.CONF_GetVideo
                0x80029f90       0x88 /opt/devkitpro/libogc/lib/wii/libogc.a(conf.o)
                0x80029f90                CONF_GetVideo
 .text.__WII_WriteNANDBootInfo.isra.0
                0x8002a018       0xbc /opt/devkitpro/libogc/lib/wii/libogc.a(wiilaunch.o)
 .text.__WII_WriteStateFlags.isra.0
                0x8002a0d4       0x94 /opt/devkitpro/libogc/lib/wii/libogc.a(wiilaunch.o)
 .text.WII_Initialize
                0x8002a168      0x188 /opt/devkitpro/libogc/lib/wii/libogc.a(wiilaunch.o)
                0x8002a168                WII_Initialize
 .text.WII_LaunchTitle
                0x8002a2f0      0x1ac /opt/devkitpro/libogc/lib/wii/libogc.a(wiilaunch.o)
                0x8002a2f0                WII_LaunchTitle
 .text.WII_ReturnToMenu
                0x8002a49c       0x58 /opt/devkitpro/libogc/lib/wii/libogc.a(wiilaunch.o)
                0x8002a49c                WII_ReturnToMenu
 .text.__lwp_priority_init
                0x8002a4f4       0x1c /opt/devkitpro/libogc/lib/wii/libogc.a(lwp_priority.o)
                0x8002a4f4                __lwp_priority_init
 .text.__lwp_threadqueue_enqueuefifo
                0x8002a510      0x12c /opt/devkitpro/libogc/lib/wii/libogc.a(lwp_threadq.o)
                0x8002a510                __lwp_threadqueue_enqueuefifo
 .text.__lwp_threadqueue_dequeuefifo
                0x8002a63c      0x134 /opt/devkitpro/libogc/lib/wii/libogc.a(lwp_threadq.o)
                0x8002a63c                __lwp_threadqueue_dequeuefifo
 .text.__lwp_threadqueue_enqueuepriority
                0x8002a770      0x334 /opt/devkitpro/libogc/lib/wii/libogc.a(lwp_threadq.o)
                0x8002a770                __lwp_threadqueue_enqueuepriority
 .text.__lwp_threadqueue_dequeuepriority
                0x8002aaa4      0x1d8 /opt/devkitpro/libogc/lib/wii/libogc.a(lwp_threadq.o)
                0x8002aaa4                __lwp_threadqueue_dequeuepriority
 .text.__lwp_threadqueue_init
                0x8002ac7c       0x64 /opt/devkitpro/libogc/lib/wii/libogc.a(lwp_threadq.o)
                0x8002ac7c                __lwp_threadqueue_init
 .text.__lwp_threadqueue_enqueue
                0x8002ace0      0x138 /opt/devkitpro/libogc/lib/wii/libogc.a(lwp_threadq.o)
                0x8002ace0                __lwp_threadqueue_enqueue
 .text.__lwp_threadqueue_dequeue
                0x8002ae18       0x24 /opt/devkitpro/libogc/lib/wii/libogc.a(lwp_threadq.o)
                0x8002ae18                __lwp_threadqueue_dequeue
 .text.__lwp_threadqueue_flush
                0x8002ae3c       0x68 /opt/devkitpro/libogc/lib/wii/libogc.a(lwp_threadq.o)
                0x8002ae3c                __lwp_threadqueue_flush
 .text.__lwp_threadqueue_extractfifo
                0x8002aea4       0xe8 /opt/devkitpro/libogc/lib/wii/libogc.a(lwp_threadq.o)
                0x8002aea4                __lwp_threadqueue_extractfifo
 .text.__lwp_threadqueue_extractpriority
                0x8002af8c      0x148 /opt/devkitpro/libogc/lib/wii/libogc.a(lwp_threadq.o)
                0x8002af8c                __lwp_threadqueue_extractpriority
 .text.__lwp_threadqueue_timeout